ARM Linker, 5.03 [Build 76] [MDK-ARM Standard]

==============================================================================

Section Cross References

    main.o(.text) refers to boot.o(.text) for boot
    main.o(.text) refers to imu.o(.text) for imu
    main.o(.text) refers to referee.o(.text) for send_odm_msg
    main.o(.text) refers to main.o(.bss) for Send_data
    delay.o(.text) refers to misc.o(.text) for SysTick_CLKSourceConfig
    delay.o(.text) refers to delay.o(.data) for fac_us
    boot.o(.text) refers to delay.o(.text) for delay_init
    boot.o(.text) refers to referee.o(.text) for refereeConfig
    boot.o(.text) refers to communication.o(.text) for can2Config
    boot.o(.text) refers to i2c.o(.text) for I2C_INIT
    boot.o(.text) refers to 6050.o(.text) for InitMPU6050
    boot.o(.text) refers to clock.o(.text) for sysConfig
    clock.o(.text) refers to stm32f4xx_rcc.o(.text) for RCC_APB1PeriphClockCmd
    clock.o(.text) refers to stm32f4xx_tim.o(.text) for TIM_ARRPreloadConfig
    clock.o(.text) refers to misc.o(.text) for NVIC_PriorityGroupConfig
    clock.o(.text) refers to controltask.o(.text) for runControl
    clock.o(.text) refers to controltask.o(.data) for sys
    communication.o(.text) refers to stm32f4xx_rcc.o(.text) for RCC_APB1PeriphClockCmd
    communication.o(.text) refers to stm32f4xx_gpio.o(.text) for GPIO_PinAFConfig
    communication.o(.text) refers to stm32f4xx_tim.o(.text) for TIM_TimeBaseInit
    communication.o(.text) refers to misc.o(.text) for NVIC_Init
    communication.o(.text) refers to stm32f4xx_can.o(.text) for CAN_DeInit
    communication.o(.text) refers to stm32f4xx_usart.o(.text) for USART_DeInit
    communication.o(.text) refers to stm32f4xx_dma.o(.text) for DMA_DeInit
    communication.o(.text) refers to comunicatetask.o(.text) for readRemote
    communication.o(.text) refers to communication.o(.bss) for sbus_rx_buffer
    communication.o(.text) refers to communication.o(.data) for this_time_rx_len
    communication.o(.text) refers to comunicatetask.o(.bss) for remote
    communication.o(.text) refers to chassistask.o(.bss) for wheelInfo
    iwdg.o(.text) refers to stm32f4xx_iwdg.o(.text) for IWDG_WriteAccessCmd
    6050.o(.text) refers to i2c.o(.text) for Single_Write
    6050.o(.text) refers to delay.o(.text) for delay_ms
    6050.o(.text) refers to 6050.o(.data) for TAddr
    6050.o(.text) refers to 6050.o(.bss) for mpu6050_buffer
    i2c.o(.text) refers to stm32f4xx_rcc.o(.text) for RCC_AHB1PeriphClockCmd
    i2c.o(.text) refers to stm32f4xx_gpio.o(.text) for GPIO_Init
    imu.o(.text) refers to clock.o(.text) for Get_Time_Micros
    imu.o(.text) refers to f2d.o(.text) for __aeabi_f2d
    imu.o(.text) refers to imu.o(.data) for q0
    imu.o(.text) refers to atan2.o(i.__hardfp_atan2) for __hardfp_atan2
    imu.o(.text) refers to dmul.o(.text) for __aeabi_dmul
    imu.o(.text) refers to d2f.o(.text) for __aeabi_d2f
    imu.o(.text) refers to asin.o(i.__hardfp_asin) for __hardfp_asin
    imu.o(.text) refers to dadd.o(.text) for __aeabi_dadd
    imu.o(.text) refers to ddiv.o(.text) for __aeabi_ddiv
    imu.o(.text) refers to imu.o(.bss) for angle
    imu.o(.text) refers to 6050.o(.bss) for sensor
    imu.o(.text) refers to chassistask.o(.bss) for chassisPara
    imu.o(.text) refers to 6050.o(.text) for MPU6050_Read
    imu.o(.text) refers to dflti.o(.text) for __aeabi_i2d
    imu.o(.text) refers to dfixi.o(.text) for __aeabi_d2iz
    controltask.o(.text) refers to chassistask.o(.text) for allParaInit
    controltask.o(.text) refers to stm32f4xx_tim.o(.text) for TIM_SetCompare4
    controltask.o(.text) refers to comunicatetask.o(.text) for commuiModeChange
    controltask.o(.text) refers to controltask.o(.data) for flag
    controltask.o(.text) refers to comunicatetask.o(.bss) for remote
    controltask.o(.text) refers to chassistask.o(.bss) for chassisPara
    comunicatetask.o(.text) refers to f2d.o(.text) for __aeabi_f2d
    comunicatetask.o(.text) refers to exp.o(i.__hardfp_exp) for __hardfp_exp
    comunicatetask.o(.text) refers to d2f.o(.text) for __aeabi_d2f
    comunicatetask.o(.text) refers to comunicatetask.o(.bss) for key
    comunicatetask.o(.text) refers to comunicatetask.o(.data) for speed
    comunicatetask.o(.text) refers to myfunc.o(.text) for amplitudeLimiting
    comunicatetask.o(.text) refers to stm32f4xx_can.o(.text) for CAN_Transmit
    chassistask.o(.text) refers to memcpya.o(.text) for __aeabi_memcpy4
    chassistask.o(.text) refers to myfunc.o(.text) for amplitudeLimiting
    chassistask.o(.text) refers to pidtask.o(.text) for pidGet
    chassistask.o(.text) refers to chassistask.o(.data) for wheelpid
    chassistask.o(.text) refers to chassistask.o(.bss) for wheelInfo
    chassistask.o(.text) refers to comunicatetask.o(.bss) for remote
    chassistask.o(.text) refers to main.o(.bss) for Send_data
    pidtask.o(.text) refers to myfunc.o(.text) for amplitudeLimiting
    pidtask.o(.text) refers to chassistask.o(.bss) for chassisPara
[...]
    Removing delay.o(.rev16_text), (4 bytes).
    Removing delay.o(.revsh_text), (4 bytes).
    Removing boot.o(.rev16_text), (4 bytes).
    Removing boot.o(.revsh_text), (4 bytes).
    Removing clock.o(.rev16_text), (4 bytes).
    Removing clock.o(.revsh_text), (4 bytes).
    Removing communication.o(.rev16_text), (4 bytes).
    Removing communication.o(.revsh_text), (4 bytes).
    Removing myfunc.o(.rev16_text), (4 bytes).
    Removing myfunc.o(.revsh_text), (4 bytes).
    Removing iwdg.o(.rev16_text), (4 bytes).
    Removing iwdg.o(.revsh_text), (4 bytes).
    Removing iwdg.o(.text), (38 bytes).
    Removing 6050.o(.rev16_text), (4 bytes).
    Removing 6050.o(.revsh_text), (4 bytes).
    Removing i2c.o(.rev16_text), (4 bytes).
    Removing i2c.o(.revsh_text), (4 bytes).
    Removing imu.o(.rev16_text), (4 bytes).
    Removing imu.o(.revsh_text), (4 bytes).
    Removing controltask.o(.rev16_text), (4 bytes).
    Removing controltask.o(.revsh_text), (4 bytes).
    Removing comunicatetask.o(.rev16_text), (4 bytes).
    Removing comunicatetask.o(.revsh_text), (4 bytes).
    Removing chassistask.o(.rev16_text), (4 bytes).
    Removing chassistask.o(.revsh_text), (4 bytes).
    Removing pidtask.o(.rev16_text), (4 bytes).
    Removing pidtask.o(.revsh_text), (4 bytes).
    Removing pidtask.o(.data), (40 bytes).
    Removing referee.o(.rev16_text), (4 bytes).
    Removing referee.o(.revsh_text), (4 bytes).
    Removing startup_stm32f40_41xxx.o(HEAP), (2048 bytes).
    Removing misc.o(.rev16_text), (4 bytes).
    Removing misc.o(.revsh_text), (4 bytes).
    Removing stm32f4xx_adc.o(.rev16_text), (4 bytes).
    Removing stm32f4xx_adc.o(.revsh_text), (4 bytes).
    Removing stm32f4xx_adc.o(.text), (1136 bytes).
    Removing stm32f4xx_can.o(.rev16_text), (4 bytes).
    Removing stm32f4xx_can.o(.revsh_text), (4 bytes).
    Removing stm32f4xx_usart.o(.rev16_text), (4 bytes).
    Removing stm32f4xx_usart.o(.revsh_text), (4 bytes).
    Removing system_stm32f4xx.o(.rev16_text), (4 bytes).
    Removing system_stm32f4xx.o(.revsh_text), (4 bytes).
    Removing stm32f4xx_iwdg.o(.rev16_text), (4 bytes).
    Removing stm32f4xx_iwdg.o(.revsh_text), (4 bytes).
    Removing stm32f4xx_iwdg.o(.text), (64 bytes).
    Removing stm32f4xx_i2c.o(.rev16_text), (4 bytes).
    Removing stm32f4xx_i2c.o(.revsh_text), (4 bytes).
    Removing stm32f4xx_i2c.o(.text), (1110 bytes).
    Removing stm32f4xx_gpio.o(.rev16_text), (4 bytes).
    Removing stm32f4xx_gpio.o(.revsh_text), (4 bytes).
    Removing stm32f4xx_pwr.o(.rev16_text), (4 bytes).
    Removing stm32f4xx_pwr.o(.revsh_text), (4 bytes).
    Removing stm32f4xx_pwr.o(.text), (368 bytes).
    Removing stm32f4xx_rcc.o(.rev16_text), (4 bytes).
    Removing stm32f4xx_rcc.o(.revsh_text), (4 bytes).
    Removing stm32f4xx_rtc.o(.rev16_text), (4 bytes).
    Removing stm32f4xx_rtc.o(.revsh_text), (4 bytes).
    Removing stm32f4xx_rtc.o(.text), (3432 bytes).
    Removing stm32f4xx_tim.o(.rev16_text), (4 bytes).
    Removing stm32f4xx_tim.o(.revsh_text), (4 bytes).
    Removing stm32f4xx_dma.o(.rev16_text), (4 bytes).
    Removing stm32f4xx_dma.o(.revsh_text), (4 bytes).
    Removing dneg.o(.text), (6 bytes).

68 unused section(s) (total 8490 bytes) removed from the image.

==============================================================================

Image Symbol Table

    Local Symbols

    Symbol Name                              Value     Ov Type        Size  Object(Section)

    ../clib/../cmprslib/zerorunl2.c          0x00000000   Number         0  __dczerorl2.o ABSOLUTE
    ../clib/microlib/errno.c                 0x00000000   Number         0  errno.o ABSOLUTE
    ../clib/microlib/init/entry.s            0x00000000   Number         0  entry8a.o ABSOLUTE
    ../clib/microlib/init/entry.s            0x00000000   Number         0  entry.o ABSOLUTE
    ../clib/microlib/init/entry.s            0x00000000   Number         0  entry11b.o ABSOLUTE
    ../clib/microlib/init/entry.s            0x00000000   Number         0  entry2.o ABSOLUTE
    ../clib/microlib/init/entry.s            0x00000000   Number         0  entry5.o ABSOLUTE
    ../clib/microlib/init/entry.s            0x00000000   Number         0  entry8b.o ABSOLUTE
    ../clib/microlib/init/entry.s            0x00000000   Number         0  entry7a.o ABSOLUTE
    ../clib/microlib/init/entry.s            0x00000000   Number         0  entry7b.o ABSOLUTE
    ../clib/microlib/init/entry.s            0x00000000   Number         0  entry9a.o ABSOLUTE
    ../clib/microlib/init/entry.s            0x00000000   Number         0  entry9b.o ABSOLUTE
    ../clib/microlib/init/entry.s            0x00000000   Number         0  entry10a.o ABSOLUTE
    ../clib/microlib/init/entry.s            0x00000000   Number         0  entry10b.o ABSOLUTE
    ../clib/microlib/init/entry.s            0x00000000   Number         0  entry11a.o ABSOLUTE
    ../clib/microlib/longlong.c              0x00000000   Number         0  llsshr.o ABSOLUTE
    ../clib/microlib/longlong.c              0x00000000   Number         0  llushr.o ABSOLUTE
    ../clib/microlib/longlong.c              0x00000000   Number         0  llshl.o ABSOLUTE
    ../clib/microlib/string/memcpy.c         0x00000000   Number         0  memcpya.o ABSOLUTE
    ../clib/microlib/string/memcpy.c         0x00000000   Number         0  memcpyb.o ABSOLUTE
    ../clib/microlib/string/memset.c         0x00000000   Number         0  memseta.o ABSOLUTE
    ../clib/microlib/stubs.s                 0x00000000   Number         0  iusefp.o ABSOLUTE
    ../fplib/microlib/d2f.c                  0x00000000   Number         0  d2f.o ABSOLUTE
    ../fplib/microlib/f2d.c                  0x00000000   Number         0  f2d.o ABSOLUTE
    ../fplib/microlib/fpadd.c                0x00000000   Number         0  dadd.o ABSOLUTE
    ../fplib/microlib/fpdiv.c                0x00000000   Number         0  ddiv.o ABSOLUTE
    ../fplib/microlib/fpepilogue.c           0x00000000   Number         0  fepilogue.o ABSOLUTE
    ../fplib/microlib/fpepilogue.c           0x00000000   Number         0  depilogue.o ABSOLUTE
    ../fplib/microlib/fpfix.c                0x00000000   Number         0  dfixi.o ABSOLUTE
    ../fplib/microlib/fpflt.c                0x00000000   Number         0  dflti.o ABSOLUTE
    ../fplib/microlib/fpmul.c                0x00000000   Number         0  dmul.o ABSOLUTE
    ../fplib/microlib/fpneg.c                0x00000000   Number         0  dneg.o ABSOLUTE
    ../fplib/microlib/fpsqrt.c               0x00000000   Number         0  dsqrt.o ABSOLUTE
    ../mathlib/asin.c                        0x00000000   Number         0  asin.o ABSOLUTE
    ../mathlib/asin.c                        0x00000000   Number         0  asin_x.o ABSOLUTE
    ../mathlib/atan.c                        0x00000000   Number         0  atan.o ABSOLUTE
    ../mathlib/atan.c                        0x00000000   Number         0  atan_x.o ABSOLUTE
    ../mathlib/atan2.c                       0x00000000   Number         0  atan2.o ABSOLUTE
    ../mathlib/atan2.c                       0x00000000   Number         0  atan2_x.o ABSOLUTE
    ../mathlib/dunder.c                      0x00000000   Number         0  dunder.o ABSOLUTE
    ../mathlib/exp.c                         0x00000000   Number         0  exp_x.o ABSOLUTE
    ../mathlib/exp.c                         0x00000000   Number         0  exp.o ABSOLUTE
    ../mathlib/fabs.c                        0x00000000   Number         0  fabs.o ABSOLUTE
    ../mathlib/fpclassify.c                  0x00000000   Number         0  fpclassify.o ABSOLUTE
    ../mathlib/poly.c                        0x00000000   Number         0  poly.o ABSOLUTE
    ../mathlib/qnan.c                        0x00000000   Number         0  qnan.o ABSOLUTE
    ../mathlib/sqrt.c                        0x00000000   Number         0  sqrt_x.o ABSOLUTE
    ../mathlib/sqrt.c                        0x00000000   Number         0  sqrt.o ABSOLUTE
    ..\Libraries\misc.c                      0x00000000   Number         0  misc.o ABSOLUTE
    ..\Libraries\startup_stm32f40_41xxx.s    0x00000000   Number         0  startup_stm32f40_41xxx.o ABSOLUTE
    ..\Libraries\stm32f4xx_adc.c             0x00000000   Number         0  stm32f4xx_adc.o ABSOLUTE
    ..\Libraries\stm32f4xx_can.c             0x00000000   Number         0  stm32f4xx_can.o ABSOLUTE
    ..\Libraries\stm32f4xx_dma.c             0x00000000   Number         0  stm32f4xx_dma.o ABSOLUTE
    ..\Libraries\stm32f4xx_gpio.c            0x00000000   Number         0  stm32f4xx_gpio.o ABSOLUTE
    ..\Libraries\stm32f4xx_i2c.c             0x00000000   Number         0  stm32f4xx_i2c.o ABSOLUTE
    ..\Libraries\stm32f4xx_iwdg.c            0x00000000   Number         0  stm32f4xx_iwdg.o ABSOLUTE
    ..\Libraries\stm32f4xx_pwr.c             0x00000000   Number         0  stm32f4xx_pwr.o ABSOLUTE
    ..\Libraries\stm32f4xx_rcc.c             0x00000000   Number         0  stm32f4xx_rcc.o ABSOLUTE
    ..\Libraries\stm32f4xx_rtc.c             0x00000000   Number         0  stm32f4xx_rtc.o ABSOLUTE
    ..\Libraries\stm32f4xx_tim.c             0x00000000   Number         0  stm32f4xx_tim.o ABSOLUTE
    ..\Libraries\stm32f4xx_usart.c           0x00000000   Number         0  stm32f4xx_usart.o ABSOLUTE
    ..\Libraries\system_stm32f4xx.c          0x00000000   Number         0  system_stm32f4xx.o ABSOLUTE
    ..\User\Src\BSP\Boot.c                   0x00000000   Number         0  boot.o ABSOLUTE
    ..\User\Src\BSP\Clock.c                  0x00000000   Number         0  clock.o ABSOLUTE
    ..\User\Src\BSP\Communication.c          0x00000000   Number         0  communication.o ABSOLUTE
    ..\User\Src\BSP\IWDG.c                   0x00000000   Number         0  iwdg.o ABSOLUTE
    ..\User\Src\BSP\MyFunc.c                 0x00000000   Number         0  myfunc.o ABSOLUTE
    ..\User\Src\BSP\delay.c                  0x00000000   Number         0  delay.o ABSOLUTE
    ..\User\Src\BSP\sys.c                    0x00000000   Number         0  sys.o ABSOLUTE
    ..\User\Src\IMU\6050.c                   0x00000000   Number         0  6050.o ABSOLUTE
    ..\User\Src\IMU\I2C.c                    0x00000000   Number         0  i2c.o ABSOLUTE
    ..\User\Src\IMU\Imu.c                    0x00000000   Number         0  imu.o ABSOLUTE
    ..\User\Src\Referee\Referee.c            0x00000000   Number         0  referee.o ABSOLUTE
    ..\User\Src\Task\ChassisTask.c           0x00000000   Number         0  chassistask.o ABSOLUTE
    ..\User\Src\Task\ComunicateTask.c        0x00000000   Number         0  comunicatetask.o ABSOLUTE
    ..\User\Src\Task\ControlTask.c           0x00000000   Number         0  controltask.o ABSOLUTE
    ..\User\Src\Task\PidTask.c               0x00000000   Number         0  pidtask.o ABSOLUTE
    ..\User\Src\main.c                       0x00000000   Number         0  main.o ABSOLUTE
    ..\\Libraries\\misc.c                    0x00000000   Number         0  misc.o ABSOLUTE
    ..\\Libraries\\stm32f4xx_adc.c           0x00000000   Number         0  stm32f4xx_adc.o ABSOLUTE
    ..\\Libraries\\stm32f4xx_can.c           0x00000000   Number         0  stm32f4xx_can.o ABSOLUTE
    ..\\Libraries\\stm32f4xx_dma.c           0x00000000   Number         0  stm32f4xx_dma.o ABSOLUTE
    ..\\Libraries\\stm32f4xx_gpio.c          0x00000000   Number         0  stm32f4xx_gpio.o ABSOLUTE
    ..\\Libraries\\stm32f4xx_i2c.c           0x00000000   Number         0  stm32f4xx_i2c.o ABSOLUTE
    ..\\Libraries\\stm32f4xx_iwdg.c          0x00000000   Number         0  stm32f4xx_iwdg.o ABSOLUTE
    ..\\Libraries\\stm32f4xx_pwr.c           0x00000000   Number         0  stm32f4xx_pwr.o ABSOLUTE
    ..\\Libraries\\stm32f4xx_rcc.c           0x00000000   Number         0  stm32f4xx_rcc.o ABSOLUTE
    ..\\Libraries\\stm32f4xx_rtc.c           0x00000000   Number         0  stm32f4xx_rtc.o ABSOLUTE
    ..\\Libraries\\stm32f4xx_tim.c           0x00000000   Number         0  stm32f4xx_tim.o ABSOLUTE
    ..\\Libraries\\stm32f4xx_usart.c         0x00000000   Number         0  stm32f4xx_usart.o ABSOLUTE
    ..\\Libraries\\system_stm32f4xx.c        0x00000000   Number         0  system_stm32f4xx.o ABSOLUTE
    ..\\User\\Src\\BSP\\Boot.c               0x00000000   Number         0  boot.o ABSOLUTE
    ..\\User\\Src\\BSP\\Clock.c              0x00000000   Number         0  clock.o ABSOLUTE
    ..\\User\\Src\\BSP\\Communication.c      0x00000000   Number         0  communication.o ABSOLUTE
    ..\\User\\Src\\BSP\\IWDG.c               0x00000000   Number         0  iwdg.o ABSOLUTE
    ..\\User\\Src\\BSP\\MyFunc.c             0x00000000   Number         0  myfunc.o ABSOLUTE
    ..\\User\\Src\\BSP\\delay.c              0x00000000   Number         0  delay.o ABSOLUTE
    ..\\User\\Src\\BSP\\sys.c                0x00000000   Number         0  sys.o ABSOLUTE
    ..\\User\\Src\\IMU\\6050.c               0x00000000   Number         0  6050.o ABSOLUTE
    ..\\User\\Src\\IMU\\I2C.c                0x00000000   Number         0  i2c.o ABSOLUTE
    ..\\User\\Src\\IMU\\Imu.c                0x00000000   Number         0  imu.o ABSOLUTE
    ..\\User\\Src\\Referee\\Referee.c        0x00000000   Number         0  referee.o ABSOLUTE
    ..\\User\\Src\\Task\\ChassisTask.c       0x00000000   Number         0  chassistask.o ABSOLUTE
    ..\\User\\Src\\Task\\ComunicateTask.c    0x00000000   Number         0  comunicatetask.o ABSOLUTE
    ..\\User\\Src\\Task\\ControlTask.c       0x00000000   Number         0  controltask.o ABSOLUTE
    ..\\User\\Src\\Task\\PidTask.c           0x00000000   Number         0  pidtask.o ABSOLUTE
    ..\\User\\Src\\main.c                    0x00000000   Number         0  main.o ABSOLUTE
    cdcmple.s                                0x00000000   Number         0  cdcmple.o ABSOLUTE
    cdrcmple.s                               0x00000000   Number         0  cdrcmple.o ABSOLUTE
    dc.s                                     0x00000000   Number         0  dc.o ABSOLUTE
    handlers.s                               0x00000000   Number         0  handlers.o ABSOLUTE
    init.s                                   0x00000000   Number         0  init.o ABSOLUTE
    RESET                                    0x08000000   Section      392  startup_stm32f40_41xxx.o(RESET)
    .ARM.Collect$$$$00000000                 0x08000188   Section        0  entry.o(.ARM.Collect$$$$00000000)
    .ARM.Collect$$$$00000001                 0x08000188   Section        4  entry2.o(.ARM.Collect$$$$00000001)
    .ARM.Collect$$$$00000004                 0x0800018c   Section        4  entry5.o(.ARM.Collect$$$$00000004)
    .ARM.Collect$$$$00000008                 0x08000190   Section        0  entry7b.o(.ARM.Collect$$$$00000008)
    .ARM.Collect$$$$0000000A                 0x08000190   Section        0  entry8b.o(.ARM.Collect$$$$0000000A)
    .ARM.Collect$$$$0000000B                 0x08000190   Section        8  entry9a.o(.ARM.Collect$$$$0000000B)
    .ARM.Collect$$$$0000000D                 0x08000198   Section        0  entry10a.o(.ARM.Collect$$$$0000000D)
    .ARM.Collect$$$$0000000F                 0x08000198   Section        0  entry11a.o(.ARM.Collect$$$$0000000F)
    .ARM.Collect$$$$00002712                 0x08000198   Section        4  entry2.o(.ARM.Collect$$$$00002712)
    __lit__00000000                          0x08000198   Data           4  entry2.o(.ARM.Collect$$$$00002712)
    .text                                    0x0800019c   Section        0  main.o(.text)
    .text                                    0x080001c0   Section        0  delay.o(.text)
    .text                                    0x080002c0   Section        0  boot.o(.text)
    .text                                    0x080002fc   Section        0  clock.o(.text)
    .text                                    0x080003d4   Section        0  communication.o(.text)
    .text                                    0x08000780   Section        0  myfunc.o(.text)
    .text                                    0x0800090c   Section        0  6050.o(.text)
    .text                                    0x08000b50   Section        0  i2c.o(.text)
    .text                                    0x08000eb4   Section        0  imu.o(.text)
    KalmanFilter_z                           0x08001515   Thumb Code   304  imu.o(.text)
    KalmanFilter_y                           0x08001645   Thumb Code   380  imu.o(.text)
    KalmanFilter_x                           0x080017c1   Thumb Code   304  imu.o(.text)
    KalmanFilter_speed                       0x08001bb9   Thumb Code   304  imu.o(.text)
    .text                                    0x08001cf8   Section        0  controltask.o(.text)
    .text                                    0x08001dc0   Section        0  comunicatetask.o(.text)
    .text                                    0x08002478   Section        0  chassistask.o(.text)
    .text                                    0x080026f8   Section        0  pidtask.o(.text)
    .text                                    0x080028e0   Section        0  referee.o(.text)
    .text                                    0x080031e0   Section       36  startup_stm32f40_41xxx.o(.text)
    $v0                                      0x080031e0   Number         0  startup_stm32f40_41xxx.o(.text)
    .text                                    0x08003204   Section        0  misc.o(.text)
    .text                                    0x080032e8   Section        0  stm32f4xx_can.o(.text)
    CheckITStatus                            0x08003aeb   Thumb Code    16  stm32f4xx_can.o(.text)
    .text                                    0x08003cd4   Section        0  stm32f4xx_usart.o(.text)
    .text                                    0x08004128   Section        0  system_stm32f4xx.o(.text)
    SetSysClock                              0x08004129   Thumb Code   218  system_stm32f4xx.o(.text)
    .text                                    0x08004338   Section        0  stm32f4xx_gpio.o(.text)
    .text                                    0x080045cc   Section        0  stm32f4xx_rcc.o(.text)
    .text                                    0x08004c28   Section        0  stm32f4xx_tim.o(.text)
    TI4_Config                               0x080053c7   Thumb Code    80  stm32f4xx_tim.o(.text)
    TI3_Config                               0x08005429   Thumb Code    72  stm32f4xx_tim.o(.text)
    TI2_Config                               0x0800548b   Thumb Code    90  stm32f4xx_tim.o(.text)
    TI1_Config                               0x080054f7   Thumb Code    58  stm32f4xx_tim.o(.text)
    .text                                    0x080058cc   Section        0  stm32f4xx_dma.o(.text)
    .text                                    0x08005c70   Section        0  memcpya.o(.text)
    .text                                    0x08005c94   Section        0  memseta.o(.text)
    .text                                    0x08005cb8   Section        0  dadd.o(.text)
    .text                                    0x08005e06   Section        0  dmul.o(.text)
    .text                                    0x08005eea   Section        0  ddiv.o(.text)
    .text                                    0x08005fc8   Section        0  dflti.o(.text)
    .text                                    0x08005fea   Section        0  dfixi.o(.text)
    .text                                    0x08006028   Section        0  f2d.o(.text)
    .text                                    0x0800604e   Section        0  d2f.o(.text)
    .text                                    0x08006086   Section        0  llshl.o(.text)
    .text                                    0x080060a4   Section        0  llushr.o(.text)
    .text                                    0x080060c4   Section        0  llsshr.o(.text)
    .text                                    0x080060e8   Section        0  fepilogue.o(.text)
    .text                                    0x080060e8   Section        0  iusefp.o(.text)
    .text                                    0x08006154   Section        0  depilogue.o(.text)
    .text                                    0x08006214   Section       40  cdcmple.o(.text)
    .text                                    0x0800623c   Section       40  cdrcmple.o(.text)
    .text                                    0x08006264   Section       36  init.o(.text)
    .text                                    0x08006288   Section        0  dsqrt.o(.text)
    .text                                    0x0800632a   Section        0  __dczerorl2.o(.text)
    i.__ARM_fpclassify                       0x08006386   Section        0  fpclassify.o(i.__ARM_fpclassify)
    i.__hardfp_asin                          0x080063b8   Section        0  asin.o(i.__hardfp_asin)
    i.__hardfp_atan                          0x08006728   Section        0  atan.o(i.__hardfp_atan)
    i.__hardfp_atan2                         0x08006a10   Section        0  atan2.o(i.__hardfp_atan2)
    i.__hardfp_exp                           0x08006bf0   Section        0  exp.o(i.__hardfp_exp)
    i.__kernel_poly                          0x08006f58   Section        0  poly.o(i.__kernel_poly)
    i.__mathlib_dbl_underflow                0x08007050   Section        0  dunder.o(i.__mathlib_dbl_underflow)
    i.__scatterload_copy                     0x08007070   Section       14  handlers.o(i.__scatterload_copy)
    i.__scatterload_null                     0x0800707e   Section        2  handlers.o(i.__scatterload_null)
    i.__scatterload_zeroinit                 0x08007080   Section       14  handlers.o(i.__scatterload_zeroinit)
    i.__set_errno                            0x08007090   Section        0  errno.o(i.__set_errno)
    i.atan                                   0x0800709c   Section        0  atan.o(i.atan)
    i.fabs                                   0x080070ac   Section        0  fabs.o(i.fabs)
    i.sqrt                                   0x080070cc   Section        0  sqrt.o(i.sqrt)
    .constdata                               0x0800713a   Section      770  referee.o(.constdata)
    .constdata                               0x08007440   Section       80  asin.o(.constdata)
    pS                                       0x08007440   Data          48  asin.o(.constdata)
    qS                                       0x08007470   Data          32  asin.o(.constdata)
    .constdata                               0x08007490   Section       88  exp.o(.constdata)
    halF                                     0x08007490   Data          16  exp.o(.constdata)
    ln2HI                                    0x080074a0   Data          16  exp.o(.constdata)
    ln2LO                                    0x080074b0   Data          16  exp.o(.constdata)
    P                                        0x080074c0   Data          40  exp.o(.constdata)
    .constdata                               0x080074e8   Section      152  atan.o(.constdata)
    atanhi                                   0x080074e8   Data          32  atan.o(.constdata)
    atanlo                                   0x08007508   Data          32  atan.o(.constdata)
    aTodd                                    0x08007528   Data          40  atan.o(.constdata)
    aTeven                                   0x08007550   Data          48  atan.o(.constdata)
    .constdata                               0x08007580   Section        8  qnan.o(.constdata)
    .data                                    0x20000000   Section        4  delay.o(.data)
    fac_us                                   0x20000000   Data           1  delay.o(.data)
    fac_ms                                   0x20000002   Data           2  delay.o(.data)
    .data                                    0x20000004   Section        4  communication.o(.data)
    this_time_rx_len                         0x20000004   Data           4  communication.o(.data)
    .data                                    0x20000008   Section        1  6050.o(.data)
    .data                                    0x20000010   Section      112  imu.o(.data)
    gyro_filter_cnt                          0x20000035   Data           1  imu.o(.data)
    x_last                                   0x20000038   Data           8  imu.o(.data)
    p_last                                   0x20000040   Data           8  imu.o(.data)
    x_last                                   0x20000048   Data           8  imu.o(.data)
    p_last                                   0x20000050   Data           8  imu.o(.data)
    x_last                                   0x20000058   Data           8  imu.o(.data)
    p_last                                   0x20000060   Data           8  imu.o(.data)
    x_last                                   0x20000068   Data           8  imu.o(.data)
    p_last                                   0x20000070   Data           8  imu.o(.data)
    .data                                    0x20000080   Section       20  controltask.o(.data)
    .data                                    0x20000094   Section       12  comunicatetask.o(.data)
    count                                    0x2000009c   Data           4  comunicatetask.o(.data)
    .data                                    0x200000a0   Section       84  chassistask.o(.data)
    .data                                    0x200000f4   Section       68  referee.o(.data)
    this_time_rx_len                         0x20000108   Data           4  referee.o(.data)
    this_time_rx_len                         0x2000010c   Data           4  referee.o(.data)
    .data                                    0x20000138   Section       20  system_stm32f4xx.o(.data)
    .data                                    0x2000014c   Section       16  stm32f4xx_rcc.o(.data)
    APBAHBPrescTable                         0x2000014c   Data          16  stm32f4xx_rcc.o(.data)
    .data                                    0x2000015c   Section        4  errno.o(.data)
    _errno                                   0x2000015c   Data           4  errno.o(.data)
    .bss                                     0x20000160   Section       20  main.o(.bss)
    .bss                                     0x20000174   Section       18  communication.o(.bss)
    .bss                                     0x20000188   Section      160  6050.o(.bss)
    .bss                                     0x20000228   Section      132  imu.o(.bss)
    .bss                                     0x200002ac   Section      116  comunicatetask.o(.bss)
    .bss                                     0x20000320   Section      436  chassistask.o(.bss)
    .bss                                     0x200004d4   Section      192  referee.o(.bss)
    STACK                                    0x20000598   Section     2048  startup_stm32f40_41xxx.o(STACK)

    Global Symbols

    Symbol Name                              Value     Ov Type        Size  Object(Section)

    BuildAttributes$$THM_ISAv4$E$P$D$K$B$S$7EM$VFPi3$EXTD16$VFPS$VFMA$PE$A:L22UL41UL21$X:L11$S22US41US21$IEEE1$IW$USESV6$~STKCKD$USESV7$~SHL$OTIME$ROPI$IEEEX$EBA8$MICROLIB$REQ8$PRES8$EABIv2 0x00000000   Number         0  anon$$obj.o ABSOLUTE
    __ARM_use_no_argv                        0x00000000   Number         0  main.o ABSOLUTE
    __cpp_initialize__aeabi_                  - Undefined Weak Reference
    __cxa_finalize                            - Undefined Weak Reference
    _clock_init                               - Undefined Weak Reference
    _microlib_exit                            - Undefined Weak Reference
    __Vectors_Size                           0x00000188   Number         0  startup_stm32f40_41xxx.o ABSOLUTE
    __Vectors                                0x08000000   Data           4  startup_stm32f40_41xxx.o(RESET)
    __Vectors_End                            0x08000188   Data           0  startup_stm32f40_41xxx.o(RESET)
    __main                                   0x08000189   Thumb Code     0  entry.o(.ARM.Collect$$$$00000000)
    _main_stk                                0x08000189   Thumb Code     0  entry2.o(.ARM.Collect$$$$00000001)
    _main_scatterload                        0x0800018d   Thumb Code     0  entry5.o(.ARM.Collect$$$$00000004)
    __main_after_scatterload                 0x08000191   Thumb Code     0  entry5.o(.ARM.Collect$$$$00000004)
    _main_clock                              0x08000191   Thumb Code     0  entry7b.o(.ARM.Collect$$$$00000008)
    _main_cpp_init                           0x08000191   Thumb Code     0  entry8b.o(.ARM.Collect$$$$0000000A)
    _main_init                               0x08000191   Thumb Code     0  entry9a.o(.ARM.Collect$$$$0000000B)
    __rt_final_cpp                           0x08000199   Thumb Code     0  entry10a.o(.ARM.Collect$$$$0000000D)
    __rt_final_exit                          0x08000199   Thumb Code     0  entry11a.o(.ARM.Collect$$$$0000000F)
    main                                     0x0800019d   Thumb Code    32  main.o(.text)
    delay_init                               0x080001c1   Thumb Code    52  delay.o(.text)
    delay_us                                 0x080001f5   Thumb Code    70  delay.o(.text)
    delay_xms                                0x0800023b   Thumb Code    70  delay.o(.text)
    delay_ms                                 0x08000281   Thumb Code    56  delay.o(.text)
    boot                                     0x080002c1   Thumb Code    58  boot.o(.text)
    sysConfig                                0x080002fd   Thumb Code    58  clock.o(.text)
    clockConfig                              0x08000337   Thumb Code    98  clock.o(.text)
    TIM8_BRK_TIM12_IRQHandler                0x08000399   Thumb Code    38  clock.o(.text)
    Get_Time_Micros                          0x080003bf   Thumb Code     8  clock.o(.text)
    Steering_Config                          0x080003d5   Thumb Code   182  communication.o(.text)
    PMM_Init                                 0x0800048b   Thumb Code    42  communication.o(.text)
    can2Config                               0x080004b5   Thumb Code   232  communication.o(.text)
    remoteConfig                             0x0800059d   Thumb Code   266  communication.o(.text)
    USART1_IRQHandler                        0x080006a7   Thumb Code    98  communication.o(.text)
    CAN2_TX_IRQHandler                       0x08000709   Thumb Code    22  communication.o(.text)
    CAN2_RX0_IRQHandler                      0x0800071f   Thumb Code    44  communication.o(.text)
    my_min                                   0x08000781   Thumb Code    26  myfunc.o(.text)
    my_max                                   0x0800079b   Thumb Code    26  myfunc.o(.text)
    amplitudeLimiting                        0x080007b5   Thumb Code    54  myfunc.o(.text)
    Subsection_PID                           0x080007eb   Thumb Code   126  myfunc.o(.text)
    Subsection_PID_v2                        0x08000869   Thumb Code   164  myfunc.o(.text)
    InitMPU6050                              0x0800090d   Thumb Code   164  6050.o(.text)
    MPU6050_Read                             0x080009b1   Thumb Code   148  6050.o(.text)
    Gyro_OFFEST                              0x08000a45   Thumb Code   248  6050.o(.text)
    I2C_INIT                                 0x08000b51   Thumb Code    82  i2c.o(.text)
    I2C_delay                                0x08000ba3   Thumb Code    14  i2c.o(.text)
    delay5ms                                 0x08000bb1   Thumb Code    14  i2c.o(.text)
    I2C_Start                                0x08000bbf   Thumb Code    90  i2c.o(.text)
    I2C_Stop                                 0x08000c19   Thumb Code    60  i2c.o(.text)
    I2C_Ack                                  0x08000c55   Thumb Code    60  i2c.o(.text)
    I2C_NoAck                                0x08000c91   Thumb Code    60  i2c.o(.text)
    I2C_WaitAck                              0x08000ccd   Thumb Code    92  i2c.o(.text)
    I2C_SendByte                             0x08000d29   Thumb Code    94  i2c.o(.text)
    I2C_RadeByte                             0x08000d87   Thumb Code    88  i2c.o(.text)
    Single_Write                             0x08000ddf   Thumb Code    70  i2c.o(.text)
    Single_Write_MS5611                      0x08000e25   Thumb Code    58  i2c.o(.text)
    Single_Read                              0x08000e5f   Thumb Code    80  i2c.o(.text)
    invSqrt                                  0x08000eb5   Thumb Code    56  imu.o(.text)
    IMUupdate                                0x08000eed   Thumb Code  1576  imu.o(.text)
    readIMU                                  0x080018f1   Thumb Code   566  imu.o(.text)
    imu                                      0x08001b27   Thumb Code   146  imu.o(.text)
    runControl                               0x08001cf9   Thumb Code   166  controltask.o(.text)
    RampCal                                  0x08001dc1   Thumb Code   150  comunicatetask.o(.text)
    computerControl                          0x08001e57   Thumb Code   496  comunicatetask.o(.text)
    remoteControl                            0x08002047   Thumb Code   538  comunicatetask.o(.text)
    commuiModeChange                         0x08002261   Thumb Code    70  comunicatetask.o(.text)
    readRemote                               0x080022a7   Thumb Code   146  comunicatetask.o(.text)
    transferType                             0x08002339   Thumb Code   230  comunicatetask.o(.text)
    canTrans                                 0x0800241f   Thumb Code    68  comunicatetask.o(.text)
    allParaInit                              0x08002479   Thumb Code    88  chassistask.o(.text)
    wheelSolute                              0x080024d1   Thumb Code   246  chassistask.o(.text)
    chassisControl                           0x080025c7   Thumb Code   270  chassistask.o(.text)
    pidGet                                   0x080026f9   Thumb Code   466  pidtask.o(.text)
    refereeConfig                            0x080028e1   Thumb Code   450  referee.o(.text)
    mainfoldConfig                           0x08002aa3   Thumb Code   316  referee.o(.text)
    DMA1_Stream6_IRQHandler                  0x08002bdf   Thumb Code    42  referee.o(.text)
    New_Send_Data                            0x08002c09   Thumb Code    54  referee.o(.text)
    send_odm_msg                             0x08002c3f   Thumb Code   190  referee.o(.text)
    send_check                               0x08002cfd   Thumb Code    80  referee.o(.text)
    USART3_IRQHandler                        0x08002d4d   Thumb Code    74  referee.o(.text)
    USART2_IRQHandler                        0x08002d97   Thumb Code   696  referee.o(.text)
    Get_CRC16_Check_Sum                      0x0800304f   Thumb Code    46  referee.o(.text)
    Append_CRC16_Check_Sum                   0x0800307d   Thumb Code    44  referee.o(.text)
    Get_CRC8_Check_Sum                       0x080030a9   Thumb Code    30  referee.o(.text)
    Append_CRC8_Check_Sum                    0x080030c7   Thumb Code    36  referee.o(.text)
    SendtoReferee                            0x080030eb   Thumb Code    46  referee.o(.text)
    Verify_CRC8_Check_Sum                    0x08003119   Thumb Code   136  referee.o(.text)
    Verify_CRC16_Check_Sum                   0x080031a1   Thumb Code    60  referee.o(.text)
    Reset_Handler                            0x080031e1   Thumb Code     8  startup_stm32f40_41xxx.o(.text)
    NMI_Handler                              0x080031e9   Thumb Code     2  startup_stm32f40_41xxx.o(.text)
    HardFault_Handler                        0x080031eb   Thumb Code     2  startup_stm32f40_41xxx.o(.text)
    MemManage_Handler                        0x080031ed   Thumb Code     2  startup_stm32f40_41xxx.o(.text)
    BusFault_Handler                         0x080031ef   Thumb Code     2  startup_stm32f40_41xxx.o(.text)
    UsageFault_Handler                       0x080031f1   Thumb Code     2  startup_stm32f40_41xxx.o(.text)
    SVC_Handler                              0x080031f3   Thumb Code     2  startup_stm32f40_41xxx.o(.text)
    DebugMon_Handler                         0x080031f5   Thumb Code     2  startup_stm32f40_41xxx.o(.text)
    PendSV_Handler                           0x080031f7   Thumb Code     2  startup_stm32f40_41xxx.o(.text)
    SysTick_Handler                          0x080031f9   Thumb Code     2  startup_stm32f40_41xxx.o(.text)
    ADC_IRQHandler                           0x080031fb   Thumb Code     0  startup_stm32f40_41xxx.o(.text)
    CAN1_RX0_IRQHandler                      0x080031fb   Thumb Code     0  startup_stm32f40_41xxx.o(.text)
    CAN1_RX1_IRQHandler                      0x080031fb   Thumb Code     0  startup_stm32f40_41xxx.o(.text)
    CAN1_SCE_IRQHandler                      0x080031fb   Thumb Code     0  startup_stm32f40_41xxx.o(.text)
    CAN1_TX_IRQHandler                       0x080031fb   Thumb Code     0  startup_stm32f40_41xxx.o(.text)
    CAN2_RX1_IRQHandler                      0x080031fb   Thumb Code     0  startup_stm32f40_41xxx.o(.text)
    CAN2_SCE_IRQHandler                      0x080031fb   Thumb Code     0  startup_stm32f40_41xxx.o(.text)
    CRYP_IRQHandler                          0x080031fb   Thumb Code     0  startup_stm32f40_41xxx.o(.text)
    DCMI_IRQHandler                          0x080031fb   Thumb Code     0  startup_stm32f40_41xxx.o(.text)
    DMA1_Stream0_IRQHandler                  0x080031fb   Thumb Code     0  startup_stm32f40_41xxx.o(.text)
    DMA1_Stream1_IRQHandler                  0x080031fb   Thumb Code     0  startup_stm32f40_41xxx.o(.text)
    DMA1_Stream2_IRQHandler                  0x080031fb   Thumb Code     0  startup_stm32f40_41xxx.o(.text)
    DMA1_Stream3_IRQHandler                  0x080031fb   Thumb Code     0  startup_stm32f40_41xxx.o(.text)
    DMA1_Stream4_IRQHandler                  0x080031fb   Thumb Code     0  startup_stm32f40_41xxx.o(.text)
    DMA1_Stream5_IRQHandler                  0x080031fb   Thumb Code     0  startup_stm32f40_41xxx.o(.text)
    DMA1_Stream7_IRQHandler                  0x080031fb   Thumb Code     0  startup_stm32f40_41xxx.o(.text)
    DMA2_Stream0_IRQHandler                  0x080031fb   Thumb Code     0  startup_stm32f40_41xxx.o(.text)
    DMA2_Stream1_IRQHandler                  0x080031fb   Thumb Code     0  startup_stm32f40_41xxx.o(.text)
    DMA2_Stream2_IRQHandler                  0x080031fb   Thumb Code     0  startup_stm32f40_41xxx.o(.text)
    DMA2_Stream3_IRQHandler                  0x080031fb   Thumb Code     0  startup_stm32f40_41xxx.o(.text)
    DMA2_Stream4_IRQHandler                  0x080031fb   Thumb Code     0  startup_stm32f40_41xxx.o(.text)
    DMA2_Stream5_IRQHandler                  0x080031fb   Thumb Code     0  startup_stm32f40_41xxx.o(.text)
    DMA2_Stream6_IRQHandler                  0x080031fb   Thumb Code     0  startup_stm32f40_41xxx.o(.text)
    DMA2_Stream7_IRQHandler                  0x080031fb   Thumb Code     0  startup_stm32f40_41xxx.o(.text)
    ETH_IRQHandler                           0x080031fb   Thumb Code     0  startup_stm32f40_41xxx.o(.text)
    ETH_WKUP_IRQHandler                      0x080031fb   Thumb Code     0  startup_stm32f40_41xxx.o(.text)
    EXTI0_IRQHandler                         0x080031fb   Thumb Code     0  startup_stm32f40_41xxx.o(.text)
    EXTI15_10_IRQHandler                     0x080031fb   Thumb Code     0  startup_stm32f40_41xxx.o(.text)
    EXTI1_IRQHandler                         0x080031fb   Thumb Code     0  startup_stm32f40_41xxx.o(.text)
    EXTI2_IRQHandler                         0x080031fb   Thumb Code     0  startup_stm32f40_41xxx.o(.text)
    EXTI3_IRQHandler                         0x080031fb   Thumb Code     0  startup_stm32f40_41xxx.o(.text)
    EXTI4_IRQHandler                         0x080031fb   Thumb Code     0  startup_stm32f40_41xxx.o(.text)
    EXTI9_5_IRQHandler                       0x080031fb   Thumb Code     0  startup_stm32f40_41xxx.o(.text)
    FLASH_IRQHandler                         0x080031fb   Thumb Code     0  startup_stm32f40_41xxx.o(.text)
    FPU_IRQHandler                           0x080031fb   Thumb Code     0  startup_stm32f40_41xxx.o(.text)
    FSMC_IRQHandler                          0x080031fb   Thumb Code     0  startup_stm32f40_41xxx.o(.text)
    HASH_RNG_IRQHandler                      0x080031fb   Thumb Code     0  startup_stm32f40_41xxx.o(.text)
    I2C1_ER_IRQHandler                       0x080031fb   Thumb Code     0  startup_stm32f40_41xxx.o(.text)
    I2C1_EV_IRQHandler                       0x080031fb   Thumb Code     0  startup_stm32f40_41xxx.o(.text)
    I2C2_ER_IRQHandler                       0x080031fb   Thumb Code     0  startup_stm32f40_41xxx.o(.text)
    I2C2_EV_IRQHandler                       0x080031fb   Thumb Code     0  startup_stm32f40_41xxx.o(.text)
    I2C3_ER_IRQHandler                       0x080031fb   Thumb Code     0  startup_stm32f40_41xxx.o(.text)
    I2C3_EV_IRQHandler                       0x080031fb   Thumb Code     0  startup_stm32f40_41xxx.o(.text)
    OTG_FS_IRQHandler                        0x080031fb   Thumb Code     0  startup_stm32f40_41xxx.o(.text)
    OTG_FS_WKUP_IRQHandler                   0x080031fb   Thumb Code     0  startup_stm32f40_41xxx.o(.text)
    OTG_HS_EP1_IN_IRQHandler                 0x080031fb   Thumb Code     0  startup_stm32f40_41xxx.o(.text)
    OTG_HS_EP1_OUT_IRQHandler                0x080031fb   Thumb Code     0  startup_stm32f40_41xxx.o(.text)
    OTG_HS_IRQHandler                        0x080031fb   Thumb Code     0  startup_stm32f40_41xxx.o(.text)
    OTG_HS_WKUP_IRQHandler                   0x080031fb   Thumb Code     0  startup_stm32f40_41xxx.o(.text)
    PVD_IRQHandler                           0x080031fb   Thumb Code     0  startup_stm32f40_41xxx.o(.text)
    RCC_IRQHandler                           0x080031fb   Thumb Code     0  startup_stm32f40_41xxx.o(.text)
    RTC_Alarm_IRQHandler                     0x080031fb   Thumb Code     0  startup_stm32f40_41xxx.o(.text)
    RTC_WKUP_IRQHandler                      0x080031fb   Thumb Code     0  startup_stm32f40_41xxx.o(.text)
    SDIO_IRQHandler                          0x080031fb   Thumb Code     0  startup_stm32f40_41xxx.o(.text)
    SPI1_IRQHandler                          0x080031fb   Thumb Code     0  startup_stm32f40_41xxx.o(.text)
    SPI2_IRQHandler                          0x080031fb   Thumb Code     0  startup_stm32f40_41xxx.o(.text)
    SPI3_IRQHandler                          0x080031fb   Thumb Code     0  startup_stm32f40_41xxx.o(.text)
    TAMP_STAMP_IRQHandler                    0x080031fb   Thumb Code     0  startup_stm32f40_41xxx.o(.text)
    TIM1_BRK_TIM9_IRQHandler                 0x080031fb   Thumb Code     0  startup_stm32f40_41xxx.o(.text)
    TIM1_CC_IRQHandler                       0x080031fb   Thumb Code     0  startup_stm32f40_41xxx.o(.text)
    TIM1_TRG_COM_TIM11_IRQHandler            0x080031fb   Thumb Code     0  startup_stm32f40_41xxx.o(.text)
    TIM1_UP_TIM10_IRQHandler                 0x080031fb   Thumb Code     0  startup_stm32f40_41xxx.o(.text)
    TIM2_IRQHandler                          0x080031fb   Thumb Code     0  startup_stm32f40_41xxx.o(.text)
    TIM3_IRQHandler                          0x080031fb   Thumb Code     0  startup_stm32f40_41xxx.o(.text)
    TIM4_IRQHandler                          0x080031fb   Thumb Code     0  startup_stm32f40_41xxx.o(.text)
    TIM5_IRQHandler                          0x080031fb   Thumb Code     0  startup_stm32f40_41xxx.o(.text)
    TIM6_DAC_IRQHandler                      0x080031fb   Thumb Code     0  startup_stm32f40_41xxx.o(.text)
    TIM7_IRQHandler                          0x080031fb   Thumb Code     0  startup_stm32f40_41xxx.o(.text)
    TIM8_CC_IRQHandler                       0x080031fb   Thumb Code     0  startup_stm32f40_41xxx.o(.text)
    TIM8_TRG_COM_TIM14_IRQHandler            0x080031fb   Thumb Code     0  startup_stm32f40_41xxx.o(.text)
    TIM8_UP_TIM13_IRQHandler                 0x080031fb   Thumb Code     0  startup_stm32f40_41xxx.o(.text)
    UART4_IRQHandler                         0x080031fb   Thumb Code     0  startup_stm32f40_41xxx.o(.text)
    UART5_IRQHandler                         0x080031fb   Thumb Code     0  startup_stm32f40_41xxx.o(.text)
    USART6_IRQHandler                        0x080031fb   Thumb Code     0  startup_stm32f40_41xxx.o(.text)
    WWDG_IRQHandler                          0x080031fb   Thumb Code     0  startup_stm32f40_41xxx.o(.text)
    NVIC_PriorityGroupConfig                 0x08003205   Thumb Code    10  misc.o(.text)
    NVIC_Init                                0x0800320f   Thumb Code   108  misc.o(.text)
    NVIC_SetVectorTable                      0x0800327b   Thumb Code    14  misc.o(.text)
    NVIC_SystemLPConfig                      0x08003289   Thumb Code    34  misc.o(.text)
    SysTick_CLKSourceConfig                  0x080032ab   Thumb Code    40  misc.o(.text)
    CAN_DeInit                               0x080032e9   Thumb Code    50  stm32f4xx_can.o(.text)
    CAN_Init                                 0x0800331b   Thumb Code   276  stm32f4xx_can.o(.text)
    CAN_FilterInit                           0x0800342f   Thumb Code   258  stm32f4xx_can.o(.text)
    CAN_StructInit                           0x08003531   Thumb Code    32  stm32f4xx_can.o(.text)
    CAN_SlaveStartBank                       0x08003551   Thumb Code    48  stm32f4xx_can.o(.text)
    CAN_DBGFreeze                            0x08003581   Thumb Code    22  stm32f4xx_can.o(.text)
    CAN_TTComModeCmd                         0x08003597   Thumb Code   118  stm32f4xx_can.o(.text)
    CAN_Transmit                             0x0800360d   Thumb Code   304  stm32f4xx_can.o(.text)
    CAN_TransmitStatus                       0x0800373d   Thumb Code   138  stm32f4xx_can.o(.text)
    CAN_CancelTransmit                       0x080037c7   Thumb Code    48  stm32f4xx_can.o(.text)
    CAN_Receive                              0x080037f7   Thumb Code   240  stm32f4xx_can.o(.text)
    CAN_FIFORelease                          0x080038e7   Thumb Code    22  stm32f4xx_can.o(.text)
    CAN_MessagePending                       0x080038fd   Thumb Code    30  stm32f4xx_can.o(.text)
    CAN_OperatingModeRequest                 0x0800391b   Thumb Code   162  stm32f4xx_can.o(.text)
    CAN_Sleep                                0x080039bd   Thumb Code    30  stm32f4xx_can.o(.text)
    CAN_WakeUp                               0x080039db   Thumb Code    48  stm32f4xx_can.o(.text)
    CAN_GetLastErrorCode                     0x08003a0b   Thumb Code    12  stm32f4xx_can.o(.text)
    CAN_GetReceiveErrorCounter               0x08003a17   Thumb Code    10  stm32f4xx_can.o(.text)
    CAN_GetLSBTransmitErrorCounter           0x08003a21   Thumb Code    12  stm32f4xx_can.o(.text)
    CAN_ITConfig                             0x08003a2d   Thumb Code    18  stm32f4xx_can.o(.text)
    CAN_GetFlagStatus                        0x08003a3f   Thumb Code   120  stm32f4xx_can.o(.text)
    CAN_ClearFlag                            0x08003ab7   Thumb Code    52  stm32f4xx_can.o(.text)
    CAN_GetITStatus                          0x08003afb   Thumb Code   308  stm32f4xx_can.o(.text)
    CAN_ClearITPendingBit                    0x08003c2f   Thumb Code   162  stm32f4xx_can.o(.text)
    USART_DeInit                             0x08003cd5   Thumb Code   206  stm32f4xx_usart.o(.text)
    USART_Init                               0x08003da3   Thumb Code   204  stm32f4xx_usart.o(.text)
    USART_StructInit                         0x08003e6f   Thumb Code    24  stm32f4xx_usart.o(.text)
    USART_ClockInit                          0x08003e87   Thumb Code    32  stm32f4xx_usart.o(.text)
    USART_ClockStructInit                    0x08003ea7   Thumb Code    12  stm32f4xx_usart.o(.text)
    USART_Cmd                                0x08003eb3   Thumb Code    24  stm32f4xx_usart.o(.text)
    USART_SetPrescaler                       0x08003ecb   Thumb Code    16  stm32f4xx_usart.o(.text)
    USART_OverSampling8Cmd                   0x08003edb   Thumb Code    22  stm32f4xx_usart.o(.text)
    USART_OneBitMethodCmd                    0x08003ef1   Thumb Code    24  stm32f4xx_usart.o(.text)
    USART_SendData                           0x08003f09   Thumb Code     8  stm32f4xx_usart.o(.text)
    USART_ReceiveData                        0x08003f11   Thumb Code    10  stm32f4xx_usart.o(.text)
    USART_SetAddress                         0x08003f1b   Thumb Code    18  stm32f4xx_usart.o(.text)
    USART_ReceiverWakeUpCmd                  0x08003f2d   Thumb Code    24  stm32f4xx_usart.o(.text)
    USART_WakeUpConfig                       0x08003f45   Thumb Code    18  stm32f4xx_usart.o(.text)
    USART_LINBreakDetectLengthConfig         0x08003f57   Thumb Code    18  stm32f4xx_usart.o(.text)
    USART_LINCmd                             0x08003f69   Thumb Code    24  stm32f4xx_usart.o(.text)
    USART_SendBreak                          0x08003f81   Thumb Code    10  stm32f4xx_usart.o(.text)
    USART_HalfDuplexCmd                      0x08003f8b   Thumb Code    24  stm32f4xx_usart.o(.text)
    USART_SetGuardTime                       0x08003fa3   Thumb Code    16  stm32f4xx_usart.o(.text)
    USART_SmartCardCmd                       0x08003fb3   Thumb Code    24  stm32f4xx_usart.o(.text)
    USART_SmartCardNACKCmd                   0x08003fcb   Thumb Code    24  stm32f4xx_usart.o(.text)
    USART_IrDAConfig                         0x08003fe3   Thumb Code    18  stm32f4xx_usart.o(.text)
    USART_IrDACmd                            0x08003ff5   Thumb Code    24  stm32f4xx_usart.o(.text)
    USART_DMACmd                             0x0800400d   Thumb Code    18  stm32f4xx_usart.o(.text)
    USART_ITConfig                           0x0800401f   Thumb Code    74  stm32f4xx_usart.o(.text)
    USART_GetFlagStatus                      0x08004069   Thumb Code    26  stm32f4xx_usart.o(.text)
    USART_ClearFlag                          0x08004083   Thumb Code    18  stm32f4xx_usart.o(.text)
    USART_GetITStatus                        0x08004095   Thumb Code   118  stm32f4xx_usart.o(.text)
    USART_ClearITPendingBit                  0x0800410b   Thumb Code    30  stm32f4xx_usart.o(.text)
    SystemInit                               0x08004203   Thumb Code    90  system_stm32f4xx.o(.text)
    SystemCoreClockUpdate                    0x0800425d   Thumb Code   174  system_stm32f4xx.o(.text)
    GPIO_DeInit                              0x08004339   Thumb Code   268  stm32f4xx_gpio.o(.text)
    GPIO_Init                                0x08004445   Thumb Code   144  stm32f4xx_gpio.o(.text)
    GPIO_StructInit                          0x080044d5   Thumb Code    18  stm32f4xx_gpio.o(.text)
    GPIO_PinLockConfig                       0x080044e7   Thumb Code    34  stm32f4xx_gpio.o(.text)
    GPIO_ReadInputDataBit                    0x08004509   Thumb Code    18  stm32f4xx_gpio.o(.text)
    GPIO_ReadInputData                       0x0800451b   Thumb Code     8  stm32f4xx_gpio.o(.text)
    GPIO_ReadOutputDataBit                   0x08004523   Thumb Code    18  stm32f4xx_gpio.o(.text)
    GPIO_ReadOutputData                      0x08004535   Thumb Code     8  stm32f4xx_gpio.o(.text)
    GPIO_SetBits                             0x0800453d   Thumb Code     4  stm32f4xx_gpio.o(.text)
    GPIO_ResetBits                           0x08004541   Thumb Code     4  stm32f4xx_gpio.o(.text)
    GPIO_WriteBit                            0x08004545   Thumb Code    10  stm32f4xx_gpio.o(.text)
    GPIO_Write                               0x0800454f   Thumb Code     4  stm32f4xx_gpio.o(.text)
    GPIO_ToggleBits                          0x08004553   Thumb Code     8  stm32f4xx_gpio.o(.text)
    GPIO_PinAFConfig                         0x0800455b   Thumb Code    70  stm32f4xx_gpio.o(.text)
    RCC_DeInit                               0x080045cd   Thumb Code    82  stm32f4xx_rcc.o(.text)
    RCC_HSEConfig                            0x0800461f   Thumb Code    14  stm32f4xx_rcc.o(.text)
    RCC_GetFlagStatus                        0x0800462d   Thumb Code    60  stm32f4xx_rcc.o(.text)
    RCC_WaitForHSEStartUp                    0x08004669   Thumb Code    56  stm32f4xx_rcc.o(.text)
    RCC_AdjustHSICalibrationValue            0x080046a1   Thumb Code    20  stm32f4xx_rcc.o(.text)
    RCC_HSICmd                               0x080046b5   Thumb Code     6  stm32f4xx_rcc.o(.text)
    RCC_LSEConfig                            0x080046bb   Thumb Code    46  stm32f4xx_rcc.o(.text)
    RCC_LSICmd                               0x080046e9   Thumb Code     6  stm32f4xx_rcc.o(.text)
    RCC_PLLConfig                            0x080046ef   Thumb Code    32  stm32f4xx_rcc.o(.text)
    RCC_PLLCmd                               0x0800470f   Thumb Code     6  stm32f4xx_rcc.o(.text)
    RCC_PLLI2SConfig                         0x08004715   Thumb Code    14  stm32f4xx_rcc.o(.text)
    RCC_PLLI2SCmd                            0x08004723   Thumb Code     6  stm32f4xx_rcc.o(.text)
    RCC_PLLSAIConfig                         0x08004729   Thumb Code    20  stm32f4xx_rcc.o(.text)
    RCC_PLLSAICmd                            0x0800473d   Thumb Code     6  stm32f4xx_rcc.o(.text)
    RCC_ClockSecuritySystemCmd               0x08004743   Thumb Code     6  stm32f4xx_rcc.o(.text)
    RCC_MCO1Config                           0x08004749   Thumb Code    28  stm32f4xx_rcc.o(.text)
    RCC_MCO2Config                           0x08004765   Thumb Code    28  stm32f4xx_rcc.o(.text)
    RCC_SYSCLKConfig                         0x08004781   Thumb Code    20  stm32f4xx_rcc.o(.text)
    RCC_GetSYSCLKSource                      0x08004795   Thumb Code    12  stm32f4xx_rcc.o(.text)
    RCC_HCLKConfig                           0x080047a1   Thumb Code    20  stm32f4xx_rcc.o(.text)
    RCC_PCLK1Config                          0x080047b5   Thumb Code    20  stm32f4xx_rcc.o(.text)
    RCC_PCLK2Config                          0x080047c9   Thumb Code    22  stm32f4xx_rcc.o(.text)
    RCC_GetClocksFreq                        0x080047df   Thumb Code   222  stm32f4xx_rcc.o(.text)
    RCC_RTCCLKConfig                         0x080048bd   Thumb Code    54  stm32f4xx_rcc.o(.text)
    RCC_RTCCLKCmd                            0x080048f3   Thumb Code     8  stm32f4xx_rcc.o(.text)
    RCC_BackupResetCmd                       0x080048fb   Thumb Code     8  stm32f4xx_rcc.o(.text)
    RCC_I2SCLKConfig                         0x08004903   Thumb Code     6  stm32f4xx_rcc.o(.text)
    RCC_SAIPLLI2SClkDivConfig                0x08004909   Thumb Code    26  stm32f4xx_rcc.o(.text)
    RCC_SAIPLLSAIClkDivConfig                0x08004923   Thumb Code    28  stm32f4xx_rcc.o(.text)
    RCC_SAIBlockACLKConfig                   0x0800493f   Thumb Code    20  stm32f4xx_rcc.o(.text)
    RCC_SAIBlockBCLKConfig                   0x08004953   Thumb Code    20  stm32f4xx_rcc.o(.text)
    RCC_LTDCCLKDivConfig                     0x08004967   Thumb Code    20  stm32f4xx_rcc.o(.text)
    RCC_TIMCLKPresConfig                     0x0800497b   Thumb Code     6  stm32f4xx_rcc.o(.text)
    RCC_AHB1PeriphClockCmd                   0x08004981   Thumb Code    34  stm32f4xx_rcc.o(.text)
    RCC_AHB2PeriphClockCmd                   0x080049a3   Thumb Code    78  stm32f4xx_rcc.o(.text)
    RCC_AHB3PeriphClockCmd                   0x080049f1   Thumb Code    34  stm32f4xx_rcc.o(.text)
    RCC_APB1PeriphClockCmd                   0x08004a13   Thumb Code    34  stm32f4xx_rcc.o(.text)
    RCC_APB2PeriphClockCmd                   0x08004a35   Thumb Code    34  stm32f4xx_rcc.o(.text)
    RCC_AHB1PeriphResetCmd                   0x08004a57   Thumb Code    34  stm32f4xx_rcc.o(.text)
    RCC_AHB2PeriphResetCmd                   0x08004a79   Thumb Code    34  stm32f4xx_rcc.o(.text)
    RCC_AHB3PeriphResetCmd                   0x08004a9b   Thumb Code    34  stm32f4xx_rcc.o(.text)
    RCC_APB1PeriphResetCmd                   0x08004abd   Thumb Code    34  stm32f4xx_rcc.o(.text)
    RCC_APB2PeriphResetCmd                   0x08004adf   Thumb Code    34  stm32f4xx_rcc.o(.text)
    RCC_AHB1PeriphClockLPModeCmd             0x08004b01   Thumb Code    34  stm32f4xx_rcc.o(.text)
    RCC_AHB2PeriphClockLPModeCmd             0x08004b23   Thumb Code    34  stm32f4xx_rcc.o(.text)
    RCC_AHB3PeriphClockLPModeCmd             0x08004b45   Thumb Code    34  stm32f4xx_rcc.o(.text)
    RCC_APB1PeriphClockLPModeCmd             0x08004b67   Thumb Code    34  stm32f4xx_rcc.o(.text)
    RCC_APB2PeriphClockLPModeCmd             0x08004b89   Thumb Code    34  stm32f4xx_rcc.o(.text)
    RCC_LSEModeConfig                        0x08004bab   Thumb Code    40  stm32f4xx_rcc.o(.text)
    RCC_ITConfig                             0x08004bd3   Thumb Code    34  stm32f4xx_rcc.o(.text)
    RCC_ClearFlag                            0x08004bf5   Thumb Code    18  stm32f4xx_rcc.o(.text)
    RCC_GetITStatus                          0x08004c07   Thumb Code    22  stm32f4xx_rcc.o(.text)
    RCC_ClearITPendingBit                    0x08004c1d   Thumb Code     8  stm32f4xx_rcc.o(.text)
    TIM_DeInit                               0x08004c29   Thumb Code   346  stm32f4xx_tim.o(.text)
    TIM_TimeBaseInit                         0x08004d83   Thumb Code   104  stm32f4xx_tim.o(.text)
    TIM_TimeBaseStructInit                   0x08004deb   Thumb Code    18  stm32f4xx_tim.o(.text)
    TIM_PrescalerConfig                      0x08004dfd   Thumb Code     6  stm32f4xx_tim.o(.text)
    TIM_CounterModeConfig                    0x08004e03   Thumb Code    18  stm32f4xx_tim.o(.text)
    TIM_SetCounter                           0x08004e15   Thumb Code     4  stm32f4xx_tim.o(.text)
    TIM_SetAutoreload                        0x08004e19   Thumb Code     4  stm32f4xx_tim.o(.text)
    TIM_GetCounter                           0x08004e1d   Thumb Code     6  stm32f4xx_tim.o(.text)
    TIM_GetPrescaler                         0x08004e23   Thumb Code     6  stm32f4xx_tim.o(.text)
    TIM_UpdateDisableConfig                  0x08004e29   Thumb Code    24  stm32f4xx_tim.o(.text)
    TIM_UpdateRequestConfig                  0x08004e41   Thumb Code    24  stm32f4xx_tim.o(.text)
    TIM_ARRPreloadConfig                     0x08004e59   Thumb Code    24  stm32f4xx_tim.o(.text)
    TIM_SelectOnePulseMode                   0x08004e71   Thumb Code    18  stm32f4xx_tim.o(.text)
    TIM_SetClockDivision                     0x08004e83   Thumb Code    18  stm32f4xx_tim.o(.text)
    TIM_Cmd                                  0x08004e95   Thumb Code    24  stm32f4xx_tim.o(.text)
    TIM_OC1Init                              0x08004ead   Thumb Code   114  stm32f4xx_tim.o(.text)
    TIM_OC2Init                              0x08004f1f   Thumb Code   154  stm32f4xx_tim.o(.text)
    TIM_OC3Init                              0x08004fb9   Thumb Code   204  stm32f4xx_tim.o(.text)
    TIM_OC4Init                              0x08005085   Thumb Code   112  stm32f4xx_tim.o(.text)
    TIM_OCStructInit                         0x080050f5   Thumb Code    20  stm32f4xx_tim.o(.text)
    TIM_SelectOCxM                           0x08005109   Thumb Code    86  stm32f4xx_tim.o(.text)
    TIM_SetCompare1                          0x0800515f   Thumb Code     4  stm32f4xx_tim.o(.text)
    TIM_SetCompare2                          0x08005163   Thumb Code     4  stm32f4xx_tim.o(.text)
    TIM_SetCompare3                          0x08005167   Thumb Code     4  stm32f4xx_tim.o(.text)
    TIM_SetCompare4                          0x0800516b   Thumb Code     4  stm32f4xx_tim.o(.text)
    TIM_ForcedOC1Config                      0x0800516f   Thumb Code    18  stm32f4xx_tim.o(.text)
    TIM_ForcedOC2Config                      0x08005181   Thumb Code    26  stm32f4xx_tim.o(.text)
    TIM_ForcedOC3Config                      0x0800519b   Thumb Code    18  stm32f4xx_tim.o(.text)
    TIM_ForcedOC4Config                      0x080051ad   Thumb Code    26  stm32f4xx_tim.o(.text)
    TIM_OC1PreloadConfig                     0x080051c7   Thumb Code    18  stm32f4xx_tim.o(.text)
    TIM_OC2PreloadConfig                     0x080051d9   Thumb Code    26  stm32f4xx_tim.o(.text)
    TIM_OC3PreloadConfig                     0x080051f3   Thumb Code    18  stm32f4xx_tim.o(.text)
    TIM_OC4PreloadConfig                     0x08005205   Thumb Code    26  stm32f4xx_tim.o(.text)
    TIM_OC1FastConfig                        0x0800521f   Thumb Code    18  stm32f4xx_tim.o(.text)
    TIM_OC2FastConfig                        0x08005231   Thumb Code    26  stm32f4xx_tim.o(.text)
    TIM_OC3FastConfig                        0x0800524b   Thumb Code    18  stm32f4xx_tim.o(.text)
    TIM_OC4FastConfig                        0x0800525d   Thumb Code    26  stm32f4xx_tim.o(.text)
    TIM_ClearOC1Ref                          0x08005277   Thumb Code    18  stm32f4xx_tim.o(.text)
    TIM_ClearOC2Ref                          0x08005289   Thumb Code    24  stm32f4xx_tim.o(.text)
    TIM_ClearOC3Ref                          0x080052a1   Thumb Code    18  stm32f4xx_tim.o(.text)
    TIM_ClearOC4Ref                          0x080052b3   Thumb Code    24  stm32f4xx_tim.o(.text)
    TIM_OC1PolarityConfig                    0x080052cb   Thumb Code    18  stm32f4xx_tim.o(.text)
    TIM_OC1NPolarityConfig                   0x080052dd   Thumb Code    18  stm32f4xx_tim.o(.text)
    TIM_OC2PolarityConfig                    0x080052ef   Thumb Code    26  stm32f4xx_tim.o(.text)
    TIM_OC2NPolarityConfig                   0x08005309   Thumb Code    26  stm32f4xx_tim.o(.text)
    TIM_OC3PolarityConfig                    0x08005323   Thumb Code    26  stm32f4xx_tim.o(.text)
    TIM_OC3NPolarityConfig                   0x0800533d   Thumb Code    26  stm32f4xx_tim.o(.text)
    TIM_OC4PolarityConfig                    0x08005357   Thumb Code    26  stm32f4xx_tim.o(.text)
    TIM_CCxCmd                               0x08005371   Thumb Code    30  stm32f4xx_tim.o(.text)
    TIM_CCxNCmd                              0x0800538f   Thumb Code    30  stm32f4xx_tim.o(.text)
    TIM_SetIC4Prescaler                      0x080053ad   Thumb Code    26  stm32f4xx_tim.o(.text)
    TIM_SetIC3Prescaler                      0x08005417   Thumb Code    18  stm32f4xx_tim.o(.text)
    TIM_SetIC2Prescaler                      0x08005471   Thumb Code    26  stm32f4xx_tim.o(.text)
    TIM_SetIC1Prescaler                      0x080054e5   Thumb Code    18  stm32f4xx_tim.o(.text)
    TIM_ICInit                               0x08005531   Thumb Code   110  stm32f4xx_tim.o(.text)
    TIM_ICStructInit                         0x0800559f   Thumb Code    18  stm32f4xx_tim.o(.text)
    TIM_PWMIConfig                           0x080055b1   Thumb Code   124  stm32f4xx_tim.o(.text)
    TIM_GetCapture1                          0x0800562d   Thumb Code     6  stm32f4xx_tim.o(.text)
    TIM_GetCapture2                          0x08005633   Thumb Code     6  stm32f4xx_tim.o(.text)
    TIM_GetCapture3                          0x08005639   Thumb Code     6  stm32f4xx_tim.o(.text)
    TIM_GetCapture4                          0x0800563f   Thumb Code     6  stm32f4xx_tim.o(.text)
    TIM_BDTRConfig                           0x08005645   Thumb Code    32  stm32f4xx_tim.o(.text)
    TIM_BDTRStructInit                       0x08005665   Thumb Code    18  stm32f4xx_tim.o(.text)
    TIM_CtrlPWMOutputs                       0x08005677   Thumb Code    30  stm32f4xx_tim.o(.text)
    TIM_SelectCOM                            0x08005695   Thumb Code    24  stm32f4xx_tim.o(.text)
    TIM_CCPreloadControl                     0x080056ad   Thumb Code    24  stm32f4xx_tim.o(.text)
    TIM_ITConfig                             0x080056c5   Thumb Code    18  stm32f4xx_tim.o(.text)
    TIM_GenerateEvent                        0x080056d7   Thumb Code     4  stm32f4xx_tim.o(.text)
    TIM_GetFlagStatus                        0x080056db   Thumb Code    18  stm32f4xx_tim.o(.text)
    TIM_ClearFlag                            0x080056ed   Thumb Code     6  stm32f4xx_tim.o(.text)
    TIM_GetITStatus                          0x080056f3   Thumb Code    34  stm32f4xx_tim.o(.text)
    TIM_ClearITPendingBit                    0x08005715   Thumb Code     6  stm32f4xx_tim.o(.text)
    TIM_DMAConfig                            0x0800571b   Thumb Code    10  stm32f4xx_tim.o(.text)
    TIM_DMACmd                               0x08005725   Thumb Code    18  stm32f4xx_tim.o(.text)
    TIM_SelectCCDMA                          0x08005737   Thumb Code    24  stm32f4xx_tim.o(.text)
    TIM_InternalClockConfig                  0x0800574f   Thumb Code    12  stm32f4xx_tim.o(.text)
    TIM_SelectInputTrigger                   0x0800575b   Thumb Code    18  stm32f4xx_tim.o(.text)
    TIM_ITRxExternalClockConfig              0x0800576d   Thumb Code    24  stm32f4xx_tim.o(.text)
    TIM_TIxExternalClockConfig               0x08005785   Thumb Code    62  stm32f4xx_tim.o(.text)
    TIM_ETRConfig                            0x080057c3   Thumb Code    28  stm32f4xx_tim.o(.text)
    TIM_ETRClockMode1Config                  0x080057df   Thumb Code    54  stm32f4xx_tim.o(.text)
    TIM_ETRClockMode2Config                  0x08005815   Thumb Code    32  stm32f4xx_tim.o(.text)
    TIM_SelectOutputTrigger                  0x08005835   Thumb Code    18  stm32f4xx_tim.o(.text)
    TIM_SelectSlaveMode                      0x08005847   Thumb Code    18  stm32f4xx_tim.o(.text)
    TIM_SelectMasterSlaveMode                0x08005859   Thumb Code    18  stm32f4xx_tim.o(.text)
    TIM_EncoderInterfaceConfig               0x0800586b   Thumb Code    66  stm32f4xx_tim.o(.text)
    TIM_SelectHallSensor                     0x080058ad   Thumb Code    24  stm32f4xx_tim.o(.text)
    TIM_RemapConfig                          0x080058c5   Thumb Code     6  stm32f4xx_tim.o(.text)
    DMA_DeInit                               0x080058cd   Thumb Code   324  stm32f4xx_dma.o(.text)
    DMA_Init                                 0x08005a11   Thumb Code    82  stm32f4xx_dma.o(.text)
    DMA_StructInit                           0x08005a63   Thumb Code    34  stm32f4xx_dma.o(.text)
    DMA_Cmd                                  0x08005a85   Thumb Code    22  stm32f4xx_dma.o(.text)
    DMA_PeriphIncOffsetSizeConfig            0x08005a9b   Thumb Code    22  stm32f4xx_dma.o(.text)
    DMA_FlowControllerConfig                 0x08005ab1   Thumb Code    22  stm32f4xx_dma.o(.text)
    DMA_SetCurrDataCounter                   0x08005ac7   Thumb Code     4  stm32f4xx_dma.o(.text)
    DMA_GetCurrDataCounter                   0x08005acb   Thumb Code     8  stm32f4xx_dma.o(.text)
    DMA_DoubleBufferModeConfig               0x08005ad3   Thumb Code    24  stm32f4xx_dma.o(.text)
    DMA_DoubleBufferModeCmd                  0x08005aeb   Thumb Code    22  stm32f4xx_dma.o(.text)
    DMA_MemoryTargetConfig                   0x08005b01   Thumb Code    10  stm32f4xx_dma.o(.text)
    DMA_GetCurrentMemoryTarget               0x08005b0b   Thumb Code    20  stm32f4xx_dma.o(.text)
    DMA_GetCmdStatus                         0x08005b1f   Thumb Code    20  stm32f4xx_dma.o(.text)
    DMA_GetFIFOStatus                        0x08005b33   Thumb Code    12  stm32f4xx_dma.o(.text)
    DMA_GetFlagStatus                        0x08005b3f   Thumb Code    54  stm32f4xx_dma.o(.text)
    DMA_ClearFlag                            0x08005b75   Thumb Code    40  stm32f4xx_dma.o(.text)
    DMA_ITConfig                             0x08005b9d   Thumb Code    58  stm32f4xx_dma.o(.text)
    DMA_GetITStatus                          0x08005bd7   Thumb Code    82  stm32f4xx_dma.o(.text)
    DMA_ClearITPendingBit                    0x08005c29   Thumb Code    40  stm32f4xx_dma.o(.text)
    __aeabi_memcpy                           0x08005c71   Thumb Code    36  memcpya.o(.text)
    __aeabi_memcpy4                          0x08005c71   Thumb Code     0  memcpya.o(.text)
    __aeabi_memcpy8                          0x08005c71   Thumb Code     0  memcpya.o(.text)
    __aeabi_memset                           0x08005c95   Thumb Code    14  memseta.o(.text)
    __aeabi_memset4                          0x08005c95   Thumb Code     0  memseta.o(.text)
    __aeabi_memset8                          0x08005c95   Thumb Code     0  memseta.o(.text)
    __aeabi_memclr                           0x08005ca3   Thumb Code     4  memseta.o(.text)
    __aeabi_memclr4                          0x08005ca3   Thumb Code     0  memseta.o(.text)
    __aeabi_memclr8                          0x08005ca3   Thumb Code     0  memseta.o(.text)
    _memset$wrapper                          0x08005ca7   Thumb Code    18  memseta.o(.text)
    __aeabi_dadd                             0x08005cb9   Thumb Code   322  dadd.o(.text)
    __aeabi_dsub                             0x08005dfb   Thumb Code     6  dadd.o(.text)
    __aeabi_drsub                            0x08005e01   Thumb Code     6  dadd.o(.text)
    __aeabi_dmul                             0x08005e07   Thumb Code   228  dmul.o(.text)
    __aeabi_ddiv                             0x08005eeb   Thumb Code   222  ddiv.o(.text)
    __aeabi_i2d                              0x08005fc9   Thumb Code    34  dflti.o(.text)
    __aeabi_d2iz                             0x08005feb   Thumb Code    62  dfixi.o(.text)
    __aeabi_f2d                              0x08006029   Thumb Code    38  f2d.o(.text)
    __aeabi_d2f                              0x0800604f   Thumb Code    56  d2f.o(.text)
    __aeabi_llsl                             0x08006087   Thumb Code    30  llshl.o(.text)
    _ll_shift_l                              0x08006087   Thumb Code     0  llshl.o(.text)
    __aeabi_llsr                             0x080060a5   Thumb Code    32  llushr.o(.text)
    _ll_ushift_r                             0x080060a5   Thumb Code     0  llushr.o(.text)
    __aeabi_lasr                             0x080060c5   Thumb Code    36  llsshr.o(.text)
    _ll_sshift_r                             0x080060c5   Thumb Code     0  llsshr.o(.text)
    __I$use$fp                               0x080060e9   Thumb Code     0  iusefp.o(.text)
    _float_round                             0x080060e9   Thumb Code    18  fepilogue.o(.text)
    _float_epilogue                          0x080060fb   Thumb Code    90  fepilogue.o(.text)
    _double_round                            0x08006155   Thumb Code    26  depilogue.o(.text)
    _double_epilogue                         0x0800616f   Thumb Code   164  depilogue.o(.text)
    __aeabi_cdcmpeq                          0x08006215   Thumb Code     0  cdcmple.o(.text)
    __aeabi_cdcmple                          0x08006215   Thumb Code    38  cdcmple.o(.text)
    __aeabi_cdrcmple                         0x0800623d   Thumb Code    38  cdrcmple.o(.text)
    __scatterload                            0x08006265   Thumb Code    28  init.o(.text)
    __scatterload_rt2                        0x08006265   Thumb Code     0  init.o(.text)
    _dsqrt                                   0x08006289   Thumb Code   162  dsqrt.o(.text)
    __decompress                             0x0800632b   Thumb Code     0  __dczerorl2.o(.text)
    __decompress1                            0x0800632b   Thumb Code    92  __dczerorl2.o(.text)
    __ARM_fpclassify                         0x08006387   Thumb Code    48  fpclassify.o(i.__ARM_fpclassify)
    __hardfp_asin                            0x080063b9   Thumb Code   774  asin.o(i.__hardfp_asin)
    __hardfp_atan                            0x08006729   Thumb Code   636  atan.o(i.__hardfp_atan)
    __hardfp_atan2                           0x08006a11   Thumb Code   416  atan2.o(i.__hardfp_atan2)
    __hardfp_exp                             0x08006bf1   Thumb Code   726  exp.o(i.__hardfp_exp)
    __kernel_poly                            0x08006f59   Thumb Code   248  poly.o(i.__kernel_poly)
    __mathlib_dbl_underflow                  0x08007051   Thumb Code    24  dunder.o(i.__mathlib_dbl_underflow)
    __scatterload_copy                       0x08007071   Thumb Code    14  handlers.o(i.__scatterload_copy)
    __scatterload_null                       0x0800707f   Thumb Code     2  handlers.o(i.__scatterload_null)
    __scatterload_zeroinit                   0x08007081   Thumb Code    14  handlers.o(i.__scatterload_zeroinit)
    __set_errno                              0x08007091   Thumb Code     6  errno.o(i.__set_errno)
    atan                                     0x0800709d   Thumb Code    16  atan.o(i.atan)
    fabs                                     0x080070ad   Thumb Code    32  fabs.o(i.fabs)
    sqrt                                     0x080070cd   Thumb Code   110  sqrt.o(i.sqrt)
    CRC8_INIT                                0x0800713a   Data           1  referee.o(.constdata)
    CRC8_TAB                                 0x0800713b   Data         256  referee.o(.constdata)
    wCRC_Table                               0x0800723c   Data         512  referee.o(.constdata)
    __mathlib_zero                           0x08007580   Data           8  qnan.o(.constdata)
    Region$$Table$$Base                      0x08007588   Number         0  anon$$obj.o(Region$$Table)
    Region$$Table$$Limit                     0x080075a8   Number         0  anon$$obj.o(Region$$Table)
    TAddr                                    0x20000008   Data           1  6050.o(.data)
    q0                                       0x20000010   Data           4  imu.o(.data)
    q1                                       0x20000014   Data           4  imu.o(.data)
    q2                                       0x20000018   Data           4  imu.o(.data)
    q3                                       0x2000001c   Data           4  imu.o(.data)
    exInt                                    0x20000020   Data           4  imu.o(.data)
    eyInt                                    0x20000024   Data           4  imu.o(.data)
    ezInt                                    0x20000028   Data           4  imu.o(.data)
    Q                                        0x2000002c   Data           4  imu.o(.data)
    R                                        0x20000030   Data           4  imu.o(.data)
    mpu6050_error_flag                       0x20000034   Data           1  imu.o(.data)
    lastUpdate                               0x20000078   Data           4  imu.o(.data)
    now                                      0x2000007c   Data           4  imu.o(.data)
    sys                                      0x20000080   Data           3  controltask.o(.data)
    output                                   0x20000084   Data           8  controltask.o(.data)
    flag                                     0x2000008c   Data           4  controltask.o(.data)
    duoji_flag                               0x20000090   Data           4  controltask.o(.data)
    speed                                    0x20000094   Data           8  comunicatetask.o(.data)
    wheelpid                                 0x200000a0   Data          28  chassistask.o(.data)
    chassispid_core                          0x200000bc   Data          28  chassistask.o(.data)
    chassispid_shell                         0x200000d8   Data          28  chassistask.o(.data)
    recieveData                              0x200000f4   Data           4  referee.o(.data)
    Flag_Uart_Busy                           0x200000f8   Data           1  referee.o(.data)
    dara                                     0x200000fc   Data           4  referee.o(.data)
    time_count                               0x20000100   Data           4  referee.o(.data)
    CRC_INIT                                 0x20000104   Data           2  referee.o(.data)
    Judgment_02_data                         0x20000110   Data           6  referee.o(.data)
    temp_V                                   0x20000118   Data           4  referee.o(.data)
    temp_A                                   0x2000011c   Data           4  referee.o(.data)
    temp_W                                   0x20000120   Data           4  referee.o(.data)
    temp_J                                   0x20000124   Data           4  referee.o(.data)
    temp_ss                                  0x20000128   Data           4  referee.o(.data)
    temp_sf                                  0x2000012c   Data           4  referee.o(.data)
    temp_bs                                  0x20000130   Data           4  referee.o(.data)
    temp_bf                                  0x20000134   Data           4  referee.o(.data)
    SystemCoreClock                          0x20000138   Data           4  system_stm32f4xx.o(.data)
    AHBPrescTable                            0x2000013c   Data          16  system_stm32f4xx.o(.data)
    Send_data                                0x20000160   Data          20  main.o(.bss)
    sbus_rx_buffer                           0x20000174   Data          18  communication.o(.bss)
    sensor                                   0x20000188   Data          72  6050.o(.bss)
    sensor2                                  0x200001d0   Data          72  6050.o(.bss)
    mpu6050_buffer                           0x20000218   Data          16  6050.o(.bss)
    angle                                    0x20000228   Data          12  imu.o(.bss)
    Gyro_File_Buf                            0x20000234   Data         120  imu.o(.bss)
    key                                      0x200002ac   Data          56  comunicatetask.o(.bss)
    remote                                   0x200002e4   Data          20  comunicatetask.o(.bss)
    canM                                     0x200002f8   Data          40  comunicatetask.o(.bss)
    wheelInfo                                0x20000320   Data         256  chassistask.o(.bss)
    chassisPara                              0x20000420   Data         180  chassistask.o(.bss)
    meta_data                                0x200004d4   Data          80  referee.o(.bss)
    Judgment_01_data                         0x20000524   Data          24  referee.o(.bss)
    Judgment_03_data                         0x2000053c   Data          16  referee.o(.bss)
    Judgment_04_data                         0x2000054c   Data          22  referee.o(.bss)
    Tx_Buf                                   0x20000562   Data          25  referee.o(.bss)
    re_data                                  0x2000057b   Data          25  referee.o(.bss)
    __initial_sp                             0x20000d98   Data           0  startup_stm32f40_41xxx.o(STACK)



==============================================================================

Memory Map of the image

  Image Entry point : 0x08000189

  Load Region LR_IROM1 (Base: 0x08000000, Size: 0x00007708, Max: 0x00100000, ABSOLUTE, COMPRESSED[0x00007608])

    Execution Region ER_IROM1 (Base: 0x08000000, Size: 0x000075a8, Max: 0x00100000, ABSOLUTE)

    Base Addr    Size         Type   Attr      Idx    E Section Name        Object

    0x08000000   0x00000188   Data   RO          574    RESET               startup_stm32f40_41xxx.o
    0x08000188   0x00000000   Code   RO          887  * .ARM.Collect$$$$00000000  mc_w.l(entry.o)
    0x08000188   0x00000004   Code   RO          951    .ARM.Collect$$$$00000001  mc_w.l(entry2.o)
    0x0800018c   0x00000004   Code   RO          954    .ARM.Collect$$$$00000004  mc_w.l(entry5.o)
    0x08000190   0x00000000   Code   RO          956    .ARM.Collect$$$$00000008  mc_w.l(entry7b.o)
    0x08000190   0x00000000   Code   RO          958    .ARM.Collect$$$$0000000A  mc_w.l(entry8b.o)
    0x08000190   0x00000008   Code   RO          959    .ARM.Collect$$$$0000000B  mc_w.l(entry9a.o)
    0x08000198   0x00000000   Code   RO          961    .ARM.Collect$$$$0000000D  mc_w.l(entry10a.o)
    0x08000198   0x00000000   Code   RO          963    .ARM.Collect$$$$0000000F  mc_w.l(entry11a.o)
    0x08000198   0x00000004   Code   RO          952    .ARM.Collect$$$$00002712  mc_w.l(entry2.o)
    0x0800019c   0x00000024   Code   RO            3    .text               main.o
    0x080001c0   0x00000100   Code   RO          216    .text               delay.o
    0x080002c0   0x0000003a   Code   RO          238    .text               boot.o
    0x080002fa   0x00000002   PAD
    0x080002fc   0x000000d8   Code   RO          258    .text               clock.o
    0x080003d4   0x000003ac   Code   RO          278    .text               communication.o
    0x08000780   0x0000018c   Code   RO          302    .text               myfunc.o
    0x0800090c   0x00000244   Code   RO          345    .text               6050.o
    0x08000b50   0x00000364   Code   RO          372    .text               i2c.o
    0x08000eb4   0x00000e44   Code   RO          392    .text               imu.o
    0x08001cf8   0x000000c8   Code   RO          419    .text               controltask.o
    0x08001dc0   0x000006b8   Code   RO          445    .text               comunicatetask.o
    0x08002478   0x00000280   Code   RO          472    .text               chassistask.o
    0x080026f8   0x000001e8   Code   RO          523    .text               pidtask.o
    0x080028e0   0x00000900   Code   RO          546    .text               referee.o
    0x080031e0   0x00000024   Code   RO          575    .text               startup_stm32f40_41xxx.o
    0x08003204   0x000000e4   Code   RO          581    .text               misc.o
    0x080032e8   0x000009ec   Code   RO          621    .text               stm32f4xx_can.o
    0x08003cd4   0x00000454   Code   RO          641    .text               stm32f4xx_usart.o
    0x08004128   0x00000210   Code   RO          661    .text               system_stm32f4xx.o
    0x08004338   0x00000294   Code   RO          727    .text               stm32f4xx_gpio.o
    0x080045cc   0x0000065c   Code   RO          767    .text               stm32f4xx_rcc.o
    0x08004c28   0x00000ca2   Code   RO          809    .text               stm32f4xx_tim.o
    0x080058ca   0x00000002   PAD
    0x080058cc   0x000003a4   Code   RO          829    .text               stm32f4xx_dma.o
    0x08005c70   0x00000024   Code   RO          890    .text               mc_w.l(memcpya.o)
    0x08005c94   0x00000024   Code   RO          892    .text               mc_w.l(memseta.o)
    0x08005cb8   0x0000014e   Code   RO          896    .text               mf_w.l(dadd.o)
    0x08005e06   0x000000e4   Code   RO          898    .text               mf_w.l(dmul.o)
    0x08005eea   0x000000de   Code   RO          900    .text               mf_w.l(ddiv.o)
    0x08005fc8   0x00000022   Code   RO          904    .text               mf_w.l(dflti.o)
    0x08005fea   0x0000003e   Code   RO          906    .text               mf_w.l(dfixi.o)
    0x08006028   0x00000026   Code   RO          908    .text               mf_w.l(f2d.o)
    0x0800604e   0x00000038   Code   RO          910    .text               mf_w.l(d2f.o)
    0x08006086   0x0000001e   Code   RO          965    .text               mc_w.l(llshl.o)
    0x080060a4   0x00000020   Code   RO          967    .text               mc_w.l(llushr.o)
    0x080060c4   0x00000024   Code   RO          969    .text               mc_w.l(llsshr.o)
    0x080060e8   0x00000000   Code   RO          978    .text               mc_w.l(iusefp.o)
    0x080060e8   0x0000006c   Code   RO          979    .text               mf_w.l(fepilogue.o)
    0x08006154   0x000000be   Code   RO          981    .text               mf_w.l(depilogue.o)
    0x08006212   0x00000002   PAD
    0x08006214   0x00000028   Code   RO          983    .text               mf_w.l(cdcmple.o)
    0x0800623c   0x00000028   Code   RO          985    .text               mf_w.l(cdrcmple.o)
    0x08006264   0x00000024   Code   RO          987    .text               mc_w.l(init.o)
    0x08006288   0x000000a2   Code   RO          989    .text               mf_w.l(dsqrt.o)
    0x0800632a   0x0000005c   Code   RO          999    .text               mc_w.l(__dczerorl2.o)
    0x08006386   0x00000030   Code   RO          934    i.__ARM_fpclassify  m_wm.l(fpclassify.o)
    0x080063b6   0x00000002   PAD
    0x080063b8   0x00000370   Code   RO          847    i.__hardfp_asin     m_wm.l(asin.o)
    0x08006728   0x000002e8   Code   RO          912    i.__hardfp_atan     m_wm.l(atan.o)
    0x08006a10   0x000001e0   Code   RO          861    i.__hardfp_atan2    m_wm.l(atan2.o)
    0x08006bf0   0x00000368   Code   RO          873    i.__hardfp_exp      m_wm.l(exp.o)
    0x08006f58   0x000000f8   Code   RO          936    i.__kernel_poly     m_wm.l(poly.o)
    0x08007050   0x00000020   Code   RO          926    i.__mathlib_dbl_underflow  m_wm.l(dunder.o)
    0x08007070   0x0000000e   Code   RO          993    i.__scatterload_copy  mc_w.l(handlers.o)
    0x0800707e   0x00000002   Code   RO          994    i.__scatterload_null  mc_w.l(handlers.o)
    0x08007080   0x0000000e   Code   RO          995    i.__scatterload_zeroinit  mc_w.l(handlers.o)
    0x0800708e   0x00000002   PAD
    0x08007090   0x0000000c   Code   RO          973    i.__set_errno       mc_w.l(errno.o)
    0x0800709c   0x00000010   Code   RO          914    i.atan              m_wm.l(atan.o)
    0x080070ac   0x00000020   Code   RO          930    i.fabs              m_wm.l(fabs.o)
    0x080070cc   0x0000006e   Code   RO          941    i.sqrt              m_wm.l(sqrt.o)
    0x0800713a   0x00000302   Data   RO          548    .constdata          referee.o
    0x0800743c   0x00000004   PAD
    0x08007440   0x00000050   Data   RO          850    .constdata          m_wm.l(asin.o)
    0x08007490   0x00000058   Data   RO          876    .constdata          m_wm.l(exp.o)
    0x080074e8   0x00000098   Data   RO          915    .constdata          m_wm.l(atan.o)
    0x08007580   0x00000008   Data   RO          938    .constdata          m_wm.l(qnan.o)
    0x08007588   0x00000020   Data   RO          991    Region$$Table       anon$$obj.o


    Execution Region RW_IRAM1 (Base: 0x20000000, Size: 0x00000d98, Max: 0x00020000, ABSOLUTE, COMPRESSED[0x00000060])

    Base Addr    Size         Type   Attr      Idx    E Section Name        Object

    0x20000000   0x00000004   Data   RW          217    .data               delay.o
    0x20000004   0x00000004   Data   RW          280    .data               communication.o
    0x20000008   0x00000001   Data   RW          347    .data               6050.o
    0x20000009   0x00000007   PAD
    0x20000010   0x00000070   Data   RW          394    .data               imu.o
    0x20000080   0x00000014   Data   RW          420    .data               controltask.o
    0x20000094   0x0000000c   Data   RW          447    .data               comunicatetask.o
    0x200000a0   0x00000054   Data   RW          474    .data               chassistask.o
    0x200000f4   0x00000044   Data   RW          549    .data               referee.o
    0x20000138   0x00000014   Data   RW          662    .data               system_stm32f4xx.o
    0x2000014c   0x00000010   Data   RW          768    .data               stm32f4xx_rcc.o
    0x2000015c   0x00000004   Data   RW          974    .data               mc_w.l(errno.o)
    0x20000160   0x00000014   Zero   RW            4    .bss                main.o
    0x20000174   0x00000012   Zero   RW          279    .bss                communication.o
    0x20000186   0x00000002   PAD
    0x20000188   0x000000a0   Zero   RW          346    .bss                6050.o
    0x20000228   0x00000084   Zero   RW          393    .bss                imu.o
    0x200002ac   0x00000074   Zero   RW          446    .bss                comunicatetask.o
    0x20000320   0x000001b4   Zero   RW          473    .bss                chassistask.o
    0x200004d4   0x000000c0   Zero   RW          547    .bss                referee.o
    0x20000594   0x00000004   PAD
    0x20000598   0x00000800   Zero   RW          572    STACK               startup_stm32f40_41xxx.o


==============================================================================

Image component sizes


      Code (inc. data)   RO Data    RW Data    ZI Data      Debug   Object Name

       580         20          0          1        160       2885   6050.o
        58          0          0          0          0        455   boot.o
       640         36          0         84        436       3303   chassistask.o
       216         14          0          0          0       1046   clock.o
       940         54          0          4         18       2517   communication.o
      1720         48          0         12        116       4614   comunicatetask.o
       200         34          0         20          0       1550   controltask.o
       256          8          0          4          0       1341   delay.o
       868          6          0          0          0       3258   i2c.o
      3652        188          0        112        132       6014   imu.o
        36          4          0          0         20     304027   main.o
       228         22          0          0          0       1721   misc.o
       396          0          0          0          0       2371   myfunc.o
       488         28          0          0          0       1209   pidtask.o
      2304        138        770         68        192       8133   referee.o
        36          8        392          0       2048        788   startup_stm32f40_41xxx.o
      2540         38          0          0          0       7876   stm32f4xx_can.o
       932         32          0          0          0       6201   stm32f4xx_dma.o
       660         44          0          0          0       4005   stm32f4xx_gpio.o
      1628         52          0         16          0      12736   stm32f4xx_rcc.o
      3234         60          0          0          0      22204   stm32f4xx_tim.o
      1108         34          0          0          0       7700   stm32f4xx_usart.o
       528         46          0         20          0       1739   system_stm32f4xx.o

    ----------------------------------------------------------------------
     23252        914       1198        348       3128     407693   Object Totals
         0          0         32          0          0          0   (incl. Generated)
         4          0          4          7          6          0   (incl. Padding)

    ----------------------------------------------------------------------

      Code (inc. data)   RO Data    RW Data    ZI Data      Debug   Library Member Name

       880        106         80          0          0        200   asin.o
       760        108        152          0          0        344   atan.o
       480         64          0          0          0        156   atan2.o
        32          8          0          0          0        124   dunder.o
       872        146         88          0          0        220   exp.o
        32          0          0          0          0        124   fabs.o
        48          0          0          0          0        124   fpclassify.o
       248          0          0          0          0        152   poly.o
         0          0          8          0          0          0   qnan.o
       110          0          0          0          0        148   sqrt.o
        92          0          0          0          0          0   __dczerorl2.o
         0          0          0          0          0          0   entry.o
         0          0          0          0          0          0   entry10a.o
         0          0          0          0          0          0   entry11a.o
         8          4          0          0          0          0   entry2.o
         4          0          0          0          0          0   entry5.o
         0          0          0          0          0          0   entry7b.o
         0          0          0          0          0          0   entry8b.o
         8          4          0          0          0          0   entry9a.o
        12          6          0          4          0         68   errno.o
        30          0          0          0          0          0   handlers.o
        36          8          0          0          0         68   init.o
         0          0          0          0          0          0   iusefp.o
        30          0          0          0          0         68   llshl.o
        36          0          0          0          0         68   llsshr.o
        32          0          0          0          0         68   llushr.o
        36          0          0          0          0         68   memcpya.o
        36          0          0          0          0        108   memseta.o
        40          2          0          0          0         68   cdcmple.o
        40          2          0          0          0         68   cdrcmple.o
        56          0          0          0          0         88   d2f.o
       334          0          0          0          0        148   dadd.o
       222          0          0          0          0        100   ddiv.o
       190          0          0          0          0        176   depilogue.o
        62          0          0          0          0         80   dfixi.o
        34          0          0          0          0         76   dflti.o
       228          0          0          0          0         96   dmul.o
       162          0          0          0          0        100   dsqrt.o
        38          0          0          0          0         68   f2d.o
       108          0          0          0          0        168   fepilogue.o

    ----------------------------------------------------------------------
      5342        458        328          4          0       3344   Library Totals
         6          0          0          0          0          0   (incl. Padding)

    ----------------------------------------------------------------------

      Code (inc. data)   RO Data    RW Data    ZI Data      Debug   Library Name

      3462        432        328          0          0       1592   m_wm.l
       360         22          0          4          0        516   mc_w.l
      1514          4          0          0          0       1236   mf_w.l

    ----------------------------------------------------------------------
      5342        458        328          4          0       3344   Library Totals

    ----------------------------------------------------------------------

==============================================================================


      Code (inc. data)   RO Data    RW Data    ZI Data      Debug   

     28594       1372       1526        352       3128     405105   Grand Totals
     28594       1372       1526         96       3128     405105   ELF Image Totals (compressed)
     28594       1372       1526         96          0          0   ROM Totals

==============================================================================

    Total RO  Size (Code + RO Data)                30120 (  29.41kB)
    Total RW  Size (RW Data + ZI Data)              3480 (   3.40kB)
    Total ROM Size (Code + RO Data + RW Data)      30216 (  29.51kB)

==============================================================================

