ARM Linker, 5.03 [Build 76] [MDK-ARM Standard]

==============================================================================

Section Cross References

    main.o(.text) refers to imu.o(.text) for imu
    delay.o(.text) refers to misc.o(.text) for SysTick_CLKSourceConfig
    delay.o(.text) refers to delay.o(.data) for fac_us
    boot.o(.text) refers to delay.o(.text) for delay_init
    boot.o(.text) refers to clock.o(.text) for clockConfig
    boot.o(.text) refers to referee.o(.text) for refereeConfig
    boot.o(.text) refers to communication.o(.text) for can2Config
    boot.o(.text) refers to i2c.o(.text) for I2C_INIT
    boot.o(.text) refers to 6050.o(.text) for InitMPU6050
    clock.o(.text) refers to stm32f4xx_rcc.o(.text) for RCC_APB1PeriphClockCmd
    clock.o(.text) refers to stm32f4xx_tim.o(.text) for TIM_ARRPreloadConfig
    clock.o(.text) refers to misc.o(.text) for NVIC_PriorityGroupConfig
    clock.o(.text) refers to controltask.o(.text) for runControl
    clock.o(.text) refers to clock.o(.data) for clock_cnt
    clock.o(.text) refers to controltask.o(.data) for sys
    communication.o(.text) refers to stm32f4xx_rcc.o(.text) for RCC_AHB1PeriphClockCmd
    communication.o(.text) refers to stm32f4xx_gpio.o(.text) for GPIO_PinAFConfig
    communication.o(.text) refers to misc.o(.text) for NVIC_Init
    communication.o(.text) refers to stm32f4xx_can.o(.text) for CAN_DeInit
    communication.o(.text) refers to stm32f4xx_usart.o(.text) for USART_DeInit
    communication.o(.text) refers to stm32f4xx_dma.o(.text) for DMA_DeInit
    communication.o(.text) refers to comunicatetask.o(.text) for readRemote
    communication.o(.text) refers to communication.o(.bss) for sbus_rx_buffer
    communication.o(.text) refers to communication.o(.data) for this_time_rx_len
    communication.o(.text) refers to comunicatetask.o(.bss) for remote
    communication.o(.text) refers to chassistask.o(.bss) for wheelInfo
    iwdg.o(.text) refers to stm32f4xx_iwdg.o(.text) for IWDG_WriteAccessCmd
    6050.o(.text) refers to i2c.o(.text) for Single_Write
    6050.o(.text) refers to delay.o(.text) for delay_ms
    6050.o(.text) refers to 6050.o(.data) for TAddr
    6050.o(.text) refers to 6050.o(.bss) for mpu6050_buffer
    i2c.o(.text) refers to stm32f4xx_rcc.o(.text) for RCC_AHB1PeriphClockCmd
    i2c.o(.text) refers to stm32f4xx_gpio.o(.text) for GPIO_Init
    imu.o(.text) refers to clock.o(.text) for Get_Time_Micros
    imu.o(.text) refers to f2d.o(.text) for __aeabi_f2d
    imu.o(.text) refers to imu.o(.data) for q0
    imu.o(.text) refers to atan2.o(i.__hardfp_atan2) for __hardfp_atan2
    imu.o(.text) refers to dmul.o(.text) for __aeabi_dmul
    imu.o(.text) refers to d2f.o(.text) for __aeabi_d2f
    imu.o(.text) refers to asin.o(i.__hardfp_asin) for __hardfp_asin
    imu.o(.text) refers to dadd.o(.text) for __aeabi_dadd
    imu.o(.text) refers to ddiv.o(.text) for __aeabi_ddiv
    imu.o(.text) refers to imu.o(.bss) for angle
    imu.o(.text) refers to chassistask.o(.bss) for chassisPara
    imu.o(.text) refers to 6050.o(.text) for MPU6050_Read
    imu.o(.text) refers to dflti.o(.text) for __aeabi_i2d
    imu.o(.text) refers to dfixi.o(.text) for __aeabi_d2iz
    imu.o(.text) refers to 6050.o(.bss) for mpu6050_buffer
    controltask.o(.text) refers to chassistask.o(.text) for allParaInit
    controltask.o(.text) refers to comunicatetask.o(.text) for commuiModeChange
    controltask.o(.text) refers to chassistask.o(.bss) for chassispid
    controltask.o(.text) refers to comunicatetask.o(.bss) for remote
    comunicatetask.o(.text) refers to myfunc.o(.text) for amplitudeLimiting
    comunicatetask.o(.text) refers to comunicatetask.o(.data) for forward_back_speed
    comunicatetask.o(.text) refers to comunicatetask.o(.bss) for RampTFB
    comunicatetask.o(.text) refers to stm32f4xx_can.o(.text) for CAN_Transmit
    chassistask.o(.text) refers to myfunc.o(.text) for amplitudeLimiting
    chassistask.o(.text) refers to pidtask.o(.text) for pidInit
    chassistask.o(.text) refers to chassistask.o(.bss) for chassisPara
    pidtask.o(.text) refers to myfunc.o(.text) for amplitudeLimiting
    referee.o(.text) refers to stm32f4xx_rcc.o(.text) for RCC_AHB1PeriphClockCmd
    referee.o(.text) refers to stm32f4xx_gpio.o(.text) for GPIO_Init
    referee.o(.text) refers to stm32f4xx_usart.o(.text) for USART_Init
    referee.o(.text) refers to memseta.o(.text) for __aeabi_memset
    referee.o(.text) refers to stm32f4xx_dma.o(.text) for DMA_DeInit
    referee.o(.text) refers to misc.o(.text) for NVIC_Init
    referee.o(.text) refers to memcpya.o(.text) for __aeabi_memcpy
    referee.o(.text) refers to referee.o(.bss) for meta_data
    referee.o(.text) refers to referee.o(.data) for recieveData
    referee.o(.text) refers to referee.o(.constdata) for wCRC_Table
    startup_stm32f40_41xxx.o(RESET) refers to startup_stm32f40_41xxx.o(STACK) for __initial_sp
[...]
    fpclassify.o(i.__ARM_fpclassify) refers (Special) to iusefp.o(.text) for __I$use$fp
    poly.o(i.__kernel_poly) refers (Special) to iusefp.o(.text) for __I$use$fp
    poly.o(i.__kernel_poly) refers to dmul.o(.text) for __aeabi_dmul
    poly.o(i.__kernel_poly) refers to dadd.o(.text) for __aeabi_dadd
    qnan.o(.constdata) refers (Special) to iusefp.o(.text) for __I$use$fp
    sqrt.o(i.__hardfp_sqrt) refers (Special) to iusefp.o(.text) for __I$use$fp
    sqrt.o(i.__hardfp_sqrt) refers to dsqrt.o(.text) for _dsqrt
    sqrt.o(i.__hardfp_sqrt) refers to errno.o(i.__set_errno) for __set_errno
    sqrt.o(i.__softfp_sqrt) refers (Special) to iusefp.o(.text) for __I$use$fp
    sqrt.o(i.__softfp_sqrt) refers to dsqrt.o(.text) for _dsqrt
    sqrt.o(i.__softfp_sqrt) refers to errno.o(i.__set_errno) for __set_errno
    sqrt.o(i.sqrt) refers (Special) to iusefp.o(.text) for __I$use$fp
    sqrt.o(i.sqrt) refers to dsqrt.o(.text) for _dsqrt
    sqrt.o(i.sqrt) refers to errno.o(i.__set_errno) for __set_errno
    sqrt_x.o(i.____hardfp_sqrt$lsc) refers (Special) to iusefp.o(.text) for __I$use$fp
    sqrt_x.o(i.____hardfp_sqrt$lsc) refers to cdcmple.o(.text) for __aeabi_cdcmple
    sqrt_x.o(i.____hardfp_sqrt$lsc) refers to errno.o(i.__set_errno) for __set_errno
    sqrt_x.o(i.____hardfp_sqrt$lsc) refers to dsqrt.o(.text) for _dsqrt
    sqrt_x.o(i.____softfp_sqrt$lsc) refers (Special) to iusefp.o(.text) for __I$use$fp
    sqrt_x.o(i.____softfp_sqrt$lsc) refers to cdcmple.o(.text) for __aeabi_cdcmple
    sqrt_x.o(i.____softfp_sqrt$lsc) refers to errno.o(i.__set_errno) for __set_errno
    sqrt_x.o(i.____softfp_sqrt$lsc) refers to dsqrt.o(.text) for _dsqrt
    sqrt_x.o(i.__sqrt$lsc) refers (Special) to iusefp.o(.text) for __I$use$fp
    sqrt_x.o(i.__sqrt$lsc) refers to cdcmple.o(.text) for __aeabi_cdcmple
    sqrt_x.o(i.__sqrt$lsc) refers to errno.o(i.__set_errno) for __set_errno
    sqrt_x.o(i.__sqrt$lsc) refers to dsqrt.o(.text) for _dsqrt
    entry2.o(.ARM.Collect$$$$00000001) refers to entry2.o(.ARM.Collect$$$$00002712) for __lit__00000000
    entry2.o(.ARM.Collect$$$$00002712) refers to startup_stm32f40_41xxx.o(STACK) for __initial_sp
    entry2.o(__vectab_stack_and_reset_area) refers to startup_stm32f40_41xxx.o(STACK) for __initial_sp
    entry2.o(__vectab_stack_and_reset_area) refers to entry.o(.ARM.Collect$$$$00000000) for __main
    entry5.o(.ARM.Collect$$$$00000004) refers to init.o(.text) for __scatterload
    entry9a.o(.ARM.Collect$$$$0000000B) refers to main.o(.text) for main
    entry9b.o(.ARM.Collect$$$$0000000C) refers to main.o(.text) for main
    errno.o(i.__aeabi_errno_addr) refers to errno.o(.data) for .data
    errno.o(i.__read_errno) refers to errno.o(.data) for .data
    errno.o(i.__set_errno) refers to errno.o(.data) for .data
    depilogue.o(.text) refers to llshl.o(.text) for __aeabi_llsl
    depilogue.o(.text) refers to llushr.o(.text) for __aeabi_llsr
    init.o(.text) refers to entry5.o(.ARM.Collect$$$$00000004) for __main_after_scatterload
    dsqrt.o(.text) refers to llushr.o(.text) for __aeabi_llsr
    dsqrt.o(.text) refers to depilogue.o(.text) for _double_round


==============================================================================

Removing Unused input sections from the image.

    Removing main.o(.rev16_text), (4 bytes).
    Removing main.o(.revsh_text), (4 bytes).
    Removing sys.o(.rev16_text), (4 bytes).
    Removing sys.o(.revsh_text), (4 bytes).
    Removing sys.o(.emb_text), (16 bytes).
    Removing delay.o(.rev16_text), (4 bytes).
    Removing delay.o(.revsh_text), (4 bytes).
    Removing boot.o(.rev16_text), (4 bytes).
    Removing boot.o(.revsh_text), (4 bytes).
    Removing boot.o(.text), (54 bytes).
    Removing clock.o(.rev16_text), (4 bytes).
    Removing clock.o(.revsh_text), (4 bytes).
    Removing communication.o(.rev16_text), (4 bytes).
    Removing communication.o(.revsh_text), (4 bytes).
    Removing myfunc.o(.rev16_text), (4 bytes).
    Removing myfunc.o(.revsh_text), (4 bytes).
    Removing iwdg.o(.rev16_text), (4 bytes).
    Removing iwdg.o(.revsh_text), (4 bytes).
    Removing iwdg.o(.text), (38 bytes).
    Removing 6050.o(.rev16_text), (4 bytes).
    Removing 6050.o(.revsh_text), (4 bytes).
    Removing i2c.o(.rev16_text), (4 bytes).
    Removing i2c.o(.revsh_text), (4 bytes).
    Removing imu.o(.rev16_text), (4 bytes).
    Removing imu.o(.revsh_text), (4 bytes).
    Removing controltask.o(.rev16_text), (4 bytes).
    Removing controltask.o(.revsh_text), (4 bytes).
    Removing comunicatetask.o(.rev16_text), (4 bytes).
    Removing comunicatetask.o(.revsh_text), (4 bytes).
    Removing comunicatetask.o(.constdata), (8 bytes).
    Removing chassistask.o(.rev16_text), (4 bytes).
    Removing chassistask.o(.revsh_text), (4 bytes).
    Removing pidtask.o(.rev16_text), (4 bytes).
    Removing pidtask.o(.revsh_text), (4 bytes).
    Removing referee.o(.rev16_text), (4 bytes).
    Removing referee.o(.revsh_text), (4 bytes).
    Removing startup_stm32f40_41xxx.o(HEAP), (2048 bytes).
    Removing misc.o(.rev16_text), (4 bytes).
    Removing misc.o(.revsh_text), (4 bytes).
    Removing stm32f4xx_adc.o(.rev16_text), (4 bytes).
    Removing stm32f4xx_adc.o(.revsh_text), (4 bytes).
    Removing stm32f4xx_adc.o(.text), (1136 bytes).
    Removing stm32f4xx_can.o(.rev16_text), (4 bytes).
    Removing stm32f4xx_can.o(.revsh_text), (4 bytes).
    Removing stm32f4xx_usart.o(.rev16_text), (4 bytes).
    Removing stm32f4xx_usart.o(.revsh_text), (4 bytes).
    Removing system_stm32f4xx.o(.rev16_text), (4 bytes).
    Removing system_stm32f4xx.o(.revsh_text), (4 bytes).
    Removing stm32f4xx_iwdg.o(.rev16_text), (4 bytes).
    Removing stm32f4xx_iwdg.o(.revsh_text), (4 bytes).
    Removing stm32f4xx_iwdg.o(.text), (64 bytes).
    Removing stm32f4xx_i2c.o(.rev16_text), (4 bytes).
    Removing stm32f4xx_i2c.o(.revsh_text), (4 bytes).
    Removing stm32f4xx_i2c.o(.text), (1110 bytes).
    Removing stm32f4xx_gpio.o(.rev16_text), (4 bytes).
    Removing stm32f4xx_gpio.o(.revsh_text), (4 bytes).
    Removing stm32f4xx_pwr.o(.rev16_text), (4 bytes).
    Removing stm32f4xx_pwr.o(.revsh_text), (4 bytes).
    Removing stm32f4xx_pwr.o(.text), (368 bytes).
    Removing stm32f4xx_rcc.o(.rev16_text), (4 bytes).
    Removing stm32f4xx_rcc.o(.revsh_text), (4 bytes).
    Removing stm32f4xx_rtc.o(.rev16_text), (4 bytes).
    Removing stm32f4xx_rtc.o(.revsh_text), (4 bytes).
    Removing stm32f4xx_rtc.o(.text), (3432 bytes).
    Removing stm32f4xx_tim.o(.rev16_text), (4 bytes).
    Removing stm32f4xx_tim.o(.revsh_text), (4 bytes).
    Removing stm32f4xx_dma.o(.rev16_text), (4 bytes).
    Removing stm32f4xx_dma.o(.revsh_text), (4 bytes).
    Removing dneg.o(.text), (6 bytes).
    Removing cdcmple.o(.text), (40 bytes).

70 unused section(s) (total 8552 bytes) removed from the image.

==============================================================================

Image Symbol Table

    Local Symbols

    Symbol Name                              Value     Ov Type        Size  Object(Section)

    ../clib/microlib/errno.c                 0x00000000   Number         0  errno.o ABSOLUTE
    ../clib/microlib/init/entry.s            0x00000000   Number         0  entry7a.o ABSOLUTE
    ../clib/microlib/init/entry.s            0x00000000   Number         0  entry10b.o ABSOLUTE
    ../clib/microlib/init/entry.s            0x00000000   Number         0  entry7b.o ABSOLUTE
    ../clib/microlib/init/entry.s            0x00000000   Number         0  entry8a.o ABSOLUTE
    ../clib/microlib/init/entry.s            0x00000000   Number         0  entry8b.o ABSOLUTE
    ../clib/microlib/init/entry.s            0x00000000   Number         0  entry11a.o ABSOLUTE
    ../clib/microlib/init/entry.s            0x00000000   Number         0  entry.o ABSOLUTE
    ../clib/microlib/init/entry.s            0x00000000   Number         0  entry2.o ABSOLUTE
    ../clib/microlib/init/entry.s            0x00000000   Number         0  entry5.o ABSOLUTE
    ../clib/microlib/init/entry.s            0x00000000   Number         0  entry9a.o ABSOLUTE
    ../clib/microlib/init/entry.s            0x00000000   Number         0  entry9b.o ABSOLUTE
    ../clib/microlib/init/entry.s            0x00000000   Number         0  entry11b.o ABSOLUTE
    ../clib/microlib/init/entry.s            0x00000000   Number         0  entry10a.o ABSOLUTE
    ../clib/microlib/longlong.c              0x00000000   Number         0  llsshr.o ABSOLUTE
    ../clib/microlib/longlong.c              0x00000000   Number         0  llushr.o ABSOLUTE
    ../clib/microlib/longlong.c              0x00000000   Number         0  llshl.o ABSOLUTE
    ../clib/microlib/string/memcpy.c         0x00000000   Number         0  memcpya.o ABSOLUTE
    ../clib/microlib/string/memcpy.c         0x00000000   Number         0  memcpyb.o ABSOLUTE
    ../clib/microlib/string/memset.c         0x00000000   Number         0  memseta.o ABSOLUTE
    ../clib/microlib/stubs.s                 0x00000000   Number         0  iusefp.o ABSOLUTE
    ../fplib/microlib/d2f.c                  0x00000000   Number         0  d2f.o ABSOLUTE
    ../fplib/microlib/f2d.c                  0x00000000   Number         0  f2d.o ABSOLUTE
    ../fplib/microlib/fpadd.c                0x00000000   Number         0  dadd.o ABSOLUTE
    ../fplib/microlib/fpdiv.c                0x00000000   Number         0  ddiv.o ABSOLUTE
    ../fplib/microlib/fpepilogue.c           0x00000000   Number         0  fepilogue.o ABSOLUTE
    ../fplib/microlib/fpepilogue.c           0x00000000   Number         0  depilogue.o ABSOLUTE
    ../fplib/microlib/fpfix.c                0x00000000   Number         0  dfixi.o ABSOLUTE
    ../fplib/microlib/fpflt.c                0x00000000   Number         0  dflti.o ABSOLUTE
    ../fplib/microlib/fpmul.c                0x00000000   Number         0  dmul.o ABSOLUTE
    ../fplib/microlib/fpneg.c                0x00000000   Number         0  dneg.o ABSOLUTE
    ../fplib/microlib/fpsqrt.c               0x00000000   Number         0  dsqrt.o ABSOLUTE
    ../mathlib/asin.c                        0x00000000   Number         0  asin.o ABSOLUTE
    ../mathlib/asin.c                        0x00000000   Number         0  asin_x.o ABSOLUTE
    ../mathlib/atan.c                        0x00000000   Number         0  atan_x.o ABSOLUTE
    ../mathlib/atan.c                        0x00000000   Number         0  atan.o ABSOLUTE
    ../mathlib/atan2.c                       0x00000000   Number         0  atan2.o ABSOLUTE
    ../mathlib/atan2.c                       0x00000000   Number         0  atan2_x.o ABSOLUTE
    ../mathlib/dunder.c                      0x00000000   Number         0  dunder.o ABSOLUTE
    ../mathlib/fabs.c                        0x00000000   Number         0  fabs.o ABSOLUTE
    ../mathlib/fpclassify.c                  0x00000000   Number         0  fpclassify.o ABSOLUTE
    ../mathlib/poly.c                        0x00000000   Number         0  poly.o ABSOLUTE
    ../mathlib/qnan.c                        0x00000000   Number         0  qnan.o ABSOLUTE
    ../mathlib/sqrt.c                        0x00000000   Number         0  sqrt_x.o ABSOLUTE
    ../mathlib/sqrt.c                        0x00000000   Number         0  sqrt.o ABSOLUTE
    ..\Libraries\misc.c                      0x00000000   Number         0  misc.o ABSOLUTE
    ..\Libraries\startup_stm32f40_41xxx.s    0x00000000   Number         0  startup_stm32f40_41xxx.o ABSOLUTE
    ..\Libraries\stm32f4xx_adc.c             0x00000000   Number         0  stm32f4xx_adc.o ABSOLUTE
    ..\Libraries\stm32f4xx_can.c             0x00000000   Number         0  stm32f4xx_can.o ABSOLUTE
    ..\Libraries\stm32f4xx_dma.c             0x00000000   Number         0  stm32f4xx_dma.o ABSOLUTE
    ..\Libraries\stm32f4xx_gpio.c            0x00000000   Number         0  stm32f4xx_gpio.o ABSOLUTE
    ..\Libraries\stm32f4xx_i2c.c             0x00000000   Number         0  stm32f4xx_i2c.o ABSOLUTE
    ..\Libraries\stm32f4xx_iwdg.c            0x00000000   Number         0  stm32f4xx_iwdg.o ABSOLUTE
    ..\Libraries\stm32f4xx_pwr.c             0x00000000   Number         0  stm32f4xx_pwr.o ABSOLUTE
    ..\Libraries\stm32f4xx_rcc.c             0x00000000   Number         0  stm32f4xx_rcc.o ABSOLUTE
    ..\Libraries\stm32f4xx_rtc.c             0x00000000   Number         0  stm32f4xx_rtc.o ABSOLUTE
    ..\Libraries\stm32f4xx_tim.c             0x00000000   Number         0  stm32f4xx_tim.o ABSOLUTE
    ..\Libraries\stm32f4xx_usart.c           0x00000000   Number         0  stm32f4xx_usart.o ABSOLUTE
    ..\Libraries\system_stm32f4xx.c          0x00000000   Number         0  system_stm32f4xx.o ABSOLUTE
    ..\User\Src\BSP\Boot.c                   0x00000000   Number         0  boot.o ABSOLUTE
    ..\User\Src\BSP\Clock.c                  0x00000000   Number         0  clock.o ABSOLUTE
    ..\User\Src\BSP\Communication.c          0x00000000   Number         0  communication.o ABSOLUTE
    ..\User\Src\BSP\IWDG.c                   0x00000000   Number         0  iwdg.o ABSOLUTE
    ..\User\Src\BSP\MyFunc.c                 0x00000000   Number         0  myfunc.o ABSOLUTE
    ..\User\Src\BSP\delay.c                  0x00000000   Number         0  delay.o ABSOLUTE
    ..\User\Src\BSP\sys.c                    0x00000000   Number         0  sys.o ABSOLUTE
    ..\User\Src\IMU\6050.c                   0x00000000   Number         0  6050.o ABSOLUTE
    ..\User\Src\IMU\I2C.c                    0x00000000   Number         0  i2c.o ABSOLUTE
    ..\User\Src\IMU\Imu.c                    0x00000000   Number         0  imu.o ABSOLUTE
    ..\User\Src\Referee\Referee.c            0x00000000   Number         0  referee.o ABSOLUTE
    ..\User\Src\Task\ChassisTask.c           0x00000000   Number         0  chassistask.o ABSOLUTE
    ..\User\Src\Task\ComunicateTask.c        0x00000000   Number         0  comunicatetask.o ABSOLUTE
    ..\User\Src\Task\ControlTask.c           0x00000000   Number         0  controltask.o ABSOLUTE
    ..\User\Src\Task\PidTask.c               0x00000000   Number         0  pidtask.o ABSOLUTE
    ..\User\Src\main.c                       0x00000000   Number         0  main.o ABSOLUTE
    ..\\Libraries\\misc.c                    0x00000000   Number         0  misc.o ABSOLUTE
    ..\\Libraries\\stm32f4xx_adc.c           0x00000000   Number         0  stm32f4xx_adc.o ABSOLUTE
    ..\\Libraries\\stm32f4xx_can.c           0x00000000   Number         0  stm32f4xx_can.o ABSOLUTE
    ..\\Libraries\\stm32f4xx_dma.c           0x00000000   Number         0  stm32f4xx_dma.o ABSOLUTE
    ..\\Libraries\\stm32f4xx_gpio.c          0x00000000   Number         0  stm32f4xx_gpio.o ABSOLUTE
    ..\\Libraries\\stm32f4xx_i2c.c           0x00000000   Number         0  stm32f4xx_i2c.o ABSOLUTE
    ..\\Libraries\\stm32f4xx_iwdg.c          0x00000000   Number         0  stm32f4xx_iwdg.o ABSOLUTE
    ..\\Libraries\\stm32f4xx_pwr.c           0x00000000   Number         0  stm32f4xx_pwr.o ABSOLUTE
    ..\\Libraries\\stm32f4xx_rcc.c           0x00000000   Number         0  stm32f4xx_rcc.o ABSOLUTE
    ..\\Libraries\\stm32f4xx_rtc.c           0x00000000   Number         0  stm32f4xx_rtc.o ABSOLUTE
    ..\\Libraries\\stm32f4xx_tim.c           0x00000000   Number         0  stm32f4xx_tim.o ABSOLUTE
    ..\\Libraries\\stm32f4xx_usart.c         0x00000000   Number         0  stm32f4xx_usart.o ABSOLUTE
    ..\\Libraries\\system_stm32f4xx.c        0x00000000   Number         0  system_stm32f4xx.o ABSOLUTE
    ..\\User\\Src\\BSP\\Boot.c               0x00000000   Number         0  boot.o ABSOLUTE
    ..\\User\\Src\\BSP\\Clock.c              0x00000000   Number         0  clock.o ABSOLUTE
    ..\\User\\Src\\BSP\\Communication.c      0x00000000   Number         0  communication.o ABSOLUTE
    ..\\User\\Src\\BSP\\IWDG.c               0x00000000   Number         0  iwdg.o ABSOLUTE
    ..\\User\\Src\\BSP\\MyFunc.c             0x00000000   Number         0  myfunc.o ABSOLUTE
    ..\\User\\Src\\BSP\\delay.c              0x00000000   Number         0  delay.o ABSOLUTE
    ..\\User\\Src\\BSP\\sys.c                0x00000000   Number         0  sys.o ABSOLUTE
    ..\\User\\Src\\IMU\\6050.c               0x00000000   Number         0  6050.o ABSOLUTE
    ..\\User\\Src\\IMU\\I2C.c                0x00000000   Number         0  i2c.o ABSOLUTE
    ..\\User\\Src\\IMU\\Imu.c                0x00000000   Number         0  imu.o ABSOLUTE
    ..\\User\\Src\\Referee\\Referee.c        0x00000000   Number         0  referee.o ABSOLUTE
    ..\\User\\Src\\Task\\ChassisTask.c       0x00000000   Number         0  chassistask.o ABSOLUTE
    ..\\User\\Src\\Task\\ComunicateTask.c    0x00000000   Number         0  comunicatetask.o ABSOLUTE
    ..\\User\\Src\\Task\\ControlTask.c       0x00000000   Number         0  controltask.o ABSOLUTE
    ..\\User\\Src\\Task\\PidTask.c           0x00000000   Number         0  pidtask.o ABSOLUTE
    ..\\User\\Src\\main.c                    0x00000000   Number         0  main.o ABSOLUTE
    cdcmple.s                                0x00000000   Number         0  cdcmple.o ABSOLUTE
    dc.s                                     0x00000000   Number         0  dc.o ABSOLUTE
    handlers.s                               0x00000000   Number         0  handlers.o ABSOLUTE
    init.s                                   0x00000000   Number         0  init.o ABSOLUTE
    RESET                                    0x08000000   Section      392  startup_stm32f40_41xxx.o(RESET)
    .ARM.Collect$$$$00000000                 0x08000188   Section        0  entry.o(.ARM.Collect$$$$00000000)
    .ARM.Collect$$$$00000001                 0x08000188   Section        4  entry2.o(.ARM.Collect$$$$00000001)
    .ARM.Collect$$$$00000004                 0x0800018c   Section        4  entry5.o(.ARM.Collect$$$$00000004)
    .ARM.Collect$$$$00000008                 0x08000190   Section        0  entry7b.o(.ARM.Collect$$$$00000008)
    .ARM.Collect$$$$0000000A                 0x08000190   Section        0  entry8b.o(.ARM.Collect$$$$0000000A)
    .ARM.Collect$$$$0000000B                 0x08000190   Section        8  entry9a.o(.ARM.Collect$$$$0000000B)
    .ARM.Collect$$$$0000000D                 0x08000198   Section        0  entry10a.o(.ARM.Collect$$$$0000000D)
    .ARM.Collect$$$$0000000F                 0x08000198   Section        0  entry11a.o(.ARM.Collect$$$$0000000F)
    .ARM.Collect$$$$00002712                 0x08000198   Section        4  entry2.o(.ARM.Collect$$$$00002712)
    __lit__00000000                          0x08000198   Data           4  entry2.o(.ARM.Collect$$$$00002712)
    .text                                    0x0800019c   Section        0  main.o(.text)
    .text                                    0x080001a8   Section        0  delay.o(.text)
    .text                                    0x080002a8   Section        0  clock.o(.text)
    .text                                    0x0800038c   Section        0  communication.o(.text)
    .text                                    0x08000648   Section        0  myfunc.o(.text)
    .text                                    0x080007d4   Section        0  6050.o(.text)
    .text                                    0x08000a18   Section        0  i2c.o(.text)
    .text                                    0x08000d7c   Section        0  imu.o(.text)
    KalmanFilter_z                           0x08001383   Thumb Code   304  imu.o(.text)
    KalmanFilter_y                           0x080014b3   Thumb Code   362  imu.o(.text)
    KalmanFilter_x                           0x0800161d   Thumb Code   304  imu.o(.text)
    .text                                    0x08001a14   Section        0  controltask.o(.text)
    .text                                    0x08001a88   Section        0  comunicatetask.o(.text)
    .text                                    0x08002070   Section        0  chassistask.o(.text)
    .text                                    0x08002208   Section        0  pidtask.o(.text)
    .text                                    0x08002300   Section        0  referee.o(.text)
    .text                                    0x08002b0c   Section       36  startup_stm32f40_41xxx.o(.text)
    $v0                                      0x08002b0c   Number         0  startup_stm32f40_41xxx.o(.text)
    .text                                    0x08002b30   Section        0  misc.o(.text)
    .text                                    0x08002c14   Section        0  stm32f4xx_can.o(.text)
    CheckITStatus                            0x08003417   Thumb Code    16  stm32f4xx_can.o(.text)
    .text                                    0x08003600   Section        0  stm32f4xx_usart.o(.text)
    .text                                    0x08003a54   Section        0  system_stm32f4xx.o(.text)
    SetSysClock                              0x08003a55   Thumb Code   218  system_stm32f4xx.o(.text)
    .text                                    0x08003c64   Section        0  stm32f4xx_gpio.o(.text)
    .text                                    0x08003ef8   Section        0  stm32f4xx_rcc.o(.text)
    .text                                    0x08004554   Section        0  stm32f4xx_tim.o(.text)
    TI4_Config                               0x08004cf3   Thumb Code    80  stm32f4xx_tim.o(.text)
    TI3_Config                               0x08004d55   Thumb Code    72  stm32f4xx_tim.o(.text)
    TI2_Config                               0x08004db7   Thumb Code    90  stm32f4xx_tim.o(.text)
    TI1_Config                               0x08004e23   Thumb Code    58  stm32f4xx_tim.o(.text)
    .text                                    0x080051f8   Section        0  stm32f4xx_dma.o(.text)
    .text                                    0x0800559c   Section        0  memcpya.o(.text)
    .text                                    0x080055c0   Section        0  memseta.o(.text)
    .text                                    0x080055e4   Section        0  dadd.o(.text)
    .text                                    0x08005732   Section        0  dmul.o(.text)
    .text                                    0x08005816   Section        0  ddiv.o(.text)
    .text                                    0x080058f4   Section        0  dflti.o(.text)
    .text                                    0x08005916   Section        0  dfixi.o(.text)
    .text                                    0x08005954   Section        0  f2d.o(.text)
    .text                                    0x0800597a   Section        0  d2f.o(.text)
    .text                                    0x080059b2   Section        0  llshl.o(.text)
    .text                                    0x080059d0   Section        0  llushr.o(.text)
    .text                                    0x080059f0   Section        0  llsshr.o(.text)
    .text                                    0x08005a14   Section        0  fepilogue.o(.text)
    .text                                    0x08005a14   Section        0  iusefp.o(.text)
    .text                                    0x08005a80   Section        0  depilogue.o(.text)
    .text                                    0x08005b40   Section       36  init.o(.text)
    .text                                    0x08005b64   Section        0  dsqrt.o(.text)
    i.__ARM_fpclassify                       0x08005c06   Section        0  fpclassify.o(i.__ARM_fpclassify)
    i.__hardfp_asin                          0x08005c38   Section        0  asin.o(i.__hardfp_asin)
    i.__hardfp_atan                          0x08005fa8   Section        0  atan.o(i.__hardfp_atan)
    i.__hardfp_atan2                         0x08006290   Section        0  atan2.o(i.__hardfp_atan2)
    i.__kernel_poly                          0x08006470   Section        0  poly.o(i.__kernel_poly)
    i.__mathlib_dbl_underflow                0x08006568   Section        0  dunder.o(i.__mathlib_dbl_underflow)
    i.__scatterload_copy                     0x08006588   Section       14  handlers.o(i.__scatterload_copy)
    i.__scatterload_null                     0x08006596   Section        2  handlers.o(i.__scatterload_null)
    i.__scatterload_zeroinit                 0x08006598   Section       14  handlers.o(i.__scatterload_zeroinit)
    i.__set_errno                            0x080065a8   Section        0  errno.o(i.__set_errno)
    i.atan                                   0x080065b4   Section        0  atan.o(i.atan)
    i.fabs                                   0x080065c4   Section        0  fabs.o(i.fabs)
    i.sqrt                                   0x080065e4   Section        0  sqrt.o(i.sqrt)
    .constdata                               0x08006652   Section      770  referee.o(.constdata)
    .constdata                               0x08006958   Section       80  asin.o(.constdata)
    pS                                       0x08006958   Data          48  asin.o(.constdata)
    qS                                       0x08006988   Data          32  asin.o(.constdata)
    .constdata                               0x080069a8   Section      152  atan.o(.constdata)
    atanhi                                   0x080069a8   Data          32  atan.o(.constdata)
    atanlo                                   0x080069c8   Data          32  atan.o(.constdata)
    aTodd                                    0x080069e8   Data          40  atan.o(.constdata)
    aTeven                                   0x08006a10   Data          48  atan.o(.constdata)
    .constdata                               0x08006a40   Section        8  qnan.o(.constdata)
    .data                                    0x20000000   Section        4  delay.o(.data)
    fac_us                                   0x20000000   Data           1  delay.o(.data)
    fac_ms                                   0x20000002   Data           2  delay.o(.data)
    .data                                    0x20000004   Section        4  clock.o(.data)
    .data                                    0x20000008   Section        4  communication.o(.data)
    this_time_rx_len                         0x20000008   Data           4  communication.o(.data)
    .data                                    0x2000000c   Section        1  6050.o(.data)
    .data                                    0x20000010   Section       88  imu.o(.data)
    gyro_filter_cnt                          0x2000002d   Data           1  imu.o(.data)
    x_last                                   0x20000030   Data           8  imu.o(.data)
    p_last                                   0x20000038   Data           8  imu.o(.data)
    x_last                                   0x20000040   Data           8  imu.o(.data)
    p_last                                   0x20000048   Data           8  imu.o(.data)
    x_last                                   0x20000050   Data           8  imu.o(.data)
    p_last                                   0x20000058   Data           8  imu.o(.data)
    .data                                    0x20000068   Section        3  controltask.o(.data)
    .data                                    0x2000006c   Section       12  comunicatetask.o(.data)
    .data                                    0x20000078   Section       68  referee.o(.data)
    this_time_rx_len                         0x2000008c   Data           4  referee.o(.data)
    this_time_rx_len                         0x20000090   Data           4  referee.o(.data)
    .data                                    0x200000bc   Section       20  system_stm32f4xx.o(.data)
    .data                                    0x200000d0   Section       16  stm32f4xx_rcc.o(.data)
    APBAHBPrescTable                         0x200000d0   Data          16  stm32f4xx_rcc.o(.data)
    .data                                    0x200000e0   Section        4  errno.o(.data)
    _errno                                   0x200000e0   Data           4  errno.o(.data)
    .bss                                     0x200000e4   Section       18  communication.o(.bss)
    .bss                                     0x200000f8   Section      160  6050.o(.bss)
    .bss                                     0x20000198   Section      132  imu.o(.bss)
    .bss                                     0x2000021c   Section      192  comunicatetask.o(.bss)
    .bss                                     0x200002dc   Section      304  chassistask.o(.bss)
    .bss                                     0x2000040c   Section      184  referee.o(.bss)
    STACK                                    0x200004c8   Section     2048  startup_stm32f40_41xxx.o(STACK)

    Global Symbols

    Symbol Name                              Value     Ov Type        Size  Object(Section)

    BuildAttributes$$THM_ISAv4$E$P$D$K$B$S$7EM$VFPi3$EXTD16$VFPS$VFMA$PE$A:L22UL41UL21$X:L11$S22US41US21$IEEE1$IW$USESV6$~STKCKD$USESV7$~SHL$OTIME$ROPI$IEEEX$EBA8$MICROLIB$REQ8$PRES8$EABIv2 0x00000000   Number         0  anon$$obj.o ABSOLUTE
    __ARM_use_no_argv                        0x00000000   Number         0  main.o ABSOLUTE
    __cpp_initialize__aeabi_                  - Undefined Weak Reference
    __cxa_finalize                            - Undefined Weak Reference
    __decompress                              - Undefined Weak Reference
    _clock_init                               - Undefined Weak Reference
    _microlib_exit                            - Undefined Weak Reference
    __Vectors_Size                           0x00000188   Number         0  startup_stm32f40_41xxx.o ABSOLUTE
    __Vectors                                0x08000000   Data           4  startup_stm32f40_41xxx.o(RESET)
    __Vectors_End                            0x08000188   Data           0  startup_stm32f40_41xxx.o(RESET)
    __main                                   0x08000189   Thumb Code     0  entry.o(.ARM.Collect$$$$00000000)
    _main_stk                                0x08000189   Thumb Code     0  entry2.o(.ARM.Collect$$$$00000001)
    _main_scatterload                        0x0800018d   Thumb Code     0  entry5.o(.ARM.Collect$$$$00000004)
    __main_after_scatterload                 0x08000191   Thumb Code     0  entry5.o(.ARM.Collect$$$$00000004)
    _main_clock                              0x08000191   Thumb Code     0  entry7b.o(.ARM.Collect$$$$00000008)
    _main_cpp_init                           0x08000191   Thumb Code     0  entry8b.o(.ARM.Collect$$$$0000000A)
    _main_init                               0x08000191   Thumb Code     0  entry9a.o(.ARM.Collect$$$$0000000B)
    __rt_final_cpp                           0x08000199   Thumb Code     0  entry10a.o(.ARM.Collect$$$$0000000D)
    __rt_final_exit                          0x08000199   Thumb Code     0  entry11a.o(.ARM.Collect$$$$0000000F)
    main                                     0x0800019d   Thumb Code    10  main.o(.text)
    delay_init                               0x080001a9   Thumb Code    52  delay.o(.text)
    delay_us                                 0x080001dd   Thumb Code    70  delay.o(.text)
    delay_xms                                0x08000223   Thumb Code    70  delay.o(.text)
    delay_ms                                 0x08000269   Thumb Code    56  delay.o(.text)
    sysConfig                                0x080002a9   Thumb Code    58  clock.o(.text)
    clockConfig                              0x080002e3   Thumb Code    98  clock.o(.text)
    TIM8_BRK_TIM12_IRQHandler                0x08000345   Thumb Code    48  clock.o(.text)
    Get_Time_Micros                          0x08000375   Thumb Code     8  clock.o(.text)
    can2Config                               0x0800038d   Thumb Code   226  communication.o(.text)
    remoteConfig                             0x0800046f   Thumb Code   266  communication.o(.text)
    USART1_IRQHandler                        0x08000579   Thumb Code    98  communication.o(.text)
    CAN2_TX_IRQHandler                       0x080005db   Thumb Code    22  communication.o(.text)
    CAN2_RX0_IRQHandler                      0x080005f1   Thumb Code    44  communication.o(.text)
    my_min                                   0x08000649   Thumb Code    26  myfunc.o(.text)
    my_max                                   0x08000663   Thumb Code    26  myfunc.o(.text)
    amplitudeLimiting                        0x0800067d   Thumb Code    54  myfunc.o(.text)
    Subsection_PID                           0x080006b3   Thumb Code   126  myfunc.o(.text)
    Subsection_PID_v2                        0x08000731   Thumb Code   164  myfunc.o(.text)
    InitMPU6050                              0x080007d5   Thumb Code   164  6050.o(.text)
    MPU6050_Read                             0x08000879   Thumb Code   148  6050.o(.text)
    Gyro_OFFEST                              0x0800090d   Thumb Code   248  6050.o(.text)
    I2C_INIT                                 0x08000a19   Thumb Code    82  i2c.o(.text)
    I2C_delay                                0x08000a6b   Thumb Code    14  i2c.o(.text)
    delay5ms                                 0x08000a79   Thumb Code    14  i2c.o(.text)
    I2C_Start                                0x08000a87   Thumb Code    90  i2c.o(.text)
    I2C_Stop                                 0x08000ae1   Thumb Code    60  i2c.o(.text)
    I2C_Ack                                  0x08000b1d   Thumb Code    60  i2c.o(.text)
    I2C_NoAck                                0x08000b59   Thumb Code    60  i2c.o(.text)
    I2C_WaitAck                              0x08000b95   Thumb Code    92  i2c.o(.text)
    I2C_SendByte                             0x08000bf1   Thumb Code    94  i2c.o(.text)
    I2C_RadeByte                             0x08000c4f   Thumb Code    88  i2c.o(.text)
    Single_Write                             0x08000ca7   Thumb Code    70  i2c.o(.text)
    Single_Write_MS5611                      0x08000ced   Thumb Code    58  i2c.o(.text)
    Single_Read                              0x08000d27   Thumb Code    80  i2c.o(.text)
    invSqrt                                  0x08000d7d   Thumb Code    56  imu.o(.text)
    IMUupdate                                0x08000db5   Thumb Code  1486  imu.o(.text)
    readIMU                                  0x0800174d   Thumb Code   566  imu.o(.text)
    imu                                      0x08001983   Thumb Code    96  imu.o(.text)
    runControl                               0x08001a15   Thumb Code    92  controltask.o(.text)
    RampCal                                  0x08001a89   Thumb Code    96  comunicatetask.o(.text)
    computerControl                          0x08001ae9   Thumb Code   490  comunicatetask.o(.text)
    remoteControl                            0x08001cd3   Thumb Code   386  comunicatetask.o(.text)
    commuiModeChange                         0x08001e55   Thumb Code    48  comunicatetask.o(.text)
    readRemote                               0x08001e85   Thumb Code   204  comunicatetask.o(.text)
    transferType                             0x08001f51   Thumb Code   214  comunicatetask.o(.text)
    canTrans                                 0x08002027   Thumb Code    68  comunicatetask.o(.text)
    allParaInit                              0x08002071   Thumb Code    60  chassistask.o(.text)
    wheelSolute                              0x080020ad   Thumb Code   190  chassistask.o(.text)
    chassisControl                           0x0800216b   Thumb Code   148  chassistask.o(.text)
    pidCalculate                             0x08002209   Thumb Code   170  pidtask.o(.text)
    pidGet                                   0x080022b3   Thumb Code    18  pidtask.o(.text)
    pidInit                                  0x080022c5   Thumb Code    54  pidtask.o(.text)
    refereeConfig                            0x08002301   Thumb Code   450  referee.o(.text)
    mainfoldConfig                           0x080024c3   Thumb Code   316  referee.o(.text)
    DMA1_Stream6_IRQHandler                  0x080025ff   Thumb Code    42  referee.o(.text)
    New_Send_Data                            0x08002629   Thumb Code    54  referee.o(.text)
    USART3_IRQHandler                        0x0800265f   Thumb Code    82  referee.o(.text)
    USART2_IRQHandler                        0x080026b1   Thumb Code   748  referee.o(.text)
    Get_CRC16_Check_Sum                      0x0800299d   Thumb Code    46  referee.o(.text)
    Append_CRC16_Check_Sum                   0x080029cb   Thumb Code    44  referee.o(.text)
    Get_CRC8_Check_Sum                       0x080029f7   Thumb Code    30  referee.o(.text)
    Append_CRC8_Check_Sum                    0x08002a15   Thumb Code    36  referee.o(.text)
    SendtoReferee                            0x08002a39   Thumb Code    46  referee.o(.text)
    Verify_CRC8_Check_Sum                    0x08002a67   Thumb Code    46  referee.o(.text)
    Verify_CRC16_Check_Sum                   0x08002a95   Thumb Code    60  referee.o(.text)
    Reset_Handler                            0x08002b0d   Thumb Code     8  startup_stm32f40_41xxx.o(.text)
    NMI_Handler                              0x08002b15   Thumb Code     2  startup_stm32f40_41xxx.o(.text)
    HardFault_Handler                        0x08002b17   Thumb Code     2  startup_stm32f40_41xxx.o(.text)
    MemManage_Handler                        0x08002b19   Thumb Code     2  startup_stm32f40_41xxx.o(.text)
    BusFault_Handler                         0x08002b1b   Thumb Code     2  startup_stm32f40_41xxx.o(.text)
    UsageFault_Handler                       0x08002b1d   Thumb Code     2  startup_stm32f40_41xxx.o(.text)
    SVC_Handler                              0x08002b1f   Thumb Code     2  startup_stm32f40_41xxx.o(.text)
    DebugMon_Handler                         0x08002b21   Thumb Code     2  startup_stm32f40_41xxx.o(.text)
    PendSV_Handler                           0x08002b23   Thumb Code     2  startup_stm32f40_41xxx.o(.text)
    SysTick_Handler                          0x08002b25   Thumb Code     2  startup_stm32f40_41xxx.o(.text)
    ADC_IRQHandler                           0x08002b27   Thumb Code     0  startup_stm32f40_41xxx.o(.text)
    CAN1_RX0_IRQHandler                      0x08002b27   Thumb Code     0  startup_stm32f40_41xxx.o(.text)
    CAN1_RX1_IRQHandler                      0x08002b27   Thumb Code     0  startup_stm32f40_41xxx.o(.text)
    CAN1_SCE_IRQHandler                      0x08002b27   Thumb Code     0  startup_stm32f40_41xxx.o(.text)
    CAN1_TX_IRQHandler                       0x08002b27   Thumb Code     0  startup_stm32f40_41xxx.o(.text)
    CAN2_RX1_IRQHandler                      0x08002b27   Thumb Code     0  startup_stm32f40_41xxx.o(.text)
    CAN2_SCE_IRQHandler                      0x08002b27   Thumb Code     0  startup_stm32f40_41xxx.o(.text)
    CRYP_IRQHandler                          0x08002b27   Thumb Code     0  startup_stm32f40_41xxx.o(.text)
    DCMI_IRQHandler                          0x08002b27   Thumb Code     0  startup_stm32f40_41xxx.o(.text)
    DMA1_Stream0_IRQHandler                  0x08002b27   Thumb Code     0  startup_stm32f40_41xxx.o(.text)
    DMA1_Stream1_IRQHandler                  0x08002b27   Thumb Code     0  startup_stm32f40_41xxx.o(.text)
    DMA1_Stream2_IRQHandler                  0x08002b27   Thumb Code     0  startup_stm32f40_41xxx.o(.text)
    DMA1_Stream3_IRQHandler                  0x08002b27   Thumb Code     0  startup_stm32f40_41xxx.o(.text)
    DMA1_Stream4_IRQHandler                  0x08002b27   Thumb Code     0  startup_stm32f40_41xxx.o(.text)
    DMA1_Stream5_IRQHandler                  0x08002b27   Thumb Code     0  startup_stm32f40_41xxx.o(.text)
    DMA1_Stream7_IRQHandler                  0x08002b27   Thumb Code     0  startup_stm32f40_41xxx.o(.text)
    DMA2_Stream0_IRQHandler                  0x08002b27   Thumb Code     0  startup_stm32f40_41xxx.o(.text)
    DMA2_Stream1_IRQHandler                  0x08002b27   Thumb Code     0  startup_stm32f40_41xxx.o(.text)
    DMA2_Stream2_IRQHandler                  0x08002b27   Thumb Code     0  startup_stm32f40_41xxx.o(.text)
    DMA2_Stream3_IRQHandler                  0x08002b27   Thumb Code     0  startup_stm32f40_41xxx.o(.text)
    DMA2_Stream4_IRQHandler                  0x08002b27   Thumb Code     0  startup_stm32f40_41xxx.o(.text)
    DMA2_Stream5_IRQHandler                  0x08002b27   Thumb Code     0  startup_stm32f40_41xxx.o(.text)
    DMA2_Stream6_IRQHandler                  0x08002b27   Thumb Code     0  startup_stm32f40_41xxx.o(.text)
    DMA2_Stream7_IRQHandler                  0x08002b27   Thumb Code     0  startup_stm32f40_41xxx.o(.text)
    ETH_IRQHandler                           0x08002b27   Thumb Code     0  startup_stm32f40_41xxx.o(.text)
    ETH_WKUP_IRQHandler                      0x08002b27   Thumb Code     0  startup_stm32f40_41xxx.o(.text)
    EXTI0_IRQHandler                         0x08002b27   Thumb Code     0  startup_stm32f40_41xxx.o(.text)
    EXTI15_10_IRQHandler                     0x08002b27   Thumb Code     0  startup_stm32f40_41xxx.o(.text)
    EXTI1_IRQHandler                         0x08002b27   Thumb Code     0  startup_stm32f40_41xxx.o(.text)
    EXTI2_IRQHandler                         0x08002b27   Thumb Code     0  startup_stm32f40_41xxx.o(.text)
    EXTI3_IRQHandler                         0x08002b27   Thumb Code     0  startup_stm32f40_41xxx.o(.text)
    EXTI4_IRQHandler                         0x08002b27   Thumb Code     0  startup_stm32f40_41xxx.o(.text)
    EXTI9_5_IRQHandler                       0x08002b27   Thumb Code     0  startup_stm32f40_41xxx.o(.text)
    FLASH_IRQHandler                         0x08002b27   Thumb Code     0  startup_stm32f40_41xxx.o(.text)
    FPU_IRQHandler                           0x08002b27   Thumb Code     0  startup_stm32f40_41xxx.o(.text)
    FSMC_IRQHandler                          0x08002b27   Thumb Code     0  startup_stm32f40_41xxx.o(.text)
    HASH_RNG_IRQHandler                      0x08002b27   Thumb Code     0  startup_stm32f40_41xxx.o(.text)
    I2C1_ER_IRQHandler                       0x08002b27   Thumb Code     0  startup_stm32f40_41xxx.o(.text)
    I2C1_EV_IRQHandler                       0x08002b27   Thumb Code     0  startup_stm32f40_41xxx.o(.text)
    I2C2_ER_IRQHandler                       0x08002b27   Thumb Code     0  startup_stm32f40_41xxx.o(.text)
    I2C2_EV_IRQHandler                       0x08002b27   Thumb Code     0  startup_stm32f40_41xxx.o(.text)
    I2C3_ER_IRQHandler                       0x08002b27   Thumb Code     0  startup_stm32f40_41xxx.o(.text)
    I2C3_EV_IRQHandler                       0x08002b27   Thumb Code     0  startup_stm32f40_41xxx.o(.text)
    OTG_FS_IRQHandler                        0x08002b27   Thumb Code     0  startup_stm32f40_41xxx.o(.text)
    OTG_FS_WKUP_IRQHandler                   0x08002b27   Thumb Code     0  startup_stm32f40_41xxx.o(.text)
    OTG_HS_EP1_IN_IRQHandler                 0x08002b27   Thumb Code     0  startup_stm32f40_41xxx.o(.text)
    OTG_HS_EP1_OUT_IRQHandler                0x08002b27   Thumb Code     0  startup_stm32f40_41xxx.o(.text)
    OTG_HS_IRQHandler                        0x08002b27   Thumb Code     0  startup_stm32f40_41xxx.o(.text)
    OTG_HS_WKUP_IRQHandler                   0x08002b27   Thumb Code     0  startup_stm32f40_41xxx.o(.text)
    PVD_IRQHandler                           0x08002b27   Thumb Code     0  startup_stm32f40_41xxx.o(.text)
    RCC_IRQHandler                           0x08002b27   Thumb Code     0  startup_stm32f40_41xxx.o(.text)
    RTC_Alarm_IRQHandler                     0x08002b27   Thumb Code     0  startup_stm32f40_41xxx.o(.text)
    RTC_WKUP_IRQHandler                      0x08002b27   Thumb Code     0  startup_stm32f40_41xxx.o(.text)
    SDIO_IRQHandler                          0x08002b27   Thumb Code     0  startup_stm32f40_41xxx.o(.text)
    SPI1_IRQHandler                          0x08002b27   Thumb Code     0  startup_stm32f40_41xxx.o(.text)
    SPI2_IRQHandler                          0x08002b27   Thumb Code     0  startup_stm32f40_41xxx.o(.text)
    SPI3_IRQHandler                          0x08002b27   Thumb Code     0  startup_stm32f40_41xxx.o(.text)
    TAMP_STAMP_IRQHandler                    0x08002b27   Thumb Code     0  startup_stm32f40_41xxx.o(.text)
    TIM1_BRK_TIM9_IRQHandler                 0x08002b27   Thumb Code     0  startup_stm32f40_41xxx.o(.text)
    TIM1_CC_IRQHandler                       0x08002b27   Thumb Code     0  startup_stm32f40_41xxx.o(.text)
    TIM1_TRG_COM_TIM11_IRQHandler            0x08002b27   Thumb Code     0  startup_stm32f40_41xxx.o(.text)
    TIM1_UP_TIM10_IRQHandler                 0x08002b27   Thumb Code     0  startup_stm32f40_41xxx.o(.text)
    TIM2_IRQHandler                          0x08002b27   Thumb Code     0  startup_stm32f40_41xxx.o(.text)
    TIM3_IRQHandler                          0x08002b27   Thumb Code     0  startup_stm32f40_41xxx.o(.text)
    TIM4_IRQHandler                          0x08002b27   Thumb Code     0  startup_stm32f40_41xxx.o(.text)
    TIM5_IRQHandler                          0x08002b27   Thumb Code     0  startup_stm32f40_41xxx.o(.text)
    TIM6_DAC_IRQHandler                      0x08002b27   Thumb Code     0  startup_stm32f40_41xxx.o(.text)
    TIM7_IRQHandler                          0x08002b27   Thumb Code     0  startup_stm32f40_41xxx.o(.text)
    TIM8_CC_IRQHandler                       0x08002b27   Thumb Code     0  startup_stm32f40_41xxx.o(.text)
    TIM8_TRG_COM_TIM14_IRQHandler            0x08002b27   Thumb Code     0  startup_stm32f40_41xxx.o(.text)
    TIM8_UP_TIM13_IRQHandler                 0x08002b27   Thumb Code     0  startup_stm32f40_41xxx.o(.text)
    UART4_IRQHandler                         0x08002b27   Thumb Code     0  startup_stm32f40_41xxx.o(.text)
    UART5_IRQHandler                         0x08002b27   Thumb Code     0  startup_stm32f40_41xxx.o(.text)
    USART6_IRQHandler                        0x08002b27   Thumb Code     0  startup_stm32f40_41xxx.o(.text)
    WWDG_IRQHandler                          0x08002b27   Thumb Code     0  startup_stm32f40_41xxx.o(.text)
    NVIC_PriorityGroupConfig                 0x08002b31   Thumb Code    10  misc.o(.text)
    NVIC_Init                                0x08002b3b   Thumb Code   108  misc.o(.text)
    NVIC_SetVectorTable                      0x08002ba7   Thumb Code    14  misc.o(.text)
    NVIC_SystemLPConfig                      0x08002bb5   Thumb Code    34  misc.o(.text)
    SysTick_CLKSourceConfig                  0x08002bd7   Thumb Code    40  misc.o(.text)
    CAN_DeInit                               0x08002c15   Thumb Code    50  stm32f4xx_can.o(.text)
    CAN_Init                                 0x08002c47   Thumb Code   276  stm32f4xx_can.o(.text)
    CAN_FilterInit                           0x08002d5b   Thumb Code   258  stm32f4xx_can.o(.text)
    CAN_StructInit                           0x08002e5d   Thumb Code    32  stm32f4xx_can.o(.text)
    CAN_SlaveStartBank                       0x08002e7d   Thumb Code    48  stm32f4xx_can.o(.text)
    CAN_DBGFreeze                            0x08002ead   Thumb Code    22  stm32f4xx_can.o(.text)
    CAN_TTComModeCmd                         0x08002ec3   Thumb Code   118  stm32f4xx_can.o(.text)
    CAN_Transmit                             0x08002f39   Thumb Code   304  stm32f4xx_can.o(.text)
    CAN_TransmitStatus                       0x08003069   Thumb Code   138  stm32f4xx_can.o(.text)
    CAN_CancelTransmit                       0x080030f3   Thumb Code    48  stm32f4xx_can.o(.text)
    CAN_Receive                              0x08003123   Thumb Code   240  stm32f4xx_can.o(.text)
    CAN_FIFORelease                          0x08003213   Thumb Code    22  stm32f4xx_can.o(.text)
    CAN_MessagePending                       0x08003229   Thumb Code    30  stm32f4xx_can.o(.text)
    CAN_OperatingModeRequest                 0x08003247   Thumb Code   162  stm32f4xx_can.o(.text)
    CAN_Sleep                                0x080032e9   Thumb Code    30  stm32f4xx_can.o(.text)
    CAN_WakeUp                               0x08003307   Thumb Code    48  stm32f4xx_can.o(.text)
    CAN_GetLastErrorCode                     0x08003337   Thumb Code    12  stm32f4xx_can.o(.text)
    CAN_GetReceiveErrorCounter               0x08003343   Thumb Code    10  stm32f4xx_can.o(.text)
    CAN_GetLSBTransmitErrorCounter           0x0800334d   Thumb Code    12  stm32f4xx_can.o(.text)
    CAN_ITConfig                             0x08003359   Thumb Code    18  stm32f4xx_can.o(.text)
    CAN_GetFlagStatus                        0x0800336b   Thumb Code   120  stm32f4xx_can.o(.text)
    CAN_ClearFlag                            0x080033e3   Thumb Code    52  stm32f4xx_can.o(.text)
    CAN_GetITStatus                          0x08003427   Thumb Code   308  stm32f4xx_can.o(.text)
    CAN_ClearITPendingBit                    0x0800355b   Thumb Code   162  stm32f4xx_can.o(.text)
    USART_DeInit                             0x08003601   Thumb Code   206  stm32f4xx_usart.o(.text)
    USART_Init                               0x080036cf   Thumb Code   204  stm32f4xx_usart.o(.text)
    USART_StructInit                         0x0800379b   Thumb Code    24  stm32f4xx_usart.o(.text)
    USART_ClockInit                          0x080037b3   Thumb Code    32  stm32f4xx_usart.o(.text)
    USART_ClockStructInit                    0x080037d3   Thumb Code    12  stm32f4xx_usart.o(.text)
    USART_Cmd                                0x080037df   Thumb Code    24  stm32f4xx_usart.o(.text)
    USART_SetPrescaler                       0x080037f7   Thumb Code    16  stm32f4xx_usart.o(.text)
    USART_OverSampling8Cmd                   0x08003807   Thumb Code    22  stm32f4xx_usart.o(.text)
    USART_OneBitMethodCmd                    0x0800381d   Thumb Code    24  stm32f4xx_usart.o(.text)
    USART_SendData                           0x08003835   Thumb Code     8  stm32f4xx_usart.o(.text)
    USART_ReceiveData                        0x0800383d   Thumb Code    10  stm32f4xx_usart.o(.text)
    USART_SetAddress                         0x08003847   Thumb Code    18  stm32f4xx_usart.o(.text)
    USART_ReceiverWakeUpCmd                  0x08003859   Thumb Code    24  stm32f4xx_usart.o(.text)
    USART_WakeUpConfig                       0x08003871   Thumb Code    18  stm32f4xx_usart.o(.text)
    USART_LINBreakDetectLengthConfig         0x08003883   Thumb Code    18  stm32f4xx_usart.o(.text)
    USART_LINCmd                             0x08003895   Thumb Code    24  stm32f4xx_usart.o(.text)
    USART_SendBreak                          0x080038ad   Thumb Code    10  stm32f4xx_usart.o(.text)
    USART_HalfDuplexCmd                      0x080038b7   Thumb Code    24  stm32f4xx_usart.o(.text)
    USART_SetGuardTime                       0x080038cf   Thumb Code    16  stm32f4xx_usart.o(.text)
    USART_SmartCardCmd                       0x080038df   Thumb Code    24  stm32f4xx_usart.o(.text)
    USART_SmartCardNACKCmd                   0x080038f7   Thumb Code    24  stm32f4xx_usart.o(.text)
    USART_IrDAConfig                         0x0800390f   Thumb Code    18  stm32f4xx_usart.o(.text)
    USART_IrDACmd                            0x08003921   Thumb Code    24  stm32f4xx_usart.o(.text)
    USART_DMACmd                             0x08003939   Thumb Code    18  stm32f4xx_usart.o(.text)
    USART_ITConfig                           0x0800394b   Thumb Code    74  stm32f4xx_usart.o(.text)
    USART_GetFlagStatus                      0x08003995   Thumb Code    26  stm32f4xx_usart.o(.text)
    USART_ClearFlag                          0x080039af   Thumb Code    18  stm32f4xx_usart.o(.text)
    USART_GetITStatus                        0x080039c1   Thumb Code   118  stm32f4xx_usart.o(.text)
    USART_ClearITPendingBit                  0x08003a37   Thumb Code    30  stm32f4xx_usart.o(.text)
    SystemInit                               0x08003b2f   Thumb Code    90  system_stm32f4xx.o(.text)
    SystemCoreClockUpdate                    0x08003b89   Thumb Code   174  system_stm32f4xx.o(.text)
    GPIO_DeInit                              0x08003c65   Thumb Code   268  stm32f4xx_gpio.o(.text)
    GPIO_Init                                0x08003d71   Thumb Code   144  stm32f4xx_gpio.o(.text)
    GPIO_StructInit                          0x08003e01   Thumb Code    18  stm32f4xx_gpio.o(.text)
    GPIO_PinLockConfig                       0x08003e13   Thumb Code    34  stm32f4xx_gpio.o(.text)
    GPIO_ReadInputDataBit                    0x08003e35   Thumb Code    18  stm32f4xx_gpio.o(.text)
    GPIO_ReadInputData                       0x08003e47   Thumb Code     8  stm32f4xx_gpio.o(.text)
    GPIO_ReadOutputDataBit                   0x08003e4f   Thumb Code    18  stm32f4xx_gpio.o(.text)
    GPIO_ReadOutputData                      0x08003e61   Thumb Code     8  stm32f4xx_gpio.o(.text)
    GPIO_SetBits                             0x08003e69   Thumb Code     4  stm32f4xx_gpio.o(.text)
    GPIO_ResetBits                           0x08003e6d   Thumb Code     4  stm32f4xx_gpio.o(.text)
    GPIO_WriteBit                            0x08003e71   Thumb Code    10  stm32f4xx_gpio.o(.text)
    GPIO_Write                               0x08003e7b   Thumb Code     4  stm32f4xx_gpio.o(.text)
    GPIO_ToggleBits                          0x08003e7f   Thumb Code     8  stm32f4xx_gpio.o(.text)
    GPIO_PinAFConfig                         0x08003e87   Thumb Code    70  stm32f4xx_gpio.o(.text)
    RCC_DeInit                               0x08003ef9   Thumb Code    82  stm32f4xx_rcc.o(.text)
    RCC_HSEConfig                            0x08003f4b   Thumb Code    14  stm32f4xx_rcc.o(.text)
    RCC_GetFlagStatus                        0x08003f59   Thumb Code    60  stm32f4xx_rcc.o(.text)
    RCC_WaitForHSEStartUp                    0x08003f95   Thumb Code    56  stm32f4xx_rcc.o(.text)
    RCC_AdjustHSICalibrationValue            0x08003fcd   Thumb Code    20  stm32f4xx_rcc.o(.text)
    RCC_HSICmd                               0x08003fe1   Thumb Code     6  stm32f4xx_rcc.o(.text)
    RCC_LSEConfig                            0x08003fe7   Thumb Code    46  stm32f4xx_rcc.o(.text)
    RCC_LSICmd                               0x08004015   Thumb Code     6  stm32f4xx_rcc.o(.text)
    RCC_PLLConfig                            0x0800401b   Thumb Code    32  stm32f4xx_rcc.o(.text)
    RCC_PLLCmd                               0x0800403b   Thumb Code     6  stm32f4xx_rcc.o(.text)
    RCC_PLLI2SConfig                         0x08004041   Thumb Code    14  stm32f4xx_rcc.o(.text)
    RCC_PLLI2SCmd                            0x0800404f   Thumb Code     6  stm32f4xx_rcc.o(.text)
    RCC_PLLSAIConfig                         0x08004055   Thumb Code    20  stm32f4xx_rcc.o(.text)
    RCC_PLLSAICmd                            0x08004069   Thumb Code     6  stm32f4xx_rcc.o(.text)
    RCC_ClockSecuritySystemCmd               0x0800406f   Thumb Code     6  stm32f4xx_rcc.o(.text)
    RCC_MCO1Config                           0x08004075   Thumb Code    28  stm32f4xx_rcc.o(.text)
    RCC_MCO2Config                           0x08004091   Thumb Code    28  stm32f4xx_rcc.o(.text)
    RCC_SYSCLKConfig                         0x080040ad   Thumb Code    20  stm32f4xx_rcc.o(.text)
    RCC_GetSYSCLKSource                      0x080040c1   Thumb Code    12  stm32f4xx_rcc.o(.text)
    RCC_HCLKConfig                           0x080040cd   Thumb Code    20  stm32f4xx_rcc.o(.text)
    RCC_PCLK1Config                          0x080040e1   Thumb Code    20  stm32f4xx_rcc.o(.text)
    RCC_PCLK2Config                          0x080040f5   Thumb Code    22  stm32f4xx_rcc.o(.text)
    RCC_GetClocksFreq                        0x0800410b   Thumb Code   222  stm32f4xx_rcc.o(.text)
    RCC_RTCCLKConfig                         0x080041e9   Thumb Code    54  stm32f4xx_rcc.o(.text)
    RCC_RTCCLKCmd                            0x0800421f   Thumb Code     8  stm32f4xx_rcc.o(.text)
    RCC_BackupResetCmd                       0x08004227   Thumb Code     8  stm32f4xx_rcc.o(.text)
    RCC_I2SCLKConfig                         0x0800422f   Thumb Code     6  stm32f4xx_rcc.o(.text)
    RCC_SAIPLLI2SClkDivConfig                0x08004235   Thumb Code    26  stm32f4xx_rcc.o(.text)
    RCC_SAIPLLSAIClkDivConfig                0x0800424f   Thumb Code    28  stm32f4xx_rcc.o(.text)
    RCC_SAIBlockACLKConfig                   0x0800426b   Thumb Code    20  stm32f4xx_rcc.o(.text)
    RCC_SAIBlockBCLKConfig                   0x0800427f   Thumb Code    20  stm32f4xx_rcc.o(.text)
    RCC_LTDCCLKDivConfig                     0x08004293   Thumb Code    20  stm32f4xx_rcc.o(.text)
    RCC_TIMCLKPresConfig                     0x080042a7   Thumb Code     6  stm32f4xx_rcc.o(.text)
    RCC_AHB1PeriphClockCmd                   0x080042ad   Thumb Code    34  stm32f4xx_rcc.o(.text)
    RCC_AHB2PeriphClockCmd                   0x080042cf   Thumb Code    78  stm32f4xx_rcc.o(.text)
    RCC_AHB3PeriphClockCmd                   0x0800431d   Thumb Code    34  stm32f4xx_rcc.o(.text)
    RCC_APB1PeriphClockCmd                   0x0800433f   Thumb Code    34  stm32f4xx_rcc.o(.text)
    RCC_APB2PeriphClockCmd                   0x08004361   Thumb Code    34  stm32f4xx_rcc.o(.text)
    RCC_AHB1PeriphResetCmd                   0x08004383   Thumb Code    34  stm32f4xx_rcc.o(.text)
    RCC_AHB2PeriphResetCmd                   0x080043a5   Thumb Code    34  stm32f4xx_rcc.o(.text)
    RCC_AHB3PeriphResetCmd                   0x080043c7   Thumb Code    34  stm32f4xx_rcc.o(.text)
    RCC_APB1PeriphResetCmd                   0x080043e9   Thumb Code    34  stm32f4xx_rcc.o(.text)
    RCC_APB2PeriphResetCmd                   0x0800440b   Thumb Code    34  stm32f4xx_rcc.o(.text)
    RCC_AHB1PeriphClockLPModeCmd             0x0800442d   Thumb Code    34  stm32f4xx_rcc.o(.text)
    RCC_AHB2PeriphClockLPModeCmd             0x0800444f   Thumb Code    34  stm32f4xx_rcc.o(.text)
    RCC_AHB3PeriphClockLPModeCmd             0x08004471   Thumb Code    34  stm32f4xx_rcc.o(.text)
    RCC_APB1PeriphClockLPModeCmd             0x08004493   Thumb Code    34  stm32f4xx_rcc.o(.text)
    RCC_APB2PeriphClockLPModeCmd             0x080044b5   Thumb Code    34  stm32f4xx_rcc.o(.text)
    RCC_LSEModeConfig                        0x080044d7   Thumb Code    40  stm32f4xx_rcc.o(.text)
    RCC_ITConfig                             0x080044ff   Thumb Code    34  stm32f4xx_rcc.o(.text)
    RCC_ClearFlag                            0x08004521   Thumb Code    18  stm32f4xx_rcc.o(.text)
    RCC_GetITStatus                          0x08004533   Thumb Code    22  stm32f4xx_rcc.o(.text)
    RCC_ClearITPendingBit                    0x08004549   Thumb Code     8  stm32f4xx_rcc.o(.text)
    TIM_DeInit                               0x08004555   Thumb Code   346  stm32f4xx_tim.o(.text)
    TIM_TimeBaseInit                         0x080046af   Thumb Code   104  stm32f4xx_tim.o(.text)
    TIM_TimeBaseStructInit                   0x08004717   Thumb Code    18  stm32f4xx_tim.o(.text)
    TIM_PrescalerConfig                      0x08004729   Thumb Code     6  stm32f4xx_tim.o(.text)
    TIM_CounterModeConfig                    0x0800472f   Thumb Code    18  stm32f4xx_tim.o(.text)
    TIM_SetCounter                           0x08004741   Thumb Code     4  stm32f4xx_tim.o(.text)
    TIM_SetAutoreload                        0x08004745   Thumb Code     4  stm32f4xx_tim.o(.text)
    TIM_GetCounter                           0x08004749   Thumb Code     6  stm32f4xx_tim.o(.text)
    TIM_GetPrescaler                         0x0800474f   Thumb Code     6  stm32f4xx_tim.o(.text)
    TIM_UpdateDisableConfig                  0x08004755   Thumb Code    24  stm32f4xx_tim.o(.text)
    TIM_UpdateRequestConfig                  0x0800476d   Thumb Code    24  stm32f4xx_tim.o(.text)
    TIM_ARRPreloadConfig                     0x08004785   Thumb Code    24  stm32f4xx_tim.o(.text)
    TIM_SelectOnePulseMode                   0x0800479d   Thumb Code    18  stm32f4xx_tim.o(.text)
    TIM_SetClockDivision                     0x080047af   Thumb Code    18  stm32f4xx_tim.o(.text)
    TIM_Cmd                                  0x080047c1   Thumb Code    24  stm32f4xx_tim.o(.text)
    TIM_OC1Init                              0x080047d9   Thumb Code   114  stm32f4xx_tim.o(.text)
    TIM_OC2Init                              0x0800484b   Thumb Code   154  stm32f4xx_tim.o(.text)
    TIM_OC3Init                              0x080048e5   Thumb Code   204  stm32f4xx_tim.o(.text)
    TIM_OC4Init                              0x080049b1   Thumb Code   112  stm32f4xx_tim.o(.text)
    TIM_OCStructInit                         0x08004a21   Thumb Code    20  stm32f4xx_tim.o(.text)
    TIM_SelectOCxM                           0x08004a35   Thumb Code    86  stm32f4xx_tim.o(.text)
    TIM_SetCompare1                          0x08004a8b   Thumb Code     4  stm32f4xx_tim.o(.text)
    TIM_SetCompare2                          0x08004a8f   Thumb Code     4  stm32f4xx_tim.o(.text)
    TIM_SetCompare3                          0x08004a93   Thumb Code     4  stm32f4xx_tim.o(.text)
    TIM_SetCompare4                          0x08004a97   Thumb Code     4  stm32f4xx_tim.o(.text)
    TIM_ForcedOC1Config                      0x08004a9b   Thumb Code    18  stm32f4xx_tim.o(.text)
    TIM_ForcedOC2Config                      0x08004aad   Thumb Code    26  stm32f4xx_tim.o(.text)
    TIM_ForcedOC3Config                      0x08004ac7   Thumb Code    18  stm32f4xx_tim.o(.text)
    TIM_ForcedOC4Config                      0x08004ad9   Thumb Code    26  stm32f4xx_tim.o(.text)
    TIM_OC1PreloadConfig                     0x08004af3   Thumb Code    18  stm32f4xx_tim.o(.text)
    TIM_OC2PreloadConfig                     0x08004b05   Thumb Code    26  stm32f4xx_tim.o(.text)
    TIM_OC3PreloadConfig                     0x08004b1f   Thumb Code    18  stm32f4xx_tim.o(.text)
    TIM_OC4PreloadConfig                     0x08004b31   Thumb Code    26  stm32f4xx_tim.o(.text)
    TIM_OC1FastConfig                        0x08004b4b   Thumb Code    18  stm32f4xx_tim.o(.text)
    TIM_OC2FastConfig                        0x08004b5d   Thumb Code    26  stm32f4xx_tim.o(.text)
    TIM_OC3FastConfig                        0x08004b77   Thumb Code    18  stm32f4xx_tim.o(.text)
    TIM_OC4FastConfig                        0x08004b89   Thumb Code    26  stm32f4xx_tim.o(.text)
    TIM_ClearOC1Ref                          0x08004ba3   Thumb Code    18  stm32f4xx_tim.o(.text)
    TIM_ClearOC2Ref                          0x08004bb5   Thumb Code    24  stm32f4xx_tim.o(.text)
    TIM_ClearOC3Ref                          0x08004bcd   Thumb Code    18  stm32f4xx_tim.o(.text)
    TIM_ClearOC4Ref                          0x08004bdf   Thumb Code    24  stm32f4xx_tim.o(.text)
    TIM_OC1PolarityConfig                    0x08004bf7   Thumb Code    18  stm32f4xx_tim.o(.text)
    TIM_OC1NPolarityConfig                   0x08004c09   Thumb Code    18  stm32f4xx_tim.o(.text)
    TIM_OC2PolarityConfig                    0x08004c1b   Thumb Code    26  stm32f4xx_tim.o(.text)
    TIM_OC2NPolarityConfig                   0x08004c35   Thumb Code    26  stm32f4xx_tim.o(.text)
    TIM_OC3PolarityConfig                    0x08004c4f   Thumb Code    26  stm32f4xx_tim.o(.text)
    TIM_OC3NPolarityConfig                   0x08004c69   Thumb Code    26  stm32f4xx_tim.o(.text)
    TIM_OC4PolarityConfig                    0x08004c83   Thumb Code    26  stm32f4xx_tim.o(.text)
    TIM_CCxCmd                               0x08004c9d   Thumb Code    30  stm32f4xx_tim.o(.text)
    TIM_CCxNCmd                              0x08004cbb   Thumb Code    30  stm32f4xx_tim.o(.text)
    TIM_SetIC4Prescaler                      0x08004cd9   Thumb Code    26  stm32f4xx_tim.o(.text)
    TIM_SetIC3Prescaler                      0x08004d43   Thumb Code    18  stm32f4xx_tim.o(.text)
    TIM_SetIC2Prescaler                      0x08004d9d   Thumb Code    26  stm32f4xx_tim.o(.text)
    TIM_SetIC1Prescaler                      0x08004e11   Thumb Code    18  stm32f4xx_tim.o(.text)
    TIM_ICInit                               0x08004e5d   Thumb Code   110  stm32f4xx_tim.o(.text)
    TIM_ICStructInit                         0x08004ecb   Thumb Code    18  stm32f4xx_tim.o(.text)
    TIM_PWMIConfig                           0x08004edd   Thumb Code   124  stm32f4xx_tim.o(.text)
    TIM_GetCapture1                          0x08004f59   Thumb Code     6  stm32f4xx_tim.o(.text)
    TIM_GetCapture2                          0x08004f5f   Thumb Code     6  stm32f4xx_tim.o(.text)
    TIM_GetCapture3                          0x08004f65   Thumb Code     6  stm32f4xx_tim.o(.text)
    TIM_GetCapture4                          0x08004f6b   Thumb Code     6  stm32f4xx_tim.o(.text)
    TIM_BDTRConfig                           0x08004f71   Thumb Code    32  stm32f4xx_tim.o(.text)
    TIM_BDTRStructInit                       0x08004f91   Thumb Code    18  stm32f4xx_tim.o(.text)
    TIM_CtrlPWMOutputs                       0x08004fa3   Thumb Code    30  stm32f4xx_tim.o(.text)
    TIM_SelectCOM                            0x08004fc1   Thumb Code    24  stm32f4xx_tim.o(.text)
    TIM_CCPreloadControl                     0x08004fd9   Thumb Code    24  stm32f4xx_tim.o(.text)
    TIM_ITConfig                             0x08004ff1   Thumb Code    18  stm32f4xx_tim.o(.text)
    TIM_GenerateEvent                        0x08005003   Thumb Code     4  stm32f4xx_tim.o(.text)
    TIM_GetFlagStatus                        0x08005007   Thumb Code    18  stm32f4xx_tim.o(.text)
    TIM_ClearFlag                            0x08005019   Thumb Code     6  stm32f4xx_tim.o(.text)
    TIM_GetITStatus                          0x0800501f   Thumb Code    34  stm32f4xx_tim.o(.text)
    TIM_ClearITPendingBit                    0x08005041   Thumb Code     6  stm32f4xx_tim.o(.text)
    TIM_DMAConfig                            0x08005047   Thumb Code    10  stm32f4xx_tim.o(.text)
    TIM_DMACmd                               0x08005051   Thumb Code    18  stm32f4xx_tim.o(.text)
    TIM_SelectCCDMA                          0x08005063   Thumb Code    24  stm32f4xx_tim.o(.text)
    TIM_InternalClockConfig                  0x0800507b   Thumb Code    12  stm32f4xx_tim.o(.text)
    TIM_SelectInputTrigger                   0x08005087   Thumb Code    18  stm32f4xx_tim.o(.text)
    TIM_ITRxExternalClockConfig              0x08005099   Thumb Code    24  stm32f4xx_tim.o(.text)
    TIM_TIxExternalClockConfig               0x080050b1   Thumb Code    62  stm32f4xx_tim.o(.text)
    TIM_ETRConfig                            0x080050ef   Thumb Code    28  stm32f4xx_tim.o(.text)
    TIM_ETRClockMode1Config                  0x0800510b   Thumb Code    54  stm32f4xx_tim.o(.text)
    TIM_ETRClockMode2Config                  0x08005141   Thumb Code    32  stm32f4xx_tim.o(.text)
    TIM_SelectOutputTrigger                  0x08005161   Thumb Code    18  stm32f4xx_tim.o(.text)
    TIM_SelectSlaveMode                      0x08005173   Thumb Code    18  stm32f4xx_tim.o(.text)
    TIM_SelectMasterSlaveMode                0x08005185   Thumb Code    18  stm32f4xx_tim.o(.text)
    TIM_EncoderInterfaceConfig               0x08005197   Thumb Code    66  stm32f4xx_tim.o(.text)
    TIM_SelectHallSensor                     0x080051d9   Thumb Code    24  stm32f4xx_tim.o(.text)
    TIM_RemapConfig                          0x080051f1   Thumb Code     6  stm32f4xx_tim.o(.text)
    DMA_DeInit                               0x080051f9   Thumb Code   324  stm32f4xx_dma.o(.text)
    DMA_Init                                 0x0800533d   Thumb Code    82  stm32f4xx_dma.o(.text)
    DMA_StructInit                           0x0800538f   Thumb Code    34  stm32f4xx_dma.o(.text)
    DMA_Cmd                                  0x080053b1   Thumb Code    22  stm32f4xx_dma.o(.text)
    DMA_PeriphIncOffsetSizeConfig            0x080053c7   Thumb Code    22  stm32f4xx_dma.o(.text)
    DMA_FlowControllerConfig                 0x080053dd   Thumb Code    22  stm32f4xx_dma.o(.text)
    DMA_SetCurrDataCounter                   0x080053f3   Thumb Code     4  stm32f4xx_dma.o(.text)
    DMA_GetCurrDataCounter                   0x080053f7   Thumb Code     8  stm32f4xx_dma.o(.text)
    DMA_DoubleBufferModeConfig               0x080053ff   Thumb Code    24  stm32f4xx_dma.o(.text)
    DMA_DoubleBufferModeCmd                  0x08005417   Thumb Code    22  stm32f4xx_dma.o(.text)
    DMA_MemoryTargetConfig                   0x0800542d   Thumb Code    10  stm32f4xx_dma.o(.text)
    DMA_GetCurrentMemoryTarget               0x08005437   Thumb Code    20  stm32f4xx_dma.o(.text)
    DMA_GetCmdStatus                         0x0800544b   Thumb Code    20  stm32f4xx_dma.o(.text)
    DMA_GetFIFOStatus                        0x0800545f   Thumb Code    12  stm32f4xx_dma.o(.text)
    DMA_GetFlagStatus                        0x0800546b   Thumb Code    54  stm32f4xx_dma.o(.text)
    DMA_ClearFlag                            0x080054a1   Thumb Code    40  stm32f4xx_dma.o(.text)
    DMA_ITConfig                             0x080054c9   Thumb Code    58  stm32f4xx_dma.o(.text)
    DMA_GetITStatus                          0x08005503   Thumb Code    82  stm32f4xx_dma.o(.text)
    DMA_ClearITPendingBit                    0x08005555   Thumb Code    40  stm32f4xx_dma.o(.text)
    __aeabi_memcpy                           0x0800559d   Thumb Code    36  memcpya.o(.text)
    __aeabi_memcpy4                          0x0800559d   Thumb Code     0  memcpya.o(.text)
    __aeabi_memcpy8                          0x0800559d   Thumb Code     0  memcpya.o(.text)
    __aeabi_memset                           0x080055c1   Thumb Code    14  memseta.o(.text)
    __aeabi_memset4                          0x080055c1   Thumb Code     0  memseta.o(.text)
    __aeabi_memset8                          0x080055c1   Thumb Code     0  memseta.o(.text)
    __aeabi_memclr                           0x080055cf   Thumb Code     4  memseta.o(.text)
    __aeabi_memclr4                          0x080055cf   Thumb Code     0  memseta.o(.text)
    __aeabi_memclr8                          0x080055cf   Thumb Code     0  memseta.o(.text)
    _memset$wrapper                          0x080055d3   Thumb Code    18  memseta.o(.text)
    __aeabi_dadd                             0x080055e5   Thumb Code   322  dadd.o(.text)
    __aeabi_dsub                             0x08005727   Thumb Code     6  dadd.o(.text)
    __aeabi_drsub                            0x0800572d   Thumb Code     6  dadd.o(.text)
    __aeabi_dmul                             0x08005733   Thumb Code   228  dmul.o(.text)
    __aeabi_ddiv                             0x08005817   Thumb Code   222  ddiv.o(.text)
    __aeabi_i2d                              0x080058f5   Thumb Code    34  dflti.o(.text)
    __aeabi_d2iz                             0x08005917   Thumb Code    62  dfixi.o(.text)
    __aeabi_f2d                              0x08005955   Thumb Code    38  f2d.o(.text)
    __aeabi_d2f                              0x0800597b   Thumb Code    56  d2f.o(.text)
    __aeabi_llsl                             0x080059b3   Thumb Code    30  llshl.o(.text)
    _ll_shift_l                              0x080059b3   Thumb Code     0  llshl.o(.text)
    __aeabi_llsr                             0x080059d1   Thumb Code    32  llushr.o(.text)
    _ll_ushift_r                             0x080059d1   Thumb Code     0  llushr.o(.text)
    __aeabi_lasr                             0x080059f1   Thumb Code    36  llsshr.o(.text)
    _ll_sshift_r                             0x080059f1   Thumb Code     0  llsshr.o(.text)
    __I$use$fp                               0x08005a15   Thumb Code     0  iusefp.o(.text)
    _float_round                             0x08005a15   Thumb Code    18  fepilogue.o(.text)
    _float_epilogue                          0x08005a27   Thumb Code    90  fepilogue.o(.text)
    _double_round                            0x08005a81   Thumb Code    26  depilogue.o(.text)
    _double_epilogue                         0x08005a9b   Thumb Code   164  depilogue.o(.text)
    __scatterload                            0x08005b41   Thumb Code    28  init.o(.text)
    __scatterload_rt2                        0x08005b41   Thumb Code     0  init.o(.text)
    _dsqrt                                   0x08005b65   Thumb Code   162  dsqrt.o(.text)
    __ARM_fpclassify                         0x08005c07   Thumb Code    48  fpclassify.o(i.__ARM_fpclassify)
    __hardfp_asin                            0x08005c39   Thumb Code   774  asin.o(i.__hardfp_asin)
    __hardfp_atan                            0x08005fa9   Thumb Code   636  atan.o(i.__hardfp_atan)
    __hardfp_atan2                           0x08006291   Thumb Code   416  atan2.o(i.__hardfp_atan2)
    __kernel_poly                            0x08006471   Thumb Code   248  poly.o(i.__kernel_poly)
    __mathlib_dbl_underflow                  0x08006569   Thumb Code    24  dunder.o(i.__mathlib_dbl_underflow)
    __scatterload_copy                       0x08006589   Thumb Code    14  handlers.o(i.__scatterload_copy)
    __scatterload_null                       0x08006597   Thumb Code     2  handlers.o(i.__scatterload_null)
    __scatterload_zeroinit                   0x08006599   Thumb Code    14  handlers.o(i.__scatterload_zeroinit)
    __set_errno                              0x080065a9   Thumb Code     6  errno.o(i.__set_errno)
    atan                                     0x080065b5   Thumb Code    16  atan.o(i.atan)
    fabs                                     0x080065c5   Thumb Code    32  fabs.o(i.fabs)
    sqrt                                     0x080065e5   Thumb Code   110  sqrt.o(i.sqrt)
    CRC8_INIT                                0x08006652   Data           1  referee.o(.constdata)
    CRC8_TAB                                 0x08006653   Data         256  referee.o(.constdata)
    wCRC_Table                               0x08006754   Data         512  referee.o(.constdata)
    __mathlib_zero                           0x08006a40   Data           8  qnan.o(.constdata)
    Region$$Table$$Base                      0x08006a48   Number         0  anon$$obj.o(Region$$Table)
    Region$$Table$$Limit                     0x08006a68   Number         0  anon$$obj.o(Region$$Table)
    clock_cnt                                0x20000004   Data           4  clock.o(.data)
    TAddr                                    0x2000000c   Data           1  6050.o(.data)
    q0                                       0x20000010   Data           4  imu.o(.data)
    q1                                       0x20000014   Data           4  imu.o(.data)
    q2                                       0x20000018   Data           4  imu.o(.data)
    q3                                       0x2000001c   Data           4  imu.o(.data)
    exInt                                    0x20000020   Data           4  imu.o(.data)
    eyInt                                    0x20000024   Data           4  imu.o(.data)
    ezInt                                    0x20000028   Data           4  imu.o(.data)
    mpu6050_error_flag                       0x2000002c   Data           1  imu.o(.data)
    lastUpdate                               0x20000060   Data           4  imu.o(.data)
    now                                      0x20000064   Data           4  imu.o(.data)
    sys                                      0x20000068   Data           3  controltask.o(.data)
    NORMAL_FORWARD_BACK_SPEED                0x2000006c   Data           2  comunicatetask.o(.data)
    NORMAL_LEFT_RIGHT_SPEED                  0x2000006e   Data           2  comunicatetask.o(.data)
    forward_back_speed                       0x20000070   Data           4  comunicatetask.o(.data)
    left_right_speed                         0x20000074   Data           4  comunicatetask.o(.data)
    recieveData                              0x20000078   Data           4  referee.o(.data)
    Flag_Uart_Busy                           0x2000007c   Data           1  referee.o(.data)
    dara                                     0x20000080   Data           4  referee.o(.data)
    time_count                               0x20000084   Data           4  referee.o(.data)
    CRC_INIT                                 0x20000088   Data           2  referee.o(.data)
    Judgment_02_data                         0x20000094   Data           6  referee.o(.data)
    temp_V                                   0x2000009c   Data           4  referee.o(.data)
    temp_A                                   0x200000a0   Data           4  referee.o(.data)
    temp_W                                   0x200000a4   Data           4  referee.o(.data)
    temp_J                                   0x200000a8   Data           4  referee.o(.data)
    temp_ss                                  0x200000ac   Data           4  referee.o(.data)
    temp_sf                                  0x200000b0   Data           4  referee.o(.data)
    temp_bs                                  0x200000b4   Data           4  referee.o(.data)
    temp_bf                                  0x200000b8   Data           4  referee.o(.data)
    SystemCoreClock                          0x200000bc   Data           4  system_stm32f4xx.o(.data)
    AHBPrescTable                            0x200000c0   Data          16  system_stm32f4xx.o(.data)
    sbus_rx_buffer                           0x200000e4   Data          18  communication.o(.bss)
    sensor                                   0x200000f8   Data          72  6050.o(.bss)
    sensor2                                  0x20000140   Data          72  6050.o(.bss)
    mpu6050_buffer                           0x20000188   Data          16  6050.o(.bss)
    angle                                    0x20000198   Data          12  imu.o(.bss)
    Gyro_File_Buf                            0x200001a4   Data         120  imu.o(.bss)
    remote                                   0x2000021c   Data          24  comunicatetask.o(.bss)
    canM                                     0x20000234   Data          40  comunicatetask.o(.bss)
    RampTFB                                  0x2000025c   Data          32  comunicatetask.o(.bss)
    RampTLF                                  0x2000027c   Data          32  comunicatetask.o(.bss)
    Move_UD                                  0x2000029c   Data          32  comunicatetask.o(.bss)
    Move_LF                                  0x200002bc   Data          32  comunicatetask.o(.bss)
    wheelInfo                                0x200002dc   Data         148  chassistask.o(.bss)
    chassisPara                              0x20000370   Data         108  chassistask.o(.bss)
    wheelpid                                 0x200003dc   Data          28  chassistask.o(.bss)
    chassispid                               0x200003f8   Data          20  chassistask.o(.bss)
    meta_data                                0x2000040c   Data          80  referee.o(.bss)
    Judgment_01_data                         0x2000045c   Data          24  referee.o(.bss)
    Judgment_03_data                         0x20000474   Data          16  referee.o(.bss)
    Judgment_04_data                         0x20000484   Data          22  referee.o(.bss)
    Tx_Buf                                   0x2000049a   Data          21  referee.o(.bss)
    re_data                                  0x200004af   Data          21  referee.o(.bss)
    __initial_sp                             0x20000cc8   Data           0  startup_stm32f40_41xxx.o(STACK)



==============================================================================

Memory Map of the image

  Image Entry point : 0x08000189

  Load Region LR_IROM1 (Base: 0x08000000, Size: 0x00006b4c, Max: 0x00100000, ABSOLUTE)

    Execution Region ER_IROM1 (Base: 0x08000000, Size: 0x00006a68, Max: 0x00100000, ABSOLUTE)

    Base Addr    Size         Type   Attr      Idx    E Section Name        Object

    0x08000000   0x00000188   Data   RO          547    RESET               startup_stm32f40_41xxx.o
    0x08000188   0x00000000   Code   RO          846  * .ARM.Collect$$$$00000000  mc_w.l(entry.o)
    0x08000188   0x00000004   Code   RO          910    .ARM.Collect$$$$00000001  mc_w.l(entry2.o)
    0x0800018c   0x00000004   Code   RO          913    .ARM.Collect$$$$00000004  mc_w.l(entry5.o)
    0x08000190   0x00000000   Code   RO          915    .ARM.Collect$$$$00000008  mc_w.l(entry7b.o)
    0x08000190   0x00000000   Code   RO          917    .ARM.Collect$$$$0000000A  mc_w.l(entry8b.o)
    0x08000190   0x00000008   Code   RO          918    .ARM.Collect$$$$0000000B  mc_w.l(entry9a.o)
    0x08000198   0x00000000   Code   RO          920    .ARM.Collect$$$$0000000D  mc_w.l(entry10a.o)
    0x08000198   0x00000000   Code   RO          922    .ARM.Collect$$$$0000000F  mc_w.l(entry11a.o)
    0x08000198   0x00000004   Code   RO          911    .ARM.Collect$$$$00002712  mc_w.l(entry2.o)
    0x0800019c   0x0000000a   Code   RO            3    .text               main.o
    0x080001a6   0x00000002   PAD
    0x080001a8   0x00000100   Code   RO          200    .text               delay.o
    0x080002a8   0x000000e4   Code   RO          255    .text               clock.o
    0x0800038c   0x000002bc   Code   RO          278    .text               communication.o
    0x08000648   0x0000018c   Code   RO          302    .text               myfunc.o
    0x080007d4   0x00000244   Code   RO          345    .text               6050.o
    0x08000a18   0x00000364   Code   RO          372    .text               i2c.o
    0x08000d7c   0x00000c98   Code   RO          392    .text               imu.o
    0x08001a14   0x00000074   Code   RO          419    .text               controltask.o
    0x08001a88   0x000005e8   Code   RO          445    .text               comunicatetask.o
    0x08002070   0x00000198   Code   RO          473    .text               chassistask.o
    0x08002208   0x000000f8   Code   RO          499    .text               pidtask.o
    0x08002300   0x0000080c   Code   RO          519    .text               referee.o
    0x08002b0c   0x00000024   Code   RO          548    .text               startup_stm32f40_41xxx.o
    0x08002b30   0x000000e4   Code   RO          554    .text               misc.o
    0x08002c14   0x000009ec   Code   RO          594    .text               stm32f4xx_can.o
    0x08003600   0x00000454   Code   RO          614    .text               stm32f4xx_usart.o
    0x08003a54   0x00000210   Code   RO          634    .text               system_stm32f4xx.o
    0x08003c64   0x00000294   Code   RO          700    .text               stm32f4xx_gpio.o
    0x08003ef8   0x0000065c   Code   RO          740    .text               stm32f4xx_rcc.o
    0x08004554   0x00000ca2   Code   RO          782    .text               stm32f4xx_tim.o
    0x080051f6   0x00000002   PAD
    0x080051f8   0x000003a4   Code   RO          802    .text               stm32f4xx_dma.o
    0x0800559c   0x00000024   Code   RO          849    .text               mc_w.l(memcpya.o)
    0x080055c0   0x00000024   Code   RO          851    .text               mc_w.l(memseta.o)
    0x080055e4   0x0000014e   Code   RO          855    .text               mf_w.l(dadd.o)
    0x08005732   0x000000e4   Code   RO          857    .text               mf_w.l(dmul.o)
    0x08005816   0x000000de   Code   RO          859    .text               mf_w.l(ddiv.o)
    0x080058f4   0x00000022   Code   RO          863    .text               mf_w.l(dflti.o)
    0x08005916   0x0000003e   Code   RO          865    .text               mf_w.l(dfixi.o)
    0x08005954   0x00000026   Code   RO          867    .text               mf_w.l(f2d.o)
    0x0800597a   0x00000038   Code   RO          869    .text               mf_w.l(d2f.o)
    0x080059b2   0x0000001e   Code   RO          924    .text               mc_w.l(llshl.o)
    0x080059d0   0x00000020   Code   RO          926    .text               mc_w.l(llushr.o)
    0x080059f0   0x00000024   Code   RO          928    .text               mc_w.l(llsshr.o)
    0x08005a14   0x00000000   Code   RO          937    .text               mc_w.l(iusefp.o)
    0x08005a14   0x0000006c   Code   RO          938    .text               mf_w.l(fepilogue.o)
    0x08005a80   0x000000be   Code   RO          940    .text               mf_w.l(depilogue.o)
    0x08005b3e   0x00000002   PAD
    0x08005b40   0x00000024   Code   RO          942    .text               mc_w.l(init.o)
    0x08005b64   0x000000a2   Code   RO          944    .text               mf_w.l(dsqrt.o)
    0x08005c06   0x00000030   Code   RO          893    i.__ARM_fpclassify  m_wm.l(fpclassify.o)
    0x08005c36   0x00000002   PAD
    0x08005c38   0x00000370   Code   RO          820    i.__hardfp_asin     m_wm.l(asin.o)
    0x08005fa8   0x000002e8   Code   RO          871    i.__hardfp_atan     m_wm.l(atan.o)
    0x08006290   0x000001e0   Code   RO          834    i.__hardfp_atan2    m_wm.l(atan2.o)
    0x08006470   0x000000f8   Code   RO          895    i.__kernel_poly     m_wm.l(poly.o)
    0x08006568   0x00000020   Code   RO          885    i.__mathlib_dbl_underflow  m_wm.l(dunder.o)
    0x08006588   0x0000000e   Code   RO          950    i.__scatterload_copy  mc_w.l(handlers.o)
    0x08006596   0x00000002   Code   RO          951    i.__scatterload_null  mc_w.l(handlers.o)
    0x08006598   0x0000000e   Code   RO          952    i.__scatterload_zeroinit  mc_w.l(handlers.o)
    0x080065a6   0x00000002   PAD
    0x080065a8   0x0000000c   Code   RO          932    i.__set_errno       mc_w.l(errno.o)
    0x080065b4   0x00000010   Code   RO          873    i.atan              m_wm.l(atan.o)
    0x080065c4   0x00000020   Code   RO          889    i.fabs              m_wm.l(fabs.o)
    0x080065e4   0x0000006e   Code   RO          900    i.sqrt              m_wm.l(sqrt.o)
    0x08006652   0x00000302   Data   RO          521    .constdata          referee.o
    0x08006954   0x00000004   PAD
    0x08006958   0x00000050   Data   RO          823    .constdata          m_wm.l(asin.o)
    0x080069a8   0x00000098   Data   RO          874    .constdata          m_wm.l(atan.o)
    0x08006a40   0x00000008   Data   RO          897    .constdata          m_wm.l(qnan.o)
    0x08006a48   0x00000020   Data   RO          948    Region$$Table       anon$$obj.o


    Execution Region RW_IRAM1 (Base: 0x20000000, Size: 0x00000cc8, Max: 0x00020000, ABSOLUTE)

    Base Addr    Size         Type   Attr      Idx    E Section Name        Object

    0x20000000   0x00000004   Data   RW          201    .data               delay.o
    0x20000004   0x00000004   Data   RW          256    .data               clock.o
    0x20000008   0x00000004   Data   RW          280    .data               communication.o
    0x2000000c   0x00000001   Data   RW          347    .data               6050.o
    0x2000000d   0x00000003   PAD
    0x20000010   0x00000058   Data   RW          394    .data               imu.o
    0x20000068   0x00000003   Data   RW          420    .data               controltask.o
    0x2000006b   0x00000001   PAD
    0x2000006c   0x0000000c   Data   RW          448    .data               comunicatetask.o
    0x20000078   0x00000044   Data   RW          522    .data               referee.o
    0x200000bc   0x00000014   Data   RW          635    .data               system_stm32f4xx.o
    0x200000d0   0x00000010   Data   RW          741    .data               stm32f4xx_rcc.o
    0x200000e0   0x00000004   Data   RW          933    .data               mc_w.l(errno.o)
    0x200000e4   0x00000012   Zero   RW          279    .bss                communication.o
    0x200000f6   0x00000002   PAD
    0x200000f8   0x000000a0   Zero   RW          346    .bss                6050.o
    0x20000198   0x00000084   Zero   RW          393    .bss                imu.o
    0x2000021c   0x000000c0   Zero   RW          446    .bss                comunicatetask.o
    0x200002dc   0x00000130   Zero   RW          474    .bss                chassistask.o
    0x2000040c   0x000000b8   Zero   RW          520    .bss                referee.o
    0x200004c4   0x00000004   PAD
    0x200004c8   0x00000800   Zero   RW          545    STACK               startup_stm32f40_41xxx.o


==============================================================================

Image component sizes


      Code (inc. data)   RO Data    RW Data    ZI Data      Debug   Object Name

       580         20          0          1        160       2885   6050.o
       408         10          0          0        304       2545   chassistask.o
       228         16          0          4          0       1222   clock.o
       700         44          0          4         18       2004   communication.o
      1512         62          0         12        192       5080   comunicatetask.o
       116         24          0          3          0       1375   controltask.o
       256          8          0          4          0       1341   delay.o
       868          6          0          0          0       3258   i2c.o
      3224        156          0         88        132       5290   imu.o
        10          0          0          0          0     303527   main.o
       228         22          0          0          0       1721   misc.o
       396          0          0          0          0       2371   myfunc.o
       248          6          0          0          0       1498   pidtask.o
      2060        116        770         68        184       7441   referee.o
        36          8        392          0       2048        788   startup_stm32f40_41xxx.o
      2540         38          0          0          0       7876   stm32f4xx_can.o
       932         32          0          0          0       6201   stm32f4xx_dma.o
       660         44          0          0          0       4005   stm32f4xx_gpio.o
      1628         52          0         16          0      12736   stm32f4xx_rcc.o
      3234         60          0          0          0      22204   stm32f4xx_tim.o
      1108         34          0          0          0       7700   stm32f4xx_usart.o
       528         46          0         20          0       1739   system_stm32f4xx.o

    ----------------------------------------------------------------------
     21504        804       1198        224       3044     404807   Object Totals
         0          0         32          0          0          0   (incl. Generated)
         4          0          4          4          6          0   (incl. Padding)

    ----------------------------------------------------------------------

      Code (inc. data)   RO Data    RW Data    ZI Data      Debug   Library Member Name

       880        106         80          0          0        200   asin.o
       760        108        152          0          0        344   atan.o
       480         64          0          0          0        156   atan2.o
        32          8          0          0          0        124   dunder.o
        32          0          0          0          0        124   fabs.o
        48          0          0          0          0        124   fpclassify.o
       248          0          0          0          0        152   poly.o
         0          0          8          0          0          0   qnan.o
       110          0          0          0          0        148   sqrt.o
         0          0          0          0          0          0   entry.o
         0          0          0          0          0          0   entry10a.o
         0          0          0          0          0          0   entry11a.o
         8          4          0          0          0          0   entry2.o
         4          0          0          0          0          0   entry5.o
         0          0          0          0          0          0   entry7b.o
         0          0          0          0          0          0   entry8b.o
         8          4          0          0          0          0   entry9a.o
        12          6          0          4          0         68   errno.o
        30          0          0          0          0          0   handlers.o
        36          8          0          0          0         68   init.o
         0          0          0          0          0          0   iusefp.o
        30          0          0          0          0         68   llshl.o
        36          0          0          0          0         68   llsshr.o
        32          0          0          0          0         68   llushr.o
        36          0          0          0          0         68   memcpya.o
        36          0          0          0          0        108   memseta.o
        56          0          0          0          0         88   d2f.o
       334          0          0          0          0        148   dadd.o
       222          0          0          0          0        100   ddiv.o
       190          0          0          0          0        176   depilogue.o
        62          0          0          0          0         80   dfixi.o
        34          0          0          0          0         76   dflti.o
       228          0          0          0          0         96   dmul.o
       162          0          0          0          0        100   dsqrt.o
        38          0          0          0          0         68   f2d.o
       108          0          0          0          0        168   fepilogue.o

    ----------------------------------------------------------------------
      4298        308        240          4          0       2988   Library Totals
         6          0          0          0          0          0   (incl. Padding)

    ----------------------------------------------------------------------

      Code (inc. data)   RO Data    RW Data    ZI Data      Debug   Library Name

      2590        286        240          0          0       1372   m_wm.l
       268         22          0          4          0        516   mc_w.l
      1434          0          0          0          0       1100   mf_w.l

    ----------------------------------------------------------------------
      4298        308        240          4          0       2988   Library Totals

    ----------------------------------------------------------------------

==============================================================================


      Code (inc. data)   RO Data    RW Data    ZI Data      Debug   

     25802       1112       1438        228       3044     401967   Grand Totals
     25802       1112       1438        228       3044     401967   ELF Image Totals
     25802       1112       1438        228          0          0   ROM Totals

==============================================================================

    Total RO  Size (Code + RO Data)                27240 (  26.60kB)
    Total RW  Size (RW Data + ZI Data)              3272 (   3.20kB)
    Total ROM Size (Code + RO Data + RW Data)      27468 (  26.82kB)

==============================================================================

