<html>
<body>
<pre>
<h1>µVision Build Log</h1>
<h2>Project:</h2>
E:\RM2018\engineerVehicle\Project\engineerVehicle.uvproj
Project File Date:  02/06/2018

<h2>Output:</h2>
Build target 'engineerVehicle'
compiling ChassisTask.c...
linking...
Program Size: Code=26074 RO-data=1438 RW-data=300 ZI-data=3028  
FromELF: creating hex file...
".\Objects\engineerVehicle.axf" - 0 Errors, 0 Warning(s).
Build target 'engineerVehicle'
compiling ChassisTask.c...
linking...
Program Size: Code=26074 RO-data=1438 RW-data=300 ZI-data=3028  
FromELF: creating hex file...
".\Objects\engineerVehicle.axf" - 0 Errors, 0 Warning(s).
Load "E:\\RM2018\\engineerVehicle\\Project\\Objects\\engineerVehicle.axf" 
Erase Done.
Programming Done.
Verify OK.
Application running ...
