<html>
<body>
<pre>
<h1>µVision Build Log</h1>
<h2>Project:</h2>
E:\RM2018\engineerVehicle\Project\engineerVehicle.uvproj
Project File Date:  02/06/2018

<h2>Output:</h2>
Clean started: Project: 'engineerVehicle'
   deleting intermediate output files for target 'engineerVehicle'
Rebuild target 'engineerVehicle'
compiling main.c...
compiling sys.c...
compiling delay.c...
compiling Boot.c...
compiling Clock.c...
compiling Communication.c...
compiling MyFunc.c...
compiling IWDG.c...
compiling 6050.c...
compiling I2C.c...
compiling Imu.c...
..\User\Src\IMU\Imu.c(42): warning:  #177-D: variable "i" was declared but never referenced
..\User\Src\IMU\Imu.c(52): warning:  #177-D: variable "q0q3" was declared but never referenced
..\User\Src\IMU\Imu.c(54): warning:  #177-D: variable "q1q2" was declared but never referenced
..\User\Src\IMU\Imu.c(257): warning:  #177-D: function "KalmanFilter_speed" was declared but never referenced
compiling ControlTask.c...
compiling ComunicateTask.c...
compiling ChassisTask.c...
compiling PidTask.c...
..\User\Src\Task\PidTask.c(11): warning:  #177-D: variable "last_target" was declared but never referenced
compiling Referee.c...
..\User\Src\Referee\Referee.c(261): warning:  #550-D: variable "this_time_rx_len" was set but never used
..\User\Src\Referee\Referee.c(262): warning:  #177-D: variable "i" was declared but never referenced
..\User\Src\Referee\Referee.c(285): warning:  #550-D: variable "this_time_rx_len" was set but never used
..\User\Src\Referee\Referee.c(286): warning:  #177-D: variable "i" was declared but never referenced
assembling startup_stm32f40_41xxx.s...
compiling misc.c...
compiling stm32f4xx_adc.c...
compiling stm32f4xx_can.c...
compiling stm32f4xx_usart.c...
compiling system_stm32f4xx.c...
..\Libraries\system_stm32f4xx.c(423): warning:  #550-D: variable "a" was set but never used
..\Libraries\system_stm32f4xx.c(423): warning:  #550-D: variable "b" was set but never used
compiling stm32f4xx_iwdg.c...
compiling stm32f4xx_i2c.c...
compiling stm32f4xx_gpio.c...
compiling stm32f4xx_pwr.c...
compiling stm32f4xx_rcc.c...
compiling stm32f4xx_rtc.c...
compiling stm32f4xx_tim.c...
compiling stm32f4xx_dma.c...
linking...
Program Size: Code=28658 RO-data=1526 RW-data=392 ZI-data=3128  
FromELF: creating hex file...
".\Objects\engineerVehicle.axf" - 0 Errors, 11 Warning(s).
Build target 'engineerVehicle'
linking...
Program Size: Code=28658 RO-data=1526 RW-data=392 ZI-data=3128  
FromELF: creating hex file...
".\Objects\engineerVehicle.axf" - 0 Errors, 0 Warning(s).
Build target 'engineerVehicle'
compiling ComunicateTask.c...
..\User\Src\Task\ComunicateTask.c(54): warning:  #177-D: variable "count" was declared but never referenced
linking...
Program Size: Code=28602 RO-data=1526 RW-data=392 ZI-data=3128  
FromELF: creating hex file...
".\Objects\engineerVehicle.axf" - 0 Errors, 1 Warning(s).
Build target 'engineerVehicle'
linking...
Program Size: Code=28602 RO-data=1526 RW-data=392 ZI-data=3128  
FromELF: creating hex file...
".\Objects\engineerVehicle.axf" - 0 Errors, 0 Warning(s).
Load "E:\\RM2018\\engineerVehicle\\Project\\Objects\\engineerVehicle.axf" 
Erase Done.
Programming Done.
Verify OK.
Application running ...
Build target 'engineerVehicle'
compiling ChassisTask.c...
linking...
Program Size: Code=28602 RO-data=1526 RW-data=392 ZI-data=3128  
FromELF: creating hex file...
".\Objects\engineerVehicle.axf" - 0 Errors, 0 Warning(s).
Build target 'engineerVehicle'
compiling ChassisTask.c...
linking...
Program Size: Code=28586 RO-data=1526 RW-data=392 ZI-data=3128  
FromELF: creating hex file...
".\Objects\engineerVehicle.axf" - 0 Errors, 0 Warning(s).
Load "E:\\RM2018\\engineerVehicle\\Project\\Objects\\engineerVehicle.axf" 
Erase Done.
Programming Done.
Verify OK.
Application running ...
Build target 'engineerVehicle'
compiling ComunicateTask.c...
compiling PidTask.c...
..\User\Src\Task\PidTask.c(51): error:  #20: identifier "chassis" is undefined
..\User\Src\Task\PidTask.c(11): warning:  #177-D: variable "last_target" was declared but never referenced
".\Objects\engineerVehicle.axf" - 1 Errors, 1 Warning(s).
Target not created
Build target 'engineerVehicle'
compiling ChassisTask.c...
compiling PidTask.c...
..\User\Src\Task\PidTask.c(51): error:  #20: identifier "chassis" is undefined
..\User\Src\Task\PidTask.c(11): warning:  #177-D: variable "last_target" was declared but never referenced
".\Objects\engineerVehicle.axf" - 1 Errors, 1 Warning(s).
Target not created
Build target 'engineerVehicle'
compiling ChassisTask.c...
compiling PidTask.c...
..\User\Src\Task\PidTask.c(51): error:  #20: identifier "chassis" is undefined
..\User\Src\Task\PidTask.c(11): warning:  #177-D: variable "last_target" was declared but never referenced
".\Objects\engineerVehicle.axf" - 1 Errors, 1 Warning(s).
Target not created
Load "E:\\RM2018\\engineerVehicle\\Project\\Objects\\engineerVehicle.axf" 
Erase Done.
Programming Done.
Verify OK.
Application running ...
Build target 'engineerVehicle'
compiling ChassisTask.c...
compiling PidTask.c...
..\User\Src\Task\PidTask.c(51): error:  #20: identifier "chassis" is undefined
..\User\Src\Task\PidTask.c(11): warning:  #177-D: variable "last_target" was declared but never referenced
".\Objects\engineerVehicle.axf" - 1 Errors, 1 Warning(s).
Target not created
Load "E:\\RM2018\\engineerVehicle\\Project\\Objects\\engineerVehicle.axf" 
Erase Done.
Programming Done.
Verify OK.
Application running ...
Build target 'engineerVehicle'
compiling ChassisTask.c...
compiling PidTask.c...
..\User\Src\Task\PidTask.c(51): error:  #20: identifier "chassis" is undefined
..\User\Src\Task\PidTask.c(11): warning:  #177-D: variable "last_target" was declared but never referenced
".\Objects\engineerVehicle.axf" - 1 Errors, 1 Warning(s).
Target not created
Build target 'engineerVehicle'
compiling ChassisTask.c...
compiling PidTask.c...
..\User\Src\Task\PidTask.c(51): error:  #20: identifier "chassis" is undefined
..\User\Src\Task\PidTask.c(11): warning:  #177-D: variable "last_target" was declared but never referenced
".\Objects\engineerVehicle.axf" - 1 Errors, 1 Warning(s).
Target not created
Load "E:\\RM2018\\engineerVehicle\\Project\\Objects\\engineerVehicle.axf" 
Erase Done.
Programming Done.
Verify OK.
Application running ...
Build target 'engineerVehicle'
compiling PidTask.c...
..\User\Src\Task\PidTask.c(11): warning:  #177-D: variable "last_target" was declared but never referenced
linking...
Program Size: Code=28594 RO-data=1526 RW-data=352 ZI-data=3128  
FromELF: creating hex file...
".\Objects\engineerVehicle.axf" - 0 Errors, 1 Warning(s).
Load "E:\\RM2018\\engineerVehicle\\Project\\Objects\\engineerVehicle.axf" 
Erase Done.
Programming Done.
Verify OK.
Application running ...
Build target 'engineerVehicle'
compiling ChassisTask.c...
linking...
Program Size: Code=28594 RO-data=1526 RW-data=352 ZI-data=3128  
FromELF: creating hex file...
".\Objects\engineerVehicle.axf" - 0 Errors, 0 Warning(s).
Build target 'engineerVehicle'
compiling ChassisTask.c...
linking...
Program Size: Code=28594 RO-data=1526 RW-data=352 ZI-data=3128  
FromELF: creating hex file...
".\Objects\engineerVehicle.axf" - 0 Errors, 0 Warning(s).
Load "E:\\RM2018\\engineerVehicle\\Project\\Objects\\engineerVehicle.axf" 
Erase Done.
Programming Done.
Verify OK.
Application running ...
Build target 'engineerVehicle'
compiling ChassisTask.c...
linking...
Program Size: Code=28594 RO-data=1526 RW-data=352 ZI-data=3128  
FromELF: creating hex file...
".\Objects\engineerVehicle.axf" - 0 Errors, 0 Warning(s).
Build target 'engineerVehicle'
compiling ChassisTask.c...
linking...
Program Size: Code=28594 RO-data=1526 RW-data=352 ZI-data=3128  
FromELF: creating hex file...
".\Objects\engineerVehicle.axf" - 0 Errors, 0 Warning(s).
Load "E:\\RM2018\\engineerVehicle\\Project\\Objects\\engineerVehicle.axf" 
Erase Done.
Programming Done.
Verify OK.
Application running ...
Build target 'engineerVehicle'
linking...
Program Size: Code=28594 RO-data=1526 RW-data=352 ZI-data=3128  
FromELF: creating hex file...
".\Objects\engineerVehicle.axf" - 0 Errors, 0 Warning(s).
Build target 'engineerVehicle'
compiling ChassisTask.c...
linking...
Program Size: Code=28594 RO-data=1526 RW-data=352 ZI-data=3128  
FromELF: creating hex file...
".\Objects\engineerVehicle.axf" - 0 Errors, 0 Warning(s).
Load "E:\\RM2018\\engineerVehicle\\Project\\Objects\\engineerVehicle.axf" 
Erase Done.
Programming Done.
Verify OK.
Application running ...
Build target 'engineerVehicle'
compiling ChassisTask.c...
linking...
Program Size: Code=28594 RO-data=1526 RW-data=352 ZI-data=3128  
FromELF: creating hex file...
".\Objects\engineerVehicle.axf" - 0 Errors, 0 Warning(s).
Build target 'engineerVehicle'
linking...
Program Size: Code=28594 RO-data=1526 RW-data=352 ZI-data=3128  
FromELF: creating hex file...
".\Objects\engineerVehicle.axf" - 0 Errors, 0 Warning(s).
Load "E:\\RM2018\\engineerVehicle\\Project\\Objects\\engineerVehicle.axf" 
Erase Done.
Programming Done.
Verify OK.
Application running ...
Build target 'engineerVehicle'
compiling ChassisTask.c...
linking...
Program Size: Code=28594 RO-data=1526 RW-data=352 ZI-data=3128  
FromELF: creating hex file...
".\Objects\engineerVehicle.axf" - 0 Errors, 0 Warning(s).
Load "E:\\RM2018\\engineerVehicle\\Project\\Objects\\engineerVehicle.axf" 
Erase Done.
Programming Done.
Verify OK.
Application running ...
Build target 'engineerVehicle'
compiling ChassisTask.c...
linking...
Program Size: Code=28594 RO-data=1526 RW-data=352 ZI-data=3128  
FromELF: creating hex file...
".\Objects\engineerVehicle.axf" - 0 Errors, 0 Warning(s).
Build target 'engineerVehicle'
compiling ChassisTask.c...
linking...
Program Size: Code=28594 RO-data=1526 RW-data=352 ZI-data=3128  
FromELF: creating hex file...
".\Objects\engineerVehicle.axf" - 0 Errors, 0 Warning(s).
Load "E:\\RM2018\\engineerVehicle\\Project\\Objects\\engineerVehicle.axf" 
Erase Done.
Programming Done.
Verify OK.
Application running ...
